******************************************************************************
                  TI ARM Linker PC v20.2.7                     
******************************************************************************
>> Linked Tue Apr  2 20:10:25 2024

OUTPUT FILE NAME:   <Lab 2(not fun 5).out>
ENTRY POINT SYMBOL: "_c_int00_noargs"  address: 000029a5


MEMORY CONFIGURATION

         name            origin    length      used     unused   attr    fill
----------------------  --------  ---------  --------  --------  ----  --------
  FLASH                 00000000   00040000  00002cd5  0003d32b  R  X
  SRAM                  20000000   00008000  000022d9  00005d27  RW X


SEGMENT ALLOCATION MAP

run origin  load origin   length   init length attrs members
----------  ----------- ---------- ----------- ----- -------
00000000    00000000    00002cd8   00002cd8    r-x
  00000000    00000000    0000026c   0000026c    r-- .intvecs
  0000026c    0000026c    00002920   00002920    r-x .text
  00002b8c    00002b8c    00000109   00000109    r-- .const
  00002c98    00002c98    00000040   00000040    r-- .cinit
20000000    20000000    000022dd   00000000    rw-
  20000000    20000000    0000026c   00000000    rw- .vtable
  20000270    20000270    00001000   00000000    rw- .stack
  20001270    20001270    00001000   00000000    rw- .sysmem
  20002270    20002270    00000058   00000000    rw- .bss
  200022c8    200022c8    00000015   00000000    rw- .data


SECTION ALLOCATION MAP

 output                                  attributes/
section   page    origin      length       input sections
--------  ----  ----------  ----------   ----------------
.intvecs   0    00000000    0000026c     
                  00000000    0000026c     tm4c123gh6pm_startup_ccs.obj (.intvecs)

.text      0    0000026c    00002920     
                  0000026c    00000a4e     rtsv7M4_T_le_v4SPD16_eabi.lib : _printfi.c.obj (.text:__TI_printfi)
                  00000cba    00000002                                   : div0.asm.obj (.text)
                  00000cbc    00000328     lcd.obj (.text)
                  00000fe4    000002a0     ping.obj (.text)
                  00001284    00000270     rtsv7M4_T_le_v4SPD16_eabi.lib : _printfi.c.obj (.text:_pconv_a)
                  000014f4    00000248     Timer.obj (.text)
                  0000173c    000001d0     rtsv7M4_T_le_v4SPD16_eabi.lib : _printfi.c.obj (.text:_pconv_g)
                  0000190c    000001b6                                   : fd_add_t2.asm.obj (.text)
                  00001ac2    00000002     --HOLE-- [fill = 0]
                  00001ac4    00000168     servo.obj (.text)
                  00001c2c    0000013c     rtsv7M4_T_le_v4SPD16_eabi.lib : _printfi.c.obj (.text:_pconv_e)
                  00001d68    00000136                                   : fd_div_t2.asm.obj (.text)
                  00001e9e    00000002     --HOLE-- [fill = 0]
                  00001ea0    00000124                                   : _printfi.c.obj (.text:fcvt)
                  00001fc4    00000110                                   : s_scalbn.c.obj (.text:scalbn)
                  000020d4    000000fc                                   : fd_mul_t2.asm.obj (.text)
                  000021d0    000000b1                                   : _printfi.c.obj (.text:_ltostr)
                  00002281    00000001     --HOLE-- [fill = 0]
                  00002282    0000009c                                   : memcpy_t2.asm.obj (.text)
                  0000231e    00000096                                   : ull_div_t2.asm.obj (.text)
                  000023b4    00000086                                   : fd_cmp_t2.asm.obj (.text:__aeabi_cdcmple)
                  0000243a    00000086                                   : fd_cmp_t2.asm.obj (.text:__aeabi_cdrcmple)
                  000024c0    0000007a                                   : memset_t2.asm.obj (.text)
                  0000253a    0000006e                                   : _printfi.c.obj (.text:_mcpy)
                  000025a8    0000006e                                   : fd_tos_t2.asm.obj (.text)
                  00002616    00000068                                   : copy_decompress_lzss.c.obj (.text:decompress:lzss:__TI_decompress_lzss)
                  0000267e    00000002     --HOLE-- [fill = 0]
                  00002680    00000064                                   : s_frexp.c.obj (.text:frexp)
                  000026e4    00000056                                   : _printfi.c.obj (.text:_pconv_f)
                  0000273a    00000054                                   : _ltoa.c.obj (.text:__TI_ltoa)
                  0000278e    00000052                                   : _printfi.c.obj (.text:_ecpy)
                  000027e0    0000004c                                   : atoi.c.obj (.text:atoi)
                  0000282c    00000048                                   : fd_toi_t2.asm.obj (.text)
                  00002874    00000044                                   : autoinit.c.obj (.text:__TI_auto_init_nobinit_nopinit:__TI_auto_init_nobinit_nopinit)
                  000028b8    00000040                                   : vsnprintf.c.obj (.text:vsnprintf)
                  000028f8    0000003e                                   : _printfi.c.obj (.text:_fcpy)
                  00002936    00000038                                   : fs_tod_t2.asm.obj (.text)
                  0000296e    00000002     --HOLE-- [fill = 0]
                  00002970    00000034     driverlib.lib : interrupt.obj (.text:IntRegister)
                  000029a4    00000034     rtsv7M4_T_le_v4SPD16_eabi.lib : boot_cortex_m.c.obj (.text:_c_int00_noargs:_c_int00_noargs)
                  000029d8    00000030                                   : vsnprintf.c.obj (.text:_outs)
                  00002a08    0000002e     lab9_template.obj (.text)
                  00002a36    0000002e     rtsv7M4_T_le_v4SPD16_eabi.lib : i_tofd_t2.asm.obj (.text)
                  00002a64    0000001c                                   : copy_zero_init.c.obj (.text:decompress:ZI:__TI_zero_init_nomemset:__TI_zero_init_nomemset)
                  00002a80    0000001c                                   : memccpy.c.obj (.text:memccpy)
                  00002a9c    0000001a                                   : s_copysign.c.obj (.text:copysign)
                  00002ab6    00000018                                   : vsnprintf.c.obj (.text:_outc)
                  00002ace    00000018                                   : strcmp.c.obj (.text:strcmp)
                  00002ae6    00000016                                   : strchr.c.obj (.text:strchr)
                  00002afc    00000014                                   : strcpy.c.obj (.text:strcpy)
                  00002b10    00000014                                   : strlen.c.obj (.text:strlen)
                  00002b24    00000012                                   : wcslen.c.obj (.text:wcslen)
                  00002b36    00000010     driverlib.lib : interrupt.obj (.text:IntMasterEnable)
                  00002b46    00000010     lcd.obj (.text:lcd_clear)
                  00002b56    0000000e     rtsv7M4_T_le_v4SPD16_eabi.lib : copy_decompress_none.c.obj (.text:decompress:none:__TI_decompress_none)
                  00002b64    0000000c     driverlib.lib : cpu.obj (.text:CPUcpsie)
                  00002b70    0000000c     tm4c123gh6pm_startup_ccs.obj (.text)
                  00002b7c    00000008     rtsv7M4_T_le_v4SPD16_eabi.lib : errno.c.obj (.text:__aeabi_errno_addr)
                  00002b84    00000004                                   : pre_init.c.obj (.text:_system_pre_init)
                  00002b88    00000004                                   : exit.c.obj (.text:abort:abort)

.const     0    00002b8c    00000109     
                  00002b8c    00000101     rtsv7M4_T_le_v4SPD16_eabi.lib : ctype.c.obj (.const:.string:_ctypes_)
                  00002c8d    00000004     lcd.obj (.const:.string:lineAddress$1)
                  00002c91    00000004     lcd.obj (.const:.string:lineAddresses$2)

.cinit     0    00002c98    00000040     
                  00002c98    0000000c     (.cinit..data.load) [load image, compression = lzss]
                  00002ca4    0000000c     (__TI_handler_table)
                  00002cb0    00000008     (.cinit..bss.load) [load image, compression = zero_init]
                  00002cb8    00000008     (.cinit..vtable.load) [load image, compression = zero_init]
                  00002cc0    00000018     (__TI_cinit_table)

.init_array 
*          0    00000000    00000000     UNINITIALIZED

.vtable    0    20000000    0000026c     UNINITIALIZED
                  20000000    0000026c     driverlib.lib : interrupt.obj (.vtable)

.stack     0    20000270    00001000     UNINITIALIZED
                  20000270    00000004     rtsv7M4_T_le_v4SPD16_eabi.lib : boot_cortex_m.c.obj (.stack)
                  20000274    00000ffc     --HOLE--

.sysmem    0    20001270    00001000     UNINITIALIZED
                  20001270    00000010     rtsv7M4_T_le_v4SPD16_eabi.lib : memory.c.obj (.sysmem)
                  20001280    00000ff0     --HOLE--

.bss       0    20002270    00000058     UNINITIALIZED
                  20002270    00000054     lcd.obj (.bss:lastbuffer$3)
                  200022c4    00000004     (.common:_timeout_ticks)

.data      0    200022c8    00000015     UNINITIALIZED
                  200022c8    00000010     ping.obj (.data)
                  200022d8    00000004     rtsv7M4_T_le_v4SPD16_eabi.lib : errno.c.obj (.data)
                  200022dc    00000001     Timer.obj (.data)

__llvm_prf_cnts 
*          0    20000000    00000000     UNINITIALIZED

MODULE SUMMARY

       Module                         code    ro data   rw data
       ------                         ----    -------   -------
    .\
       lcd.obj                        824     8         84     
       ping.obj                       672     0         16     
       tm4c123gh6pm_startup_ccs.obj   12      620       0      
       Timer.obj                      584     0         5      
       servo.obj                      360     0         0      
       lab9_template.obj              46      0         0      
    +--+------------------------------+-------+---------+---------+
       Total:                         2498    628       105    
                                                               
    C:/ti/TivaWare_C_Series-2.2.0.295/driverlib/ccs/Debug/driverlib.lib
       interrupt.obj                  68      0         620    
       cpu.obj                        12      0         0      
    +--+------------------------------+-------+---------+---------+
       Total:                         80      0         620    
                                                               
    C:\ti\ccs1230\ccs\tools\compiler\ti-cgt-arm_20.2.7.LTS\lib\rtsv7M4_T_le_v4SPD16_eabi.lib
       _printfi.c.obj                 4851    0         0      
       fd_add_t2.asm.obj              438     0         0      
       fd_div_t2.asm.obj              310     0         0      
       s_scalbn.c.obj                 272     0         0      
       fd_cmp_t2.asm.obj              268     0         0      
       ctype.c.obj                    0       257       0      
       fd_mul_t2.asm.obj              252     0         0      
       memcpy_t2.asm.obj              156     0         0      
       ull_div_t2.asm.obj             150     0         0      
       vsnprintf.c.obj                136     0         0      
       memset_t2.asm.obj              122     0         0      
       fd_tos_t2.asm.obj              110     0         0      
       copy_decompress_lzss.c.obj     104     0         0      
       s_frexp.c.obj                  100     0         0      
       _ltoa.c.obj                    84      0         0      
       atoi.c.obj                     76      0         0      
       fd_toi_t2.asm.obj              72      0         0      
       autoinit.c.obj                 68      0         0      
       fs_tod_t2.asm.obj              56      0         0      
       boot_cortex_m.c.obj            52      0         0      
       i_tofd_t2.asm.obj              46      0         0      
       copy_zero_init.c.obj           28      0         0      
       memccpy.c.obj                  28      0         0      
       s_copysign.c.obj               26      0         0      
       strcmp.c.obj                   24      0         0      
       strchr.c.obj                   22      0         0      
       strcpy.c.obj                   20      0         0      
       strlen.c.obj                   20      0         0      
       wcslen.c.obj                   18      0         0      
       copy_decompress_none.c.obj     14      0         0      
       errno.c.obj                    8       0         4      
       exit.c.obj                     4       0         0      
       pre_init.c.obj                 4       0         0      
       div0.asm.obj                   2       0         0      
    +--+------------------------------+-------+---------+---------+
       Total:                         7941    257       4      
                                                               
       Heap:                          0       0         4096   
       Stack:                         0       0         4096   
       Linker Generated:              0       64        0      
    +--+------------------------------+-------+---------+---------+
       Grand Total:                   10519   949       8921   


LINKER GENERATED COPY TABLES

__TI_cinit_table @ 00002cc0 records: 3, size/record: 8, table size: 24
	.data: load addr=00002c98, load size=0000000c bytes, run addr=200022c8, run size=00000015 bytes, compression=lzss
	.bss: load addr=00002cb0, load size=00000008 bytes, run addr=20002270, run size=00000058 bytes, compression=zero_init
	.vtable: load addr=00002cb8, load size=00000008 bytes, run addr=20000000, run size=0000026c bytes, compression=zero_init


LINKER GENERATED HANDLER TABLE

__TI_handler_table @ 00002ca4 records: 3, size/record: 4, table size: 12
	index: 0, handler: __TI_zero_init
	index: 1, handler: __TI_decompress_lzss
	index: 2, handler: __TI_decompress_none


GLOBAL SYMBOLS: SORTED ALPHABETICALLY BY Name 

address   name                          
-------   ----                          
00002b89  C$$EXIT                       
00002b65  CPUcpsie                      
200022cc  END_TIME                      
00002b37  IntMasterEnable               
00002971  IntRegister                   
00002b71  ResetISR                      
200022c8  START_TIME                    
200022d0  STATE                         
0000113d  TIMER3B_Handler               
20001270  __STACK_END                   
00001000  __STACK_SIZE                  
20000470  __STACK_TOP                   
00001000  __SYSMEM_SIZE                 
00002cc0  __TI_CINIT_Base               
00002cd8  __TI_CINIT_Limit              
00002ca4  __TI_Handler_Table_Base       
00002cb0  __TI_Handler_Table_Limit      
00002875  __TI_auto_init_nobinit_nopinit
00002617  __TI_decompress_lzss          
00002b57  __TI_decompress_none          
0000273b  __TI_ltoa                     
ffffffff  __TI_pprof_out_hndl           
0000026d  __TI_printfi                  
ffffffff  __TI_prof_data_size           
ffffffff  __TI_prof_data_start          
00000000  __TI_static_base__            
00002a65  __TI_zero_init_nomemset       
000023b5  __aeabi_cdcmpeq               
000023b5  __aeabi_cdcmple               
0000243b  __aeabi_cdrcmple              
000025a9  __aeabi_d2f                   
0000282d  __aeabi_d2iz                  
00001917  __aeabi_dadd                  
00001d69  __aeabi_ddiv                  
000020d5  __aeabi_dmul                  
0000190d  __aeabi_dsub                  
00002b7d  __aeabi_errno_addr            
00002937  __aeabi_f2d                   
00002a37  __aeabi_i2d                   
00000cbb  __aeabi_idiv0                 
00000cbb  __aeabi_ldiv0                 
000024c1  __aeabi_memclr                
000024c1  __aeabi_memclr4               
000024c1  __aeabi_memclr8               
00002283  __aeabi_memcpy                
00002283  __aeabi_memcpy4               
00002283  __aeabi_memcpy8               
000024c3  __aeabi_memset                
000024c3  __aeabi_memset4               
000024c3  __aeabi_memset8               
0000231f  __aeabi_uldivmod              
ffffffff  __binit__                     
ffffffff  __c_args__                    
UNDEFED   __mpu_init                    
20000270  __stack                       
20000000  __start___llvm_prf_cnts       
20000000  __stop___llvm_prf_cnts        
000029a5  _c_int00_noargs               
00002b8c  _ctypes_                      
200022dc  _running                      
20001270  _sys_memory                   
UNDEFED   _system_post_cinit            
00002b85  _system_pre_init              
200022c4  _timeout_ticks                
00002b89  abort                         
000027e1  atoi                          
ffffffff  binit                         
00002a9d  copysign                      
00002a9d  copysignl                     
200022d8  errno                         
00002681  frexp                         
00002681  frexpl                        
20000000  g_pfnRAMVectors               
00000000  g_pfnVectors                  
00002b47  lcd_clear                     
00000e91  lcd_gotoLine                  
00000cf9  lcd_init                      
00000ef7  lcd_printf                    
00000db9  lcd_putc                      
00000df1  lcd_puts                      
00000cbd  lcd_reverseNibble             
00000e0f  lcd_sendCommand               
00000e4d  lcd_sendNibble                
00000eb9  lcd_setCursorPos              
00001fc5  ldexp                         
00001fc5  ldexpl                        
00002a09  main                          
00002a81  memccpy                       
00002283  memcpy                        
000024c9  memset                        
200022d4  overflow                      
0000118b  ping_getDistance              
00000fe5  ping_init                     
000010bb  ping_trigger                  
00001fc5  scalbn                        
00001fc5  scalbnl                       
00001ac5  servo_init                    
00001b53  servo_move                    
00002ae7  strchr                        
00002acf  strcmp                        
00002afd  strcpy                        
00002b11  strlen                        
00001613  timer_getMicros               
000015bb  timer_getMillis               
000014f5  timer_init                    
00001597  timer_pause                   
000015a9  timer_resume                  
0000156d  timer_stop                    
0000166d  timer_waitMicros              
0000169f  timer_waitMillis              
000028b9  vsnprintf                     
00002b25  wcslen                        


GLOBAL SYMBOLS: SORTED BY Symbol Address 

address   name                          
-------   ----                          
00000000  __TI_static_base__            
00000000  g_pfnVectors                  
0000026d  __TI_printfi                  
00000cbb  __aeabi_idiv0                 
00000cbb  __aeabi_ldiv0                 
00000cbd  lcd_reverseNibble             
00000cf9  lcd_init                      
00000db9  lcd_putc                      
00000df1  lcd_puts                      
00000e0f  lcd_sendCommand               
00000e4d  lcd_sendNibble                
00000e91  lcd_gotoLine                  
00000eb9  lcd_setCursorPos              
00000ef7  lcd_printf                    
00000fe5  ping_init                     
00001000  __STACK_SIZE                  
00001000  __SYSMEM_SIZE                 
000010bb  ping_trigger                  
0000113d  TIMER3B_Handler               
0000118b  ping_getDistance              
000014f5  timer_init                    
0000156d  timer_stop                    
00001597  timer_pause                   
000015a9  timer_resume                  
000015bb  timer_getMillis               
00001613  timer_getMicros               
0000166d  timer_waitMicros              
0000169f  timer_waitMillis              
0000190d  __aeabi_dsub                  
00001917  __aeabi_dadd                  
00001ac5  servo_init                    
00001b53  servo_move                    
00001d69  __aeabi_ddiv                  
00001fc5  ldexp                         
00001fc5  ldexpl                        
00001fc5  scalbn                        
00001fc5  scalbnl                       
000020d5  __aeabi_dmul                  
00002283  __aeabi_memcpy                
00002283  __aeabi_memcpy4               
00002283  __aeabi_memcpy8               
00002283  memcpy                        
0000231f  __aeabi_uldivmod              
000023b5  __aeabi_cdcmpeq               
000023b5  __aeabi_cdcmple               
0000243b  __aeabi_cdrcmple              
000024c1  __aeabi_memclr                
000024c1  __aeabi_memclr4               
000024c1  __aeabi_memclr8               
000024c3  __aeabi_memset                
000024c3  __aeabi_memset4               
000024c3  __aeabi_memset8               
000024c9  memset                        
000025a9  __aeabi_d2f                   
00002617  __TI_decompress_lzss          
00002681  frexp                         
00002681  frexpl                        
0000273b  __TI_ltoa                     
000027e1  atoi                          
0000282d  __aeabi_d2iz                  
00002875  __TI_auto_init_nobinit_nopinit
000028b9  vsnprintf                     
00002937  __aeabi_f2d                   
00002971  IntRegister                   
000029a5  _c_int00_noargs               
00002a09  main                          
00002a37  __aeabi_i2d                   
00002a65  __TI_zero_init_nomemset       
00002a81  memccpy                       
00002a9d  copysign                      
00002a9d  copysignl                     
00002acf  strcmp                        
00002ae7  strchr                        
00002afd  strcpy                        
00002b11  strlen                        
00002b25  wcslen                        
00002b37  IntMasterEnable               
00002b47  lcd_clear                     
00002b57  __TI_decompress_none          
00002b65  CPUcpsie                      
00002b71  ResetISR                      
00002b7d  __aeabi_errno_addr            
00002b85  _system_pre_init              
00002b89  C$$EXIT                       
00002b89  abort                         
00002b8c  _ctypes_                      
00002ca4  __TI_Handler_Table_Base       
00002cb0  __TI_Handler_Table_Limit      
00002cc0  __TI_CINIT_Base               
00002cd8  __TI_CINIT_Limit              
20000000  __start___llvm_prf_cnts       
20000000  __stop___llvm_prf_cnts        
20000000  g_pfnRAMVectors               
20000270  __stack                       
20000470  __STACK_TOP                   
20001270  __STACK_END                   
20001270  _sys_memory                   
200022c4  _timeout_ticks                
200022c8  START_TIME                    
200022cc  END_TIME                      
200022d0  STATE                         
200022d4  overflow                      
200022d8  errno                         
200022dc  _running                      
ffffffff  __TI_pprof_out_hndl           
ffffffff  __TI_prof_data_size           
ffffffff  __TI_prof_data_start          
ffffffff  __binit__                     
ffffffff  __c_args__                    
ffffffff  binit                         
UNDEFED   __mpu_init                    
UNDEFED   _system_post_cinit            

[112 symbols]
