******************************************************************************
                  TI ARM Linker PC v20.2.7                     
******************************************************************************
>> Linked Tue Feb 27 18:08:25 2024

OUTPUT FILE NAME:   <Lab5.out>
ENTRY POINT SYMBOL: "_c_int00_noargs"  address: 000030a1


MEMORY CONFIGURATION

         name            origin    length      used     unused   attr    fill
----------------------  --------  ---------  --------  --------  ----  --------
  FLASH                 00000000   00040000  000033c5  0003cc3b  R  X
  SRAM                  20000000   00008000  0000231e  00005ce2  RW X


SEGMENT ALLOCATION MAP

run origin  load origin   length   init length attrs members
----------  ----------- ---------- ----------- ----- -------
00000000    00000000    000033c8   000033c8    r-x
  00000000    00000000    0000026c   0000026c    r-- .intvecs
  0000026c    0000026c    00003010   00003010    r-x .text
  0000327c    0000327c    00000109   00000109    r-- .const
  00003388    00003388    00000040   00000040    r-- .cinit
20000000    20000000    00002325   00000000    rw-
  20000000    20000000    0000026c   00000000    rw- .vtable
  20000270    20000270    00001000   00000000    rw- .stack
  20001270    20001270    00001000   00000000    rw- .sysmem
  20002270    20002270    000000a5   00000000    rw- .bss
  20002318    20002318    0000000d   00000000    rw- .data


SECTION ALLOCATION MAP

 output                                  attributes/
section   page    origin      length       input sections
--------  ----  ----------  ----------   ----------------
.intvecs   0    00000000    0000026c     
                  00000000    0000026c     tm4c123gh6pm_startup_ccs.obj (.intvecs)

.text      0    0000026c    00003010     
                  0000026c    00000a4e     rtsv7M4_T_le_v4SPD16_eabi.lib : _printfi.c.obj (.text:__TI_printfi)
                  00000cba    00000002                                   : div0.asm.obj (.text)
                  00000cbc    00000328     lcd.obj (.text)
                  00000fe4    000002a8     libcybotUART.lib : uart.obj (.text)
                  0000128c    00000270     rtsv7M4_T_le_v4SPD16_eabi.lib : _printfi.c.obj (.text:_pconv_a)
                  000014fc    00000260     libcybotScan.lib : cyBot_Scan.obj (.text)
                  0000175c    00000248     Timer.obj (.text)
                  000019a4    000001ec     libcybotScan.lib : ping.obj (.text)
                  00001b90    000001d0     rtsv7M4_T_le_v4SPD16_eabi.lib : _printfi.c.obj (.text:_pconv_g)
                  00001d60    000001b6                                   : fd_add_t2.asm.obj (.text)
                  00001f16    00000002     --HOLE-- [fill = 0]
                  00001f18    00000158     libcybotScan.lib : servo.obj (.text)
                  00002070    0000013c     rtsv7M4_T_le_v4SPD16_eabi.lib : _printfi.c.obj (.text:_pconv_e)
                  000021ac    00000136                                   : fd_div_t2.asm.obj (.text)
                  000022e2    00000002     --HOLE-- [fill = 0]
                  000022e4    00000130     uart.obj (.text)
                  00002414    00000124     rtsv7M4_T_le_v4SPD16_eabi.lib : _printfi.c.obj (.text:fcvt)
                  00002538    00000118     libcybotScan.lib : ir.obj (.text)
                  00002650    00000110     rtsv7M4_T_le_v4SPD16_eabi.lib : s_scalbn.c.obj (.text:scalbn)
                  00002760    000000fc                                   : fd_mul_t2.asm.obj (.text)
                  0000285c    000000d8     lab5_template.obj (.text)
                  00002934    000000b1     rtsv7M4_T_le_v4SPD16_eabi.lib : _printfi.c.obj (.text:_ltostr)
                  000029e5    00000001     --HOLE-- [fill = 0]
                  000029e6    0000009c                                   : memcpy_t2.asm.obj (.text)
                  00002a82    00000096                                   : ull_div_t2.asm.obj (.text)
                  00002b18    00000086                                   : fd_cmp_t2.asm.obj (.text:__aeabi_cdcmple)
                  00002b9e    00000086                                   : fd_cmp_t2.asm.obj (.text:__aeabi_cdrcmple)
                  00002c24    0000007a                                   : memset_t2.asm.obj (.text)
                  00002c9e    0000006e                                   : _printfi.c.obj (.text:_mcpy)
                  00002d0c    00000068                                   : copy_decompress_lzss.c.obj (.text:decompress:lzss:__TI_decompress_lzss)
                  00002d74    00000064                                   : s_frexp.c.obj (.text:frexp)
                  00002dd8    00000056                                   : _printfi.c.obj (.text:_pconv_f)
                  00002e2e    00000054                                   : _ltoa.c.obj (.text:__TI_ltoa)
                  00002e82    00000052                                   : _printfi.c.obj (.text:_ecpy)
                  00002ed4    0000004c                                   : atoi.c.obj (.text:atoi)
                  00002f20    00000048                                   : fd_toi_t2.asm.obj (.text)
                  00002f68    00000044                                   : autoinit.c.obj (.text:__TI_auto_init_nobinit_nopinit:__TI_auto_init_nobinit_nopinit)
                  00002fac    00000040                                   : sprintf.c.obj (.text:sprintf)
                  00002fec    00000040                                   : vsnprintf.c.obj (.text:vsnprintf)
                  0000302c    0000003e                                   : _printfi.c.obj (.text:_fcpy)
                  0000306a    00000002     --HOLE-- [fill = 0]
                  0000306c    00000034     driverlib.lib : interrupt.obj (.text:IntRegister)
                  000030a0    00000034     rtsv7M4_T_le_v4SPD16_eabi.lib : boot_cortex_m.c.obj (.text:_c_int00_noargs:_c_int00_noargs)
                  000030d4    00000030                                   : vsnprintf.c.obj (.text:_outs)
                  00003104    0000002e                                   : i_tofd_t2.asm.obj (.text)
                  00003132    0000001c                                   : copy_zero_init.c.obj (.text:decompress:ZI:__TI_zero_init_nomemset:__TI_zero_init_nomemset)
                  0000314e    0000001c                                   : memccpy.c.obj (.text:memccpy)
                  0000316a    0000001a                                   : s_copysign.c.obj (.text:copysign)
                  00003184    00000018                                   : vsnprintf.c.obj (.text:_outc)
                  0000319c    00000018                                   : sprintf.c.obj (.text:_outs)
                  000031b4    00000018                                   : strcmp.c.obj (.text:strcmp)
                  000031cc    00000016                                   : strchr.c.obj (.text:strchr)
                  000031e2    00000014                                   : strcpy.c.obj (.text:strcpy)
                  000031f6    00000014                                   : strlen.c.obj (.text:strlen)
                  0000320a    00000012                                   : wcslen.c.obj (.text:wcslen)
                  0000321c    00000010     driverlib.lib : interrupt.obj (.text:IntMasterEnable)
                  0000322c    00000010     lcd.obj (.text:lcd_clear)
                  0000323c    0000000e     rtsv7M4_T_le_v4SPD16_eabi.lib : copy_decompress_none.c.obj (.text:decompress:none:__TI_decompress_none)
                  0000324a    0000000c     driverlib.lib : cpu.obj (.text:CPUcpsie)
                  00003256    0000000c     tm4c123gh6pm_startup_ccs.obj (.text)
                  00003262    0000000a     rtsv7M4_T_le_v4SPD16_eabi.lib : sprintf.c.obj (.text:_outc)
                  0000326c    00000008                                   : errno.c.obj (.text:__aeabi_errno_addr)
                  00003274    00000004                                   : pre_init.c.obj (.text:_system_pre_init)
                  00003278    00000004                                   : exit.c.obj (.text:abort:abort)

.const     0    0000327c    00000109     
                  0000327c    00000101     rtsv7M4_T_le_v4SPD16_eabi.lib : ctype.c.obj (.const:.string:_ctypes_)
                  0000337d    00000004     lcd.obj (.const:.string:lineAddress$1)
                  00003381    00000004     lcd.obj (.const:.string:lineAddresses$2)

.cinit     0    00003388    00000040     
                  00003388    0000000c     (__TI_handler_table)
                  00003394    00000004     --HOLE-- [fill = 0]
                  00003398    00000008     (.cinit..bss.load) [load image, compression = zero_init]
                  000033a0    00000008     (.cinit..vtable.load) [load image, compression = zero_init]
                  000033a8    00000007     (.cinit..data.load) [load image, compression = lzss]
                  000033af    00000001     --HOLE-- [fill = 0]
                  000033b0    00000018     (__TI_cinit_table)

.init_array 
*          0    00000000    00000000     UNINITIALIZED

.vtable    0    20000000    0000026c     UNINITIALIZED
                  20000000    0000026c     driverlib.lib : interrupt.obj (.vtable)

.stack     0    20000270    00001000     UNINITIALIZED
                  20000270    00000004     rtsv7M4_T_le_v4SPD16_eabi.lib : boot_cortex_m.c.obj (.stack)
                  20000274    00000ffc     --HOLE--

.sysmem    0    20001270    00001000     UNINITIALIZED
                  20001270    00000010     rtsv7M4_T_le_v4SPD16_eabi.lib : memory.c.obj (.sysmem)
                  20001280    00000ff0     --HOLE--

.bss       0    20002270    000000a5     UNINITIALIZED
                  20002270    00000054     lcd.obj (.bss:lastbuffer$3)
                  200022c4    00000034     (.common:isr_char_buffer)
                  200022f8    00000004     (.common:_timeout_ticks)
                  200022fc    00000004     (.common:fallingEdge)
                  20002300    00000004     (.common:isr_int_value)
                  20002304    00000004     (.common:left_calibration_value)
                  20002308    00000004     (.common:pulseLength)
                  2000230c    00000004     (.common:right_calibration_value)
                  20002310    00000004     (.common:risingEdge)
                  20002314    00000001     (.common:isRisingEdge)

.data      0    20002318    0000000d     UNINITIALIZED
                  20002318    00000004     libcybotScan.lib : cyBot_Scan.obj (.data)
                  2000231c    00000004     libcybotUART.lib : uart.obj (.data)
                  20002320    00000004     rtsv7M4_T_le_v4SPD16_eabi.lib : errno.c.obj (.data)
                  20002324    00000001     Timer.obj (.data)

__llvm_prf_cnts 
*          0    20000000    00000000     UNINITIALIZED

MODULE SUMMARY

       Module                         code    ro data   rw data
       ------                         ----    -------   -------
    .\
       lcd.obj                        824     8         84     
       tm4c123gh6pm_startup_ccs.obj   12      620       0      
       Timer.obj                      584     0         5      
       uart.obj                       304     0         0      
       lab5_template.obj              216     0         8      
    +--+------------------------------+-------+---------+---------+
       Total:                         1940    628       97     
                                                               
    ../libcybotScan.lib
       cyBot_Scan.obj                 608     0         4      
       ping.obj                       492     0         13     
       servo.obj                      344     0         0      
       ir.obj                         280     0         4      
    +--+------------------------------+-------+---------+---------+
       Total:                         1724    0         21     
                                                               
    ../libcybotUART.lib
       uart.obj                       680     0         56     
    +--+------------------------------+-------+---------+---------+
       Total:                         680     0         56     
                                                               
    C:/ti/TivaWare_C_Series-2.2.0.295/driverlib/ccs/Debug/driverlib.lib
       interrupt.obj                  68      0         620    
       cpu.obj                        12      0         0      
    +--+------------------------------+-------+---------+---------+
       Total:                         80      0         620    
                                                               
    C:\ti\ccs1230\ccs\tools\compiler\ti-cgt-arm_20.2.7.LTS\lib\rtsv7M4_T_le_v4SPD16_eabi.lib
       _printfi.c.obj                 4851    0         0      
       fd_add_t2.asm.obj              438     0         0      
       fd_div_t2.asm.obj              310     0         0      
       s_scalbn.c.obj                 272     0         0      
       fd_cmp_t2.asm.obj              268     0         0      
       ctype.c.obj                    0       257       0      
       fd_mul_t2.asm.obj              252     0         0      
       memcpy_t2.asm.obj              156     0         0      
       ull_div_t2.asm.obj             150     0         0      
       vsnprintf.c.obj                136     0         0      
       memset_t2.asm.obj              122     0         0      
       copy_decompress_lzss.c.obj     104     0         0      
       s_frexp.c.obj                  100     0         0      
       sprintf.c.obj                  98      0         0      
       _ltoa.c.obj                    84      0         0      
       atoi.c.obj                     76      0         0      
       fd_toi_t2.asm.obj              72      0         0      
       autoinit.c.obj                 68      0         0      
       boot_cortex_m.c.obj            52      0         0      
       i_tofd_t2.asm.obj              46      0         0      
       copy_zero_init.c.obj           28      0         0      
       memccpy.c.obj                  28      0         0      
       s_copysign.c.obj               26      0         0      
       strcmp.c.obj                   24      0         0      
       strchr.c.obj                   22      0         0      
       strcpy.c.obj                   20      0         0      
       strlen.c.obj                   20      0         0      
       wcslen.c.obj                   18      0         0      
       copy_decompress_none.c.obj     14      0         0      
       errno.c.obj                    8       0         4      
       exit.c.obj                     4       0         0      
       pre_init.c.obj                 4       0         0      
       div0.asm.obj                   2       0         0      
    +--+------------------------------+-------+---------+---------+
       Total:                         7873    257       4      
                                                               
       Heap:                          0       0         4096   
       Stack:                         0       0         4096   
       Linker Generated:              0       59        0      
    +--+------------------------------+-------+---------+---------+
       Grand Total:                   12297   944       8990   


LINKER GENERATED COPY TABLES

__TI_cinit_table @ 000033b0 records: 3, size/record: 8, table size: 24
	.bss: load addr=00003398, load size=00000008 bytes, run addr=20002270, run size=000000a5 bytes, compression=zero_init
	.vtable: load addr=000033a0, load size=00000008 bytes, run addr=20000000, run size=0000026c bytes, compression=zero_init
	.data: load addr=000033a8, load size=00000007 bytes, run addr=20002318, run size=0000000d bytes, compression=lzss


LINKER GENERATED HANDLER TABLE

__TI_handler_table @ 00003388 records: 3, size/record: 4, table size: 12
	index: 0, handler: __TI_zero_init
	index: 1, handler: __TI_decompress_lzss
	index: 2, handler: __TI_decompress_none


GLOBAL SYMBOLS: SORTED ALPHABETICALLY BY Name 

address   name                          
-------   ----                          
000025d1  ADC0SS0_Handler               
00003279  C$$EXIT                       
0000324b  CPUcpsie                      
0000321d  IntMasterEnable               
0000306d  IntRegister                   
00003257  ResetISR                      
00001a95  TIMER3B_Handler               
20001270  __STACK_END                   
00001000  __STACK_SIZE                  
20000470  __STACK_TOP                   
00001000  __SYSMEM_SIZE                 
000033b0  __TI_CINIT_Base               
000033c8  __TI_CINIT_Limit              
00003388  __TI_Handler_Table_Base       
00003394  __TI_Handler_Table_Limit      
00002f69  __TI_auto_init_nobinit_nopinit
00002d0d  __TI_decompress_lzss          
0000323d  __TI_decompress_none          
00002e2f  __TI_ltoa                     
ffffffff  __TI_pprof_out_hndl           
0000026d  __TI_printfi                  
ffffffff  __TI_prof_data_size           
ffffffff  __TI_prof_data_start          
00000000  __TI_static_base__            
00003133  __TI_zero_init_nomemset       
00002b19  __aeabi_cdcmpeq               
00002b19  __aeabi_cdcmple               
00002b9f  __aeabi_cdrcmple              
00002f21  __aeabi_d2iz                  
00001d6b  __aeabi_dadd                  
000021ad  __aeabi_ddiv                  
00002761  __aeabi_dmul                  
00001d61  __aeabi_dsub                  
0000326d  __aeabi_errno_addr            
00003105  __aeabi_i2d                   
00000cbb  __aeabi_idiv0                 
00000cbb  __aeabi_ldiv0                 
00002c25  __aeabi_memclr                
00002c25  __aeabi_memclr4               
00002c25  __aeabi_memclr8               
000029e7  __aeabi_memcpy                
000029e7  __aeabi_memcpy4               
000029e7  __aeabi_memcpy8               
00002c27  __aeabi_memset                
00002c27  __aeabi_memset4               
00002c27  __aeabi_memset8               
00002a83  __aeabi_uldivmod              
ffffffff  __binit__                     
ffffffff  __c_args__                    
UNDEFED   __mpu_init                    
20000270  __stack                       
20000000  __start___llvm_prf_cnts       
20000000  __stop___llvm_prf_cnts        
000030a1  _c_int00_noargs               
0000327c  _ctypes_                      
20002324  _running                      
20001270  _sys_memory                   
UNDEFED   _system_post_cinit            
00003275  _system_pre_init              
200022f8  _timeout_ticks                
00003279  abort                         
00002ed5  atoi                          
ffffffff  binit                         
0000316b  copysign                      
0000316b  copysignl                     
000015d5  cyBOT_SERVO_cal               
00001563  cyBOT_Scan                    
0000150b  cyBOT_init_Scan               
20002318  cyBOT_scan_features           
000014fd  cyBOT_scan_version            
00001231  cyBot_UART1_Handler           
00001223  cyBot_getByte_blocking        
00001203  cyBot_getByte_nonblocking     
00000fe5  cyBot_sendByte                
000011e9  cyBot_uart_flush              
00001153  cyBot_uart_init               
000010f3  cyBot_uart_init_PHJ_first_half
0000109b  cyBot_uart_init_clean         
00001023  cyBot_uart_init_last_half     
0000100b  cyBot_uart_sendBuffer         
00000ff1  cyBot_uart_sendStr            
20002320  errno                         
200022fc  fallingEdge                   
00002d75  frexp                         
00002d75  frexpl                        
20000000  g_pfnRAMVectors               
00000000  g_pfnVectors                  
000025e7  ir_enableInterrupt            
000025c9  ir_getDistance                
000025a1  ir_getValue                   
00002539  ir_init                       
20002314  isRisingEdge                  
200022c4  isr_char_buffer               
2000231c  isr_counter                   
20002300  isr_int_value                 
0000322d  lcd_clear                     
00000e91  lcd_gotoLine                  
00000cf9  lcd_init                      
00000ef7  lcd_printf                    
00000db9  lcd_putc                      
00000df1  lcd_puts                      
00000cbd  lcd_reverseNibble             
00000e0f  lcd_sendCommand               
00000e4d  lcd_sendNibble                
00000eb9  lcd_setCursorPos              
00002651  ldexp                         
00002651  ldexpl                        
20002304  left_calibration_value        
0000285d  main                          
0000314f  memccpy                       
000029e7  memcpy                        
00002c2d  memset                        
00001ae7  ping_getDistance              
000019a5  ping_init                     
00001a2b  ping_trigger                  
20002308  pulseLength                   
2000230c  right_calibration_value       
20002310  risingEdge                    
00002651  scalbn                        
00002651  scalbnl                       
00001f19  servo_init                    
00001fa9  servo_move                    
00002009  servo_setPWM                  
00001f9d  servo_stop                    
00002fad  sprintf                       
000031cd  strchr                        
000031b5  strcmp                        
000031e3  strcpy                        
000031f7  strlen                        
0000187b  timer_getMicros               
00001823  timer_getMillis               
0000175d  timer_init                    
000017ff  timer_pause                   
00001811  timer_resume                  
000017d5  timer_stop                    
000018d5  timer_waitMicros              
00001907  timer_waitMillis              
000022e5  uart_init                     
00002385  uart_receive                  
00002369  uart_sendChar                 
000023bb  uart_sendStr                  
00002fed  vsnprintf                     
0000320b  wcslen                        


GLOBAL SYMBOLS: SORTED BY Symbol Address 

address   name                          
-------   ----                          
00000000  __TI_static_base__            
00000000  g_pfnVectors                  
0000026d  __TI_printfi                  
00000cbb  __aeabi_idiv0                 
00000cbb  __aeabi_ldiv0                 
00000cbd  lcd_reverseNibble             
00000cf9  lcd_init                      
00000db9  lcd_putc                      
00000df1  lcd_puts                      
00000e0f  lcd_sendCommand               
00000e4d  lcd_sendNibble                
00000e91  lcd_gotoLine                  
00000eb9  lcd_setCursorPos              
00000ef7  lcd_printf                    
00000fe5  cyBot_sendByte                
00000ff1  cyBot_uart_sendStr            
00001000  __STACK_SIZE                  
00001000  __SYSMEM_SIZE                 
0000100b  cyBot_uart_sendBuffer         
00001023  cyBot_uart_init_last_half     
0000109b  cyBot_uart_init_clean         
000010f3  cyBot_uart_init_PHJ_first_half
00001153  cyBot_uart_init               
000011e9  cyBot_uart_flush              
00001203  cyBot_getByte_nonblocking     
00001223  cyBot_getByte_blocking        
00001231  cyBot_UART1_Handler           
000014fd  cyBOT_scan_version            
0000150b  cyBOT_init_Scan               
00001563  cyBOT_Scan                    
000015d5  cyBOT_SERVO_cal               
0000175d  timer_init                    
000017d5  timer_stop                    
000017ff  timer_pause                   
00001811  timer_resume                  
00001823  timer_getMillis               
0000187b  timer_getMicros               
000018d5  timer_waitMicros              
00001907  timer_waitMillis              
000019a5  ping_init                     
00001a2b  ping_trigger                  
00001a95  TIMER3B_Handler               
00001ae7  ping_getDistance              
00001d61  __aeabi_dsub                  
00001d6b  __aeabi_dadd                  
00001f19  servo_init                    
00001f9d  servo_stop                    
00001fa9  servo_move                    
00002009  servo_setPWM                  
000021ad  __aeabi_ddiv                  
000022e5  uart_init                     
00002369  uart_sendChar                 
00002385  uart_receive                  
000023bb  uart_sendStr                  
00002539  ir_init                       
000025a1  ir_getValue                   
000025c9  ir_getDistance                
000025d1  ADC0SS0_Handler               
000025e7  ir_enableInterrupt            
00002651  ldexp                         
00002651  ldexpl                        
00002651  scalbn                        
00002651  scalbnl                       
00002761  __aeabi_dmul                  
0000285d  main                          
000029e7  __aeabi_memcpy                
000029e7  __aeabi_memcpy4               
000029e7  __aeabi_memcpy8               
000029e7  memcpy                        
00002a83  __aeabi_uldivmod              
00002b19  __aeabi_cdcmpeq               
00002b19  __aeabi_cdcmple               
00002b9f  __aeabi_cdrcmple              
00002c25  __aeabi_memclr                
00002c25  __aeabi_memclr4               
00002c25  __aeabi_memclr8               
00002c27  __aeabi_memset                
00002c27  __aeabi_memset4               
00002c27  __aeabi_memset8               
00002c2d  memset                        
00002d0d  __TI_decompress_lzss          
00002d75  frexp                         
00002d75  frexpl                        
00002e2f  __TI_ltoa                     
00002ed5  atoi                          
00002f21  __aeabi_d2iz                  
00002f69  __TI_auto_init_nobinit_nopinit
00002fad  sprintf                       
00002fed  vsnprintf                     
0000306d  IntRegister                   
000030a1  _c_int00_noargs               
00003105  __aeabi_i2d                   
00003133  __TI_zero_init_nomemset       
0000314f  memccpy                       
0000316b  copysign                      
0000316b  copysignl                     
000031b5  strcmp                        
000031cd  strchr                        
000031e3  strcpy                        
000031f7  strlen                        
0000320b  wcslen                        
0000321d  IntMasterEnable               
0000322d  lcd_clear                     
0000323d  __TI_decompress_none          
0000324b  CPUcpsie                      
00003257  ResetISR                      
0000326d  __aeabi_errno_addr            
00003275  _system_pre_init              
00003279  C$$EXIT                       
00003279  abort                         
0000327c  _ctypes_                      
00003388  __TI_Handler_Table_Base       
00003394  __TI_Handler_Table_Limit      
000033b0  __TI_CINIT_Base               
000033c8  __TI_CINIT_Limit              
20000000  __start___llvm_prf_cnts       
20000000  __stop___llvm_prf_cnts        
20000000  g_pfnRAMVectors               
20000270  __stack                       
20000470  __STACK_TOP                   
20001270  __STACK_END                   
20001270  _sys_memory                   
200022c4  isr_char_buffer               
200022f8  _timeout_ticks                
200022fc  fallingEdge                   
20002300  isr_int_value                 
20002304  left_calibration_value        
20002308  pulseLength                   
2000230c  right_calibration_value       
20002310  risingEdge                    
20002314  isRisingEdge                  
20002318  cyBOT_scan_features           
2000231c  isr_counter                   
20002320  errno                         
20002324  _running                      
ffffffff  __TI_pprof_out_hndl           
ffffffff  __TI_prof_data_size           
ffffffff  __TI_prof_data_start          
ffffffff  __binit__                     
ffffffff  __c_args__                    
ffffffff  binit                         
UNDEFED   __mpu_init                    
UNDEFED   _system_post_cinit            

[143 symbols]
