******************************************************************************
                  TI ARM Linker PC v20.2.7                     
******************************************************************************
>> Linked Tue Mar 19 18:42:11 2024

OUTPUT FILE NAME:   <Lab3.out>
ENTRY POINT SYMBOL: "_c_int00_noargs"  address: 00004289


MEMORY CONFIGURATION

         name            origin    length      used     unused   attr    fill
----------------------  --------  ---------  --------  --------  ----  --------
  FLASH                 00000000   00040000  00004634  0003b9cc  R  X
  SRAM                  20000000   00008000  00002366  00005c9a  RW X


SEGMENT ALLOCATION MAP

run origin  load origin   length   init length attrs members
----------  ----------- ---------- ----------- ----- -------
00000000    00000000    00004638   00004638    r-x
  00000000    00000000    0000026c   0000026c    r-- .intvecs
  0000026c    0000026c    00004260   00004260    r-x .text
  000044cc    000044cc    00000118   00000118    r-- .const
  000045e8    000045e8    00000050   00000050    r-- .cinit
20000000    20000000    0000236d   00000000    rw-
  20000000    20000000    0000026c   00000000    rw- .vtable
  20000270    20000270    00001000   00000000    rw- .stack
  20001270    20001270    00001000   00000000    rw- .sysmem
  20002270    20002270    000000bd   00000000    rw- .bss
  20002330    20002330    0000003d   00000000    rw- .data


SECTION ALLOCATION MAP

 output                                  attributes/
section   page    origin      length       input sections
--------  ----  ----------  ----------   ----------------
.intvecs   0    00000000    0000026c     
                  00000000    0000026c     tm4c123gh6pm_startup_ccs.obj (.intvecs)

.text      0    0000026c    00004260     
                  0000026c    00000c20     open_interface.obj (.text)
                  00000e8c    00000a4e     rtsv7M4_T_le_v4SPD16_eabi.lib : _printfi.c.obj (.text:__TI_printfi)
                  000018da    00000002                                   : _lock.c.obj (.text:_nop)
                  000018dc    00000590     movement.obj (.text)
                  00001e6c    00000328     lcd.obj (.text)
                  00002194    00000270     rtsv7M4_T_le_v4SPD16_eabi.lib : _printfi.c.obj (.text:_pconv_a)
                  00002404    00000260     libcybotScan.lib : cyBot_Scan.obj (.text)
                  00002664    00000248     Timer.obj (.text)
                  000028ac    000001ec     libcybotScan.lib : ping.obj (.text)
                  00002a98    000001d0     rtsv7M4_T_le_v4SPD16_eabi.lib : _printfi.c.obj (.text:_pconv_g)
                  00002c68    000001b6                                   : fd_add_t2.asm.obj (.text)
                  00002e1e    00000002                                   : div0.asm.obj (.text)
                  00002e20    0000015c     libcybotUART.lib : uart.obj (.text)
                  00002f7c    00000158     libcybotScan.lib : servo.obj (.text)
                  000030d4    0000013c     rtsv7M4_T_le_v4SPD16_eabi.lib : _printfi.c.obj (.text:_pconv_e)
                  00003210    00000136                                   : fd_div_t2.asm.obj (.text)
                  00003346    00000002     --HOLE-- [fill = 0]
                  00003348    00000124                                   : _printfi.c.obj (.text:fcvt)
                  0000346c    00000118     libcybotScan.lib : ir.obj (.text)
                  00003584    00000110     rtsv7M4_T_le_v4SPD16_eabi.lib : s_scalbn.c.obj (.text:scalbn)
                  00003694    00000100                                   : memory.c.obj (.text:aligned_alloc)
                  00003794    000000fc                                   : fd_mul_t2.asm.obj (.text)
                  00003890    000000e4                                   : memory.c.obj (.text:free)
                  00003974    000000b1                                   : _printfi.c.obj (.text:_ltostr)
                  00003a25    00000001     --HOLE-- [fill = 0]
                  00003a26    0000009c                                   : memcpy_t2.asm.obj (.text)
                  00003ac2    00000096                                   : ull_div_t2.asm.obj (.text)
                  00003b58    00000086                                   : fd_cmp_t2.asm.obj (.text:__aeabi_cdcmple)
                  00003bde    00000086                                   : fd_cmp_t2.asm.obj (.text:__aeabi_cdrcmple)
                  00003c64    0000007a                                   : memset_t2.asm.obj (.text)
                  00003cde    00000002     --HOLE-- [fill = 0]
                  00003ce0    00000070                                   : memory.c.obj (.text:split)
                  00003d50    0000006e                                   : _printfi.c.obj (.text:_mcpy)
                  00003dbe    0000006e                                   : fd_tos_t2.asm.obj (.text)
                  00003e2c    00000068                                   : copy_decompress_lzss.c.obj (.text:decompress:lzss:__TI_decompress_lzss)
                  00003e94    00000064                                   : s_frexp.c.obj (.text:frexp)
                  00003ef8    00000056                                   : _printfi.c.obj (.text:_pconv_f)
                  00003f4e    00000054                                   : _ltoa.c.obj (.text:__TI_ltoa)
                  00003fa2    00000002     --HOLE-- [fill = 0]
                  00003fa4    00000054     main.obj (.text)
                  00003ff8    00000052     rtsv7M4_T_le_v4SPD16_eabi.lib : _printfi.c.obj (.text:_ecpy)
                  0000404a    00000002     --HOLE-- [fill = 0]
                  0000404c    0000004c                                   : atoi.c.obj (.text:atoi)
                  00004098    00000048                                   : fd_toi_t2.asm.obj (.text)
                  000040e0    00000044                                   : autoinit.c.obj (.text:__TI_auto_init_nobinit_nopinit:__TI_auto_init_nobinit_nopinit)
                  00004124    00000040                                   : sprintf.c.obj (.text:sprintf)
                  00004164    00000040                                   : vsnprintf.c.obj (.text:vsnprintf)
                  000041a4    0000003e                                   : _printfi.c.obj (.text:_fcpy)
                  000041e2    00000002     --HOLE-- [fill = 0]
                  000041e4    00000038                                   : memory.c.obj (.text:calloc)
                  0000421c    00000038                                   : fs_tod_t2.asm.obj (.text)
                  00004254    00000034     driverlib.lib : interrupt.obj (.text:IntRegister)
                  00004288    00000034     rtsv7M4_T_le_v4SPD16_eabi.lib : boot_cortex_m.c.obj (.text:_c_int00_noargs:_c_int00_noargs)
                  000042bc    00000030                                   : vsnprintf.c.obj (.text:_outs)
                  000042ec    0000002e                                   : i_tofd_t2.asm.obj (.text)
                  0000431a    00000002     --HOLE-- [fill = 0]
                  0000431c    00000028                                   : memory.c.obj (.text:free_list_insert)
                  00004344    0000001c                                   : copy_zero_init.c.obj (.text:decompress:ZI:__TI_zero_init_nomemset:__TI_zero_init_nomemset)
                  00004360    0000001c                                   : memory.c.obj (.text:free_list_remove)
                  0000437c    0000001c                                   : memccpy.c.obj (.text:memccpy)
                  00004398    0000001a                                   : s_copysign.c.obj (.text:copysign)
                  000043b2    00000018                                   : vsnprintf.c.obj (.text:_outc)
                  000043ca    00000018                                   : sprintf.c.obj (.text:_outs)
                  000043e2    00000018     open_interface.obj (.text:oi_parseInt)
                  000043fa    00000018     rtsv7M4_T_le_v4SPD16_eabi.lib : strcmp.c.obj (.text:strcmp)
                  00004412    00000016                                   : strchr.c.obj (.text:strchr)
                  00004428    00000014                                   : strcpy.c.obj (.text:strcpy)
                  0000443c    00000014                                   : strlen.c.obj (.text:strlen)
                  00004450    00000012                                   : wcslen.c.obj (.text:wcslen)
                  00004462    00000010     driverlib.lib : interrupt.obj (.text:IntMasterEnable)
                  00004472    00000010     lcd.obj (.text:lcd_clear)
                  00004482    0000000e     rtsv7M4_T_le_v4SPD16_eabi.lib : copy_decompress_none.c.obj (.text:decompress:none:__TI_decompress_none)
                  00004490    0000000c     driverlib.lib : cpu.obj (.text:CPUcpsie)
                  0000449c    0000000c     tm4c123gh6pm_startup_ccs.obj (.text)
                  000044a8    0000000a     rtsv7M4_T_le_v4SPD16_eabi.lib : sprintf.c.obj (.text:_outc)
                  000044b2    00000002     --HOLE-- [fill = 0]
                  000044b4    00000008                                   : errno.c.obj (.text:__aeabi_errno_addr)
                  000044bc    00000008                                   : memory.c.obj (.text:malloc)
                  000044c4    00000004                                   : pre_init.c.obj (.text:_system_pre_init)
                  000044c8    00000004                                   : exit.c.obj (.text:abort:abort)

.const     0    000044cc    00000118     
                  000044cc    00000101     rtsv7M4_T_le_v4SPD16_eabi.lib : ctype.c.obj (.const:.string:_ctypes_)
                  000045cd    0000000f     open_interface.obj (.const:.string:$P$T0$3)
                  000045dc    00000004     lcd.obj (.const:.string:lineAddress$1)
                  000045e0    00000004     lcd.obj (.const:.string:lineAddresses$2)

.cinit     0    000045e8    00000050     
                  000045e8    00000019     (.cinit..data.load) [load image, compression = lzss]
                  00004601    00000003     --HOLE-- [fill = 0]
                  00004604    0000000c     (__TI_handler_table)
                  00004610    00000008     (.cinit..bss.load) [load image, compression = zero_init]
                  00004618    00000008     (.cinit..vtable.load) [load image, compression = zero_init]
                  00004620    00000018     (__TI_cinit_table)

.init_array 
*          0    00000000    00000000     UNINITIALIZED

.vtable    0    20000000    0000026c     UNINITIALIZED
                  20000000    0000026c     driverlib.lib : interrupt.obj (.vtable)

.stack     0    20000270    00001000     UNINITIALIZED
                  20000270    00000004     rtsv7M4_T_le_v4SPD16_eabi.lib : boot_cortex_m.c.obj (.stack)
                  20000274    00000ffc     --HOLE--

.sysmem    0    20001270    00001000     UNINITIALIZED
                  20001270    00000010     rtsv7M4_T_le_v4SPD16_eabi.lib : memory.c.obj (.sysmem)
                  20001280    00000ff0     --HOLE--

.bss       0    20002270    000000bd     UNINITIALIZED
                  20002270    00000054     lcd.obj (.bss:lastbuffer$3)
                  200022c4    00000034     (.common:isr_char_buffer)
                  200022f8    00000018     open_interface.obj (.bss:firmware$2)
                  20002310    00000004     (.common:_timeout_ticks)
                  20002314    00000004     (.common:fallingEdge)
                  20002318    00000004     (.common:isr_int_value)
                  2000231c    00000004     (.common:left_calibration_value)
                  20002320    00000004     (.common:pulseLength)
                  20002324    00000004     (.common:right_calibration_value)
                  20002328    00000004     (.common:risingEdge)
                  2000232c    00000001     (.common:isRisingEdge)

.data      0    20002330    0000003d     UNINITIALIZED
                  20002330    00000020     open_interface.obj (.data)
                  20002350    00000008     rtsv7M4_T_le_v4SPD16_eabi.lib : _lock.c.obj (.data:$O1$$)
                  20002358    00000008                                   : memory.c.obj (.data:$O1$$)
                  20002360    00000004     libcybotScan.lib : cyBot_Scan.obj (.data)
                  20002364    00000004     libcybotUART.lib : uart.obj (.data)
                  20002368    00000004     rtsv7M4_T_le_v4SPD16_eabi.lib : errno.c.obj (.data)
                  2000236c    00000001     Timer.obj (.data)

__llvm_prf_cnts 
*          0    20000000    00000000     UNINITIALIZED

MODULE SUMMARY

       Module                         code    ro data   rw data
       ------                         ----    -------   -------
    .\
       open_interface.obj             3128    15        56     
       movement.obj                   1424    0         0      
       lcd.obj                        824     8         84     
       tm4c123gh6pm_startup_ccs.obj   12      620       0      
       Timer.obj                      584     0         5      
       main.obj                       84      0         8      
    +--+------------------------------+-------+---------+---------+
       Total:                         6056    643       153    
                                                               
    ../libcybotScan.lib
       cyBot_Scan.obj                 608     0         4      
       ping.obj                       492     0         13     
       servo.obj                      344     0         0      
       ir.obj                         280     0         4      
    +--+------------------------------+-------+---------+---------+
       Total:                         1724    0         21     
                                                               
    ../libcybotUART.lib
       uart.obj                       348     0         56     
    +--+------------------------------+-------+---------+---------+
       Total:                         348     0         56     
                                                               
    C:/ti/TivaWare_C_Series-2.2.0.295/driverlib/ccs/Debug/driverlib.lib
       interrupt.obj                  68      0         620    
       cpu.obj                        12      0         0      
    +--+------------------------------+-------+---------+---------+
       Total:                         80      0         620    
                                                               
    C:\ti\ccs1230\ccs\tools\compiler\ti-cgt-arm_20.2.7.LTS\lib\rtsv7M4_T_le_v4SPD16_eabi.lib
       _printfi.c.obj                 4851    0         0      
       memory.c.obj                   728     0         8      
       fd_add_t2.asm.obj              438     0         0      
       fd_div_t2.asm.obj              310     0         0      
       s_scalbn.c.obj                 272     0         0      
       fd_cmp_t2.asm.obj              268     0         0      
       ctype.c.obj                    0       257       0      
       fd_mul_t2.asm.obj              252     0         0      
       memcpy_t2.asm.obj              156     0         0      
       ull_div_t2.asm.obj             150     0         0      
       vsnprintf.c.obj                136     0         0      
       memset_t2.asm.obj              122     0         0      
       fd_tos_t2.asm.obj              110     0         0      
       copy_decompress_lzss.c.obj     104     0         0      
       s_frexp.c.obj                  100     0         0      
       sprintf.c.obj                  98      0         0      
       _ltoa.c.obj                    84      0         0      
       atoi.c.obj                     76      0         0      
       fd_toi_t2.asm.obj              72      0         0      
       autoinit.c.obj                 68      0         0      
       fs_tod_t2.asm.obj              56      0         0      
       boot_cortex_m.c.obj            52      0         0      
       i_tofd_t2.asm.obj              46      0         0      
       copy_zero_init.c.obj           28      0         0      
       memccpy.c.obj                  28      0         0      
       s_copysign.c.obj               26      0         0      
       strcmp.c.obj                   24      0         0      
       strchr.c.obj                   22      0         0      
       strcpy.c.obj                   20      0         0      
       strlen.c.obj                   20      0         0      
       wcslen.c.obj                   18      0         0      
       copy_decompress_none.c.obj     14      0         0      
       errno.c.obj                    8       0         4      
       _lock.c.obj                    2       0         8      
       exit.c.obj                     4       0         0      
       pre_init.c.obj                 4       0         0      
       div0.asm.obj                   2       0         0      
    +--+------------------------------+-------+---------+---------+
       Total:                         8769    257       20     
                                                               
       Heap:                          0       0         4096   
       Stack:                         0       0         4096   
       Linker Generated:              0       77        0      
    +--+------------------------------+-------+---------+---------+
       Grand Total:                   16977   977       9062   


LINKER GENERATED COPY TABLES

__TI_cinit_table @ 00004620 records: 3, size/record: 8, table size: 24
	.data: load addr=000045e8, load size=00000019 bytes, run addr=20002330, run size=0000003d bytes, compression=lzss
	.bss: load addr=00004610, load size=00000008 bytes, run addr=20002270, run size=000000bd bytes, compression=zero_init
	.vtable: load addr=00004618, load size=00000008 bytes, run addr=20000000, run size=0000026c bytes, compression=zero_init


LINKER GENERATED HANDLER TABLE

__TI_handler_table @ 00004604 records: 3, size/record: 4, table size: 12
	index: 0, handler: __TI_zero_init
	index: 1, handler: __TI_decompress_lzss
	index: 2, handler: __TI_decompress_none


GLOBAL SYMBOLS: SORTED ALPHABETICALLY BY Name 

address   name                          
-------   ----                          
00003505  ADC0SS0_Handler               
000044c9  C$$EXIT                       
00004491  CPUcpsie                      
00000bc3  GPIOF_Handler                 
00004463  IntMasterEnable               
00004255  IntRegister                   
0000449d  ResetISR                      
0000299d  TIMER3B_Handler               
20001270  __STACK_END                   
00001000  __STACK_SIZE                  
20000470  __STACK_TOP                   
00001000  __SYSMEM_SIZE                 
00004620  __TI_CINIT_Base               
00004638  __TI_CINIT_Limit              
00004604  __TI_Handler_Table_Base       
00004610  __TI_Handler_Table_Limit      
000040e1  __TI_auto_init_nobinit_nopinit
00003e2d  __TI_decompress_lzss          
00004483  __TI_decompress_none          
00003f4f  __TI_ltoa                     
ffffffff  __TI_pprof_out_hndl           
00000e8d  __TI_printfi                  
ffffffff  __TI_prof_data_size           
ffffffff  __TI_prof_data_start          
00000000  __TI_static_base__            
00004345  __TI_zero_init_nomemset       
00003b59  __aeabi_cdcmpeq               
00003b59  __aeabi_cdcmple               
00003bdf  __aeabi_cdrcmple              
00003dbf  __aeabi_d2f                   
00004099  __aeabi_d2iz                  
00002c73  __aeabi_dadd                  
00003211  __aeabi_ddiv                  
00003795  __aeabi_dmul                  
00002c69  __aeabi_dsub                  
000044b5  __aeabi_errno_addr            
0000421d  __aeabi_f2d                   
000042ed  __aeabi_i2d                   
00002e1f  __aeabi_idiv0                 
00002e1f  __aeabi_ldiv0                 
00003c65  __aeabi_memclr                
00003c65  __aeabi_memclr4               
00003c65  __aeabi_memclr8               
00003a27  __aeabi_memcpy                
00003a27  __aeabi_memcpy4               
00003a27  __aeabi_memcpy8               
00003c67  __aeabi_memset                
00003c67  __aeabi_memset4               
00003c67  __aeabi_memset8               
00003ac3  __aeabi_uldivmod              
ffffffff  __binit__                     
ffffffff  __c_args__                    
UNDEFED   __mpu_init                    
20000270  __stack                       
20000000  __start___llvm_prf_cnts       
20000000  __stop___llvm_prf_cnts        
00004289  _c_int00_noargs               
000044cc  _ctypes_                      
20002350  _lock                         
000018db  _nop                          
2000236c  _running                      
20001270  _sys_memory                   
UNDEFED   _system_post_cinit            
000044c5  _system_pre_init              
20002310  _timeout_ticks                
20002354  _unlock                       
000044c9  abort                         
00003695  aligned_alloc                 
0000404d  atoi                          
ffffffff  binit                         
000041e5  calloc                        
00001aa3  collision_setection           
00004399  copysign                      
00004399  copysignl                     
000024dd  cyBOT_SERVO_cal               
0000246b  cyBOT_Scan                    
00002413  cyBOT_init_Scan               
20002360  cyBOT_scan_features           
00002405  cyBOT_scan_version            
00002f29  cyBot_UART1_Handler           
00002f0f  cyBot_getByte                 
00002e21  cyBot_sendByte                
00002ef1  cyBot_uart_flush              
00002e5f  cyBot_uart_init               
00002e47  cyBot_uart_sendBuffer         
00002e2d  cyBot_uart_sendStr            
00001cad  detect_object                 
20002368  errno                         
20002314  fallingEdge                   
00003891  free                          
00003e95  frexp                         
00003e95  frexpl                        
20000000  g_pfnRAMVectors               
00000000  g_pfnVectors                  
0000097f  go_charge                     
0000351b  ir_enableInterrupt            
000034fd  ir_getDistance                
000034d5  ir_getValue                   
0000346d  ir_init                       
2000232c  isRisingEdge                  
200022c4  isr_char_buffer               
20002364  isr_counter                   
20002318  isr_int_value                 
00004473  lcd_clear                     
00002041  lcd_gotoLine                  
00001ea9  lcd_init                      
000020a7  lcd_printf                    
00001f69  lcd_putc                      
00001fa1  lcd_puts                      
00001e6d  lcd_reverseNibble             
00001fbf  lcd_sendCommand               
00001ffd  lcd_sendNibble                
00002069  lcd_setCursorPos              
00003585  ldexp                         
00003585  ldexpl                        
2000231c  left_calibration_value        
00003fa5  main                          
000044bd  malloc                        
00003695  memalign                      
0000437d  memccpy                       
00003a27  memcpy                        
00003c6d  memset                        
20002330  motor_cal_factor_L            
20002334  motor_cal_factor_R            
00001957  move_back                     
000018dd  move_forward                  
0000026d  oi_alloc                      
00000aa9  oi_checkFirmware              
000002c7  oi_close                      
00000279  oi_free                       
00000ded  oi_getMotorCalibrationLeft    
00000e01  oi_getMotorCalibrationRight   
000002b1  oi_init                       
00000289  oi_init_noupdate              
00000915  oi_loadSong                   
000043e3  oi_parseInt                   
0000032b  oi_parsePacket                
0000096b  oi_play_song                  
0000084b  oi_setLeds                    
00000db1  oi_setMotorCalibration        
0000088f  oi_setWheels                  
00000b51  oi_shutoff_init               
0000098d  oi_uartInit                   
00000a31  oi_uartReceive                
00000a77  oi_uartSendBuff               
00000a15  oi_uartSendChar               
00000a59  oi_uartSendStr                
000002d9  oi_update                     
000029ef  ping_getDistance              
000028ad  ping_init                     
00002933  ping_trigger                  
20002320  pulseLength                   
00001bc5  putty_confirmation            
00001c05  putty_scan                    
20002324  right_calibration_value       
20002328  risingEdge                    
00003585  scalbn                        
00003585  scalbnl                       
00002f7d  servo_init                    
0000300d  servo_move                    
0000306d  servo_setPWM                  
00003001  servo_stop                    
00004125  sprintf                       
00004413  strchr                        
000043fb  strcmp                        
00004429  strcpy                        
0000443d  strlen                        
00002783  timer_getMicros               
0000272b  timer_getMillis               
00002665  timer_init                    
00002707  timer_pause                   
00002719  timer_resume                  
000026dd  timer_stop                    
000027dd  timer_waitMicros              
0000280f  timer_waitMillis              
00001a35  turn_left                     
000019c7  turn_right                    
00004165  vsnprintf                     
00004451  wcslen                        


GLOBAL SYMBOLS: SORTED BY Symbol Address 

address   name                          
-------   ----                          
00000000  __TI_static_base__            
00000000  g_pfnVectors                  
0000026d  oi_alloc                      
00000279  oi_free                       
00000289  oi_init_noupdate              
000002b1  oi_init                       
000002c7  oi_close                      
000002d9  oi_update                     
0000032b  oi_parsePacket                
0000084b  oi_setLeds                    
0000088f  oi_setWheels                  
00000915  oi_loadSong                   
0000096b  oi_play_song                  
0000097f  go_charge                     
0000098d  oi_uartInit                   
00000a15  oi_uartSendChar               
00000a31  oi_uartReceive                
00000a59  oi_uartSendStr                
00000a77  oi_uartSendBuff               
00000aa9  oi_checkFirmware              
00000b51  oi_shutoff_init               
00000bc3  GPIOF_Handler                 
00000db1  oi_setMotorCalibration        
00000ded  oi_getMotorCalibrationLeft    
00000e01  oi_getMotorCalibrationRight   
00000e8d  __TI_printfi                  
00001000  __STACK_SIZE                  
00001000  __SYSMEM_SIZE                 
000018db  _nop                          
000018dd  move_forward                  
00001957  move_back                     
000019c7  turn_right                    
00001a35  turn_left                     
00001aa3  collision_setection           
00001bc5  putty_confirmation            
00001c05  putty_scan                    
00001cad  detect_object                 
00001e6d  lcd_reverseNibble             
00001ea9  lcd_init                      
00001f69  lcd_putc                      
00001fa1  lcd_puts                      
00001fbf  lcd_sendCommand               
00001ffd  lcd_sendNibble                
00002041  lcd_gotoLine                  
00002069  lcd_setCursorPos              
000020a7  lcd_printf                    
00002405  cyBOT_scan_version            
00002413  cyBOT_init_Scan               
0000246b  cyBOT_Scan                    
000024dd  cyBOT_SERVO_cal               
00002665  timer_init                    
000026dd  timer_stop                    
00002707  timer_pause                   
00002719  timer_resume                  
0000272b  timer_getMillis               
00002783  timer_getMicros               
000027dd  timer_waitMicros              
0000280f  timer_waitMillis              
000028ad  ping_init                     
00002933  ping_trigger                  
0000299d  TIMER3B_Handler               
000029ef  ping_getDistance              
00002c69  __aeabi_dsub                  
00002c73  __aeabi_dadd                  
00002e1f  __aeabi_idiv0                 
00002e1f  __aeabi_ldiv0                 
00002e21  cyBot_sendByte                
00002e2d  cyBot_uart_sendStr            
00002e47  cyBot_uart_sendBuffer         
00002e5f  cyBot_uart_init               
00002ef1  cyBot_uart_flush              
00002f0f  cyBot_getByte                 
00002f29  cyBot_UART1_Handler           
00002f7d  servo_init                    
00003001  servo_stop                    
0000300d  servo_move                    
0000306d  servo_setPWM                  
00003211  __aeabi_ddiv                  
0000346d  ir_init                       
000034d5  ir_getValue                   
000034fd  ir_getDistance                
00003505  ADC0SS0_Handler               
0000351b  ir_enableInterrupt            
00003585  ldexp                         
00003585  ldexpl                        
00003585  scalbn                        
00003585  scalbnl                       
00003695  aligned_alloc                 
00003695  memalign                      
00003795  __aeabi_dmul                  
00003891  free                          
00003a27  __aeabi_memcpy                
00003a27  __aeabi_memcpy4               
00003a27  __aeabi_memcpy8               
00003a27  memcpy                        
00003ac3  __aeabi_uldivmod              
00003b59  __aeabi_cdcmpeq               
00003b59  __aeabi_cdcmple               
00003bdf  __aeabi_cdrcmple              
00003c65  __aeabi_memclr                
00003c65  __aeabi_memclr4               
00003c65  __aeabi_memclr8               
00003c67  __aeabi_memset                
00003c67  __aeabi_memset4               
00003c67  __aeabi_memset8               
00003c6d  memset                        
00003dbf  __aeabi_d2f                   
00003e2d  __TI_decompress_lzss          
00003e95  frexp                         
00003e95  frexpl                        
00003f4f  __TI_ltoa                     
00003fa5  main                          
0000404d  atoi                          
00004099  __aeabi_d2iz                  
000040e1  __TI_auto_init_nobinit_nopinit
00004125  sprintf                       
00004165  vsnprintf                     
000041e5  calloc                        
0000421d  __aeabi_f2d                   
00004255  IntRegister                   
00004289  _c_int00_noargs               
000042ed  __aeabi_i2d                   
00004345  __TI_zero_init_nomemset       
0000437d  memccpy                       
00004399  copysign                      
00004399  copysignl                     
000043e3  oi_parseInt                   
000043fb  strcmp                        
00004413  strchr                        
00004429  strcpy                        
0000443d  strlen                        
00004451  wcslen                        
00004463  IntMasterEnable               
00004473  lcd_clear                     
00004483  __TI_decompress_none          
00004491  CPUcpsie                      
0000449d  ResetISR                      
000044b5  __aeabi_errno_addr            
000044bd  malloc                        
000044c5  _system_pre_init              
000044c9  C$$EXIT                       
000044c9  abort                         
000044cc  _ctypes_                      
00004604  __TI_Handler_Table_Base       
00004610  __TI_Handler_Table_Limit      
00004620  __TI_CINIT_Base               
00004638  __TI_CINIT_Limit              
20000000  __start___llvm_prf_cnts       
20000000  __stop___llvm_prf_cnts        
20000000  g_pfnRAMVectors               
20000270  __stack                       
20000470  __STACK_TOP                   
20001270  __STACK_END                   
20001270  _sys_memory                   
200022c4  isr_char_buffer               
20002310  _timeout_ticks                
20002314  fallingEdge                   
20002318  isr_int_value                 
2000231c  left_calibration_value        
20002320  pulseLength                   
20002324  right_calibration_value       
20002328  risingEdge                    
2000232c  isRisingEdge                  
20002330  motor_cal_factor_L            
20002334  motor_cal_factor_R            
20002350  _lock                         
20002354  _unlock                       
20002360  cyBOT_scan_features           
20002364  isr_counter                   
20002368  errno                         
2000236c  _running                      
ffffffff  __TI_pprof_out_hndl           
ffffffff  __TI_prof_data_size           
ffffffff  __TI_prof_data_start          
ffffffff  __binit__                     
ffffffff  __c_args__                    
ffffffff  binit                         
UNDEFED   __mpu_init                    
UNDEFED   _system_post_cinit            

[179 symbols]
