<?xml version="1.0" encoding="ISO-8859-1" ?>
<link_info>
   <banner>TI ARM Linker PC v20.2.7.LTS</banner>
   <copyright>Copyright (c) 1996-2018 Texas Instruments Incorporated</copyright>
   <link_time>0x6613396c</link_time>
   <link_errors>0x3</link_errors>
   <output_file>Lab15.out</output_file>
   <entry_point>
      <name>_c_int00_noargs</name>
      <address>0x45d1</address>
   </entry_point>
   <input_file_list>
      <input_file id="fl-2">
         <path>.\</path>
         <kind>object</kind>
         <file>Timer.obj</file>
         <name>Timer.obj</name>
      </input_file>
      <input_file id="fl-3">
         <path>.\</path>
         <kind>object</kind>
         <file>lab7-interrupt_template.obj</file>
         <name>lab7-interrupt_template.obj</name>
      </input_file>
      <input_file id="fl-4">
         <path>.\</path>
         <kind>object</kind>
         <file>lab9-interrupt_template2.obj</file>
         <name>lab9-interrupt_template2.obj</name>
      </input_file>
      <input_file id="fl-5">
         <path>.\</path>
         <kind>object</kind>
         <file>lcd.obj</file>
         <name>lcd.obj</name>
      </input_file>
      <input_file id="fl-6">
         <path>.\</path>
         <kind>object</kind>
         <file>movement.obj</file>
         <name>movement.obj</name>
      </input_file>
      <input_file id="fl-7">
         <path>.\</path>
         <kind>object</kind>
         <file>open_interface.obj</file>
         <name>open_interface.obj</name>
      </input_file>
      <input_file id="fl-8">
         <path>.\</path>
         <kind>object</kind>
         <file>tm4c123gh6pm_startup_ccs.obj</file>
         <name>tm4c123gh6pm_startup_ccs.obj</name>
      </input_file>
      <input_file id="fl-9">
         <path>.\</path>
         <kind>object</kind>
         <file>uart-interrupt.obj</file>
         <name>uart-interrupt.obj</name>
      </input_file>
      <input_file id="fl-f">
         <kind>object</kind>
         <file>&lt;internal&gt;</file>
         <name>&lt;internal&gt;</name>
      </input_file>
      <input_file id="fl-10">
         <path>..\</path>
         <kind>archive</kind>
         <file>libcybotScan.lib</file>
         <name>cyBot_Scan.obj</name>
      </input_file>
      <input_file id="fl-11">
         <path>..\</path>
         <kind>archive</kind>
         <file>libcybotScan.lib</file>
         <name>ir.obj</name>
      </input_file>
      <input_file id="fl-12">
         <path>..\</path>
         <kind>archive</kind>
         <file>libcybotScan.lib</file>
         <name>ping.obj</name>
      </input_file>
      <input_file id="fl-13">
         <path>..\</path>
         <kind>archive</kind>
         <file>libcybotScan.lib</file>
         <name>servo.obj</name>
      </input_file>
      <input_file id="fl-c9">
         <path>C:\ti\ccs1230\ccs\tools\compiler\ti-cgt-arm_20.2.7.LTS\lib\</path>
         <kind>archive</kind>
         <file>rtsv7M4_T_le_v4SPD16_eabi.lib</file>
         <name>sprintf.c.obj</name>
      </input_file>
      <input_file id="fl-ca">
         <path>C:\ti\ccs1230\ccs\tools\compiler\ti-cgt-arm_20.2.7.LTS\lib\</path>
         <kind>archive</kind>
         <file>rtsv7M4_T_le_v4SPD16_eabi.lib</file>
         <name>vsnprintf.c.obj</name>
      </input_file>
      <input_file id="fl-cb">
         <path>C:\ti\ccs1230\ccs\tools\compiler\ti-cgt-arm_20.2.7.LTS\lib\</path>
         <kind>archive</kind>
         <file>rtsv7M4_T_le_v4SPD16_eabi.lib</file>
         <name>fd_add_t2.asm.obj</name>
      </input_file>
      <input_file id="fl-cc">
         <path>C:\ti\ccs1230\ccs\tools\compiler\ti-cgt-arm_20.2.7.LTS\lib\</path>
         <kind>archive</kind>
         <file>rtsv7M4_T_le_v4SPD16_eabi.lib</file>
         <name>fd_cmp_t2.asm.obj</name>
      </input_file>
      <input_file id="fl-cd">
         <path>C:\ti\ccs1230\ccs\tools\compiler\ti-cgt-arm_20.2.7.LTS\lib\</path>
         <kind>archive</kind>
         <file>rtsv7M4_T_le_v4SPD16_eabi.lib</file>
         <name>fd_div_t2.asm.obj</name>
      </input_file>
      <input_file id="fl-ce">
         <path>C:\ti\ccs1230\ccs\tools\compiler\ti-cgt-arm_20.2.7.LTS\lib\</path>
         <kind>archive</kind>
         <file>rtsv7M4_T_le_v4SPD16_eabi.lib</file>
         <name>fd_mul_t2.asm.obj</name>
      </input_file>
      <input_file id="fl-cf">
         <path>C:\ti\ccs1230\ccs\tools\compiler\ti-cgt-arm_20.2.7.LTS\lib\</path>
         <kind>archive</kind>
         <file>rtsv7M4_T_le_v4SPD16_eabi.lib</file>
         <name>fd_tos_t2.asm.obj</name>
      </input_file>
      <input_file id="fl-d0">
         <path>C:\ti\ccs1230\ccs\tools\compiler\ti-cgt-arm_20.2.7.LTS\lib\</path>
         <kind>archive</kind>
         <file>rtsv7M4_T_le_v4SPD16_eabi.lib</file>
         <name>fs_tod_t2.asm.obj</name>
      </input_file>
      <input_file id="fl-d1">
         <path>C:\ti\ccs1230\ccs\tools\compiler\ti-cgt-arm_20.2.7.LTS\lib\</path>
         <kind>archive</kind>
         <file>rtsv7M4_T_le_v4SPD16_eabi.lib</file>
         <name>i_tofd_t2.asm.obj</name>
      </input_file>
      <input_file id="fl-d2">
         <path>C:\ti\ccs1230\ccs\tools\compiler\ti-cgt-arm_20.2.7.LTS\lib\</path>
         <kind>archive</kind>
         <file>rtsv7M4_T_le_v4SPD16_eabi.lib</file>
         <name>memcpy_t2.asm.obj</name>
      </input_file>
      <input_file id="fl-d3">
         <path>C:\ti\ccs1230\ccs\tools\compiler\ti-cgt-arm_20.2.7.LTS\lib\</path>
         <kind>archive</kind>
         <file>rtsv7M4_T_le_v4SPD16_eabi.lib</file>
         <name>copy_zero_init.c.obj</name>
      </input_file>
      <input_file id="fl-d4">
         <path>C:\ti\ccs1230\ccs\tools\compiler\ti-cgt-arm_20.2.7.LTS\lib\</path>
         <kind>archive</kind>
         <file>rtsv7M4_T_le_v4SPD16_eabi.lib</file>
         <name>copy_decompress_none.c.obj</name>
      </input_file>
      <input_file id="fl-d5">
         <path>C:\ti\ccs1230\ccs\tools\compiler\ti-cgt-arm_20.2.7.LTS\lib\</path>
         <kind>archive</kind>
         <file>rtsv7M4_T_le_v4SPD16_eabi.lib</file>
         <name>copy_decompress_lzss.c.obj</name>
      </input_file>
      <input_file id="fl-d6">
         <path>C:\ti\ccs1230\ccs\tools\compiler\ti-cgt-arm_20.2.7.LTS\lib\</path>
         <kind>archive</kind>
         <file>rtsv7M4_T_le_v4SPD16_eabi.lib</file>
         <name>memory.c.obj</name>
      </input_file>
      <input_file id="fl-d7">
         <path>C:\ti\ccs1230\ccs\tools\compiler\ti-cgt-arm_20.2.7.LTS\lib\</path>
         <kind>archive</kind>
         <file>rtsv7M4_T_le_v4SPD16_eabi.lib</file>
         <name>strcmp.c.obj</name>
      </input_file>
      <input_file id="fl-d8">
         <path>C:\ti\ccs1230\ccs\tools\compiler\ti-cgt-arm_20.2.7.LTS\lib\</path>
         <kind>archive</kind>
         <file>rtsv7M4_T_le_v4SPD16_eabi.lib</file>
         <name>strcpy.c.obj</name>
      </input_file>
      <input_file id="fl-d9">
         <path>C:\ti\ccs1230\ccs\tools\compiler\ti-cgt-arm_20.2.7.LTS\lib\</path>
         <kind>archive</kind>
         <file>rtsv7M4_T_le_v4SPD16_eabi.lib</file>
         <name>strlen.c.obj</name>
      </input_file>
      <input_file id="fl-da">
         <path>C:\ti\ccs1230\ccs\tools\compiler\ti-cgt-arm_20.2.7.LTS\lib\</path>
         <kind>archive</kind>
         <file>rtsv7M4_T_le_v4SPD16_eabi.lib</file>
         <name>boot_cortex_m.c.obj</name>
      </input_file>
      <input_file id="fl-db">
         <path>C:\ti\ccs1230\ccs\tools\compiler\ti-cgt-arm_20.2.7.LTS\lib\</path>
         <kind>archive</kind>
         <file>rtsv7M4_T_le_v4SPD16_eabi.lib</file>
         <name>_printfi.c.obj</name>
      </input_file>
      <input_file id="fl-dc">
         <path>C:\ti\ccs1230\ccs\tools\compiler\ti-cgt-arm_20.2.7.LTS\lib\</path>
         <kind>archive</kind>
         <file>rtsv7M4_T_le_v4SPD16_eabi.lib</file>
         <name>fd_toi_t2.asm.obj</name>
      </input_file>
      <input_file id="fl-dd">
         <path>C:\ti\ccs1230\ccs\tools\compiler\ti-cgt-arm_20.2.7.LTS\lib\</path>
         <kind>archive</kind>
         <file>rtsv7M4_T_le_v4SPD16_eabi.lib</file>
         <name>memset_t2.asm.obj</name>
      </input_file>
      <input_file id="fl-de">
         <path>C:\ti\ccs1230\ccs\tools\compiler\ti-cgt-arm_20.2.7.LTS\lib\</path>
         <kind>archive</kind>
         <file>rtsv7M4_T_le_v4SPD16_eabi.lib</file>
         <name>ull_div_t2.asm.obj</name>
      </input_file>
      <input_file id="fl-df">
         <path>C:\ti\ccs1230\ccs\tools\compiler\ti-cgt-arm_20.2.7.LTS\lib\</path>
         <kind>archive</kind>
         <file>rtsv7M4_T_le_v4SPD16_eabi.lib</file>
         <name>autoinit.c.obj</name>
      </input_file>
      <input_file id="fl-e0">
         <path>C:\ti\ccs1230\ccs\tools\compiler\ti-cgt-arm_20.2.7.LTS\lib\</path>
         <kind>archive</kind>
         <file>rtsv7M4_T_le_v4SPD16_eabi.lib</file>
         <name>pre_init.c.obj</name>
      </input_file>
      <input_file id="fl-e1">
         <path>C:\ti\ccs1230\ccs\tools\compiler\ti-cgt-arm_20.2.7.LTS\lib\</path>
         <kind>archive</kind>
         <file>rtsv7M4_T_le_v4SPD16_eabi.lib</file>
         <name>cpy_tbl.c.obj</name>
      </input_file>
      <input_file id="fl-e2">
         <path>C:\ti\ccs1230\ccs\tools\compiler\ti-cgt-arm_20.2.7.LTS\lib\</path>
         <kind>archive</kind>
         <file>rtsv7M4_T_le_v4SPD16_eabi.lib</file>
         <name>exit.c.obj</name>
      </input_file>
      <input_file id="fl-e3">
         <path>C:\ti\ccs1230\ccs\tools\compiler\ti-cgt-arm_20.2.7.LTS\lib\</path>
         <kind>archive</kind>
         <file>rtsv7M4_T_le_v4SPD16_eabi.lib</file>
         <name>_lock.c.obj</name>
      </input_file>
      <input_file id="fl-e4">
         <path>C:\ti\ccs1230\ccs\tools\compiler\ti-cgt-arm_20.2.7.LTS\lib\</path>
         <kind>archive</kind>
         <file>rtsv7M4_T_le_v4SPD16_eabi.lib</file>
         <name>_ltoa.c.obj</name>
      </input_file>
      <input_file id="fl-e5">
         <path>C:\ti\ccs1230\ccs\tools\compiler\ti-cgt-arm_20.2.7.LTS\lib\</path>
         <kind>archive</kind>
         <file>rtsv7M4_T_le_v4SPD16_eabi.lib</file>
         <name>args_main.c.obj</name>
      </input_file>
      <input_file id="fl-e6">
         <path>C:\ti\ccs1230\ccs\tools\compiler\ti-cgt-arm_20.2.7.LTS\lib\</path>
         <kind>archive</kind>
         <file>rtsv7M4_T_le_v4SPD16_eabi.lib</file>
         <name>atoi.c.obj</name>
      </input_file>
      <input_file id="fl-e7">
         <path>C:\ti\ccs1230\ccs\tools\compiler\ti-cgt-arm_20.2.7.LTS\lib\</path>
         <kind>archive</kind>
         <file>rtsv7M4_T_le_v4SPD16_eabi.lib</file>
         <name>ctype.c.obj</name>
      </input_file>
      <input_file id="fl-e8">
         <path>C:\ti\ccs1230\ccs\tools\compiler\ti-cgt-arm_20.2.7.LTS\lib\</path>
         <kind>archive</kind>
         <file>rtsv7M4_T_le_v4SPD16_eabi.lib</file>
         <name>memccpy.c.obj</name>
      </input_file>
      <input_file id="fl-e9">
         <path>C:\ti\ccs1230\ccs\tools\compiler\ti-cgt-arm_20.2.7.LTS\lib\</path>
         <kind>archive</kind>
         <file>rtsv7M4_T_le_v4SPD16_eabi.lib</file>
         <name>strchr.c.obj</name>
      </input_file>
      <input_file id="fl-ea">
         <path>C:\ti\ccs1230\ccs\tools\compiler\ti-cgt-arm_20.2.7.LTS\lib\</path>
         <kind>archive</kind>
         <file>rtsv7M4_T_le_v4SPD16_eabi.lib</file>
         <name>errno.c.obj</name>
      </input_file>
      <input_file id="fl-eb">
         <path>C:\ti\ccs1230\ccs\tools\compiler\ti-cgt-arm_20.2.7.LTS\lib\</path>
         <kind>archive</kind>
         <file>rtsv7M4_T_le_v4SPD16_eabi.lib</file>
         <name>wcslen.c.obj</name>
      </input_file>
      <input_file id="fl-ec">
         <path>C:\ti\ccs1230\ccs\tools\compiler\ti-cgt-arm_20.2.7.LTS\lib\</path>
         <kind>archive</kind>
         <file>rtsv7M4_T_le_v4SPD16_eabi.lib</file>
         <name>s_frexp.c.obj</name>
      </input_file>
      <input_file id="fl-ed">
         <path>C:\ti\ccs1230\ccs\tools\compiler\ti-cgt-arm_20.2.7.LTS\lib\</path>
         <kind>archive</kind>
         <file>rtsv7M4_T_le_v4SPD16_eabi.lib</file>
         <name>s_scalbn.c.obj</name>
      </input_file>
      <input_file id="fl-ee">
         <path>C:\ti\ccs1230\ccs\tools\compiler\ti-cgt-arm_20.2.7.LTS\lib\</path>
         <kind>archive</kind>
         <file>rtsv7M4_T_le_v4SPD16_eabi.lib</file>
         <name>div0.asm.obj</name>
      </input_file>
      <input_file id="fl-ef">
         <path>C:\ti\ccs1230\ccs\tools\compiler\ti-cgt-arm_20.2.7.LTS\lib\</path>
         <kind>archive</kind>
         <file>rtsv7M4_T_le_v4SPD16_eabi.lib</file>
         <name>s_copysign.c.obj</name>
      </input_file>
      <input_file id="fl-f0">
         <path>C:\ti\TivaWare_C_Series-2.2.0.295\driverlib\ccs\Debug\</path>
         <kind>archive</kind>
         <file>driverlib.lib</file>
         <name>interrupt.obj</name>
      </input_file>
      <input_file id="fl-f1">
         <path>C:\ti\TivaWare_C_Series-2.2.0.295\driverlib\ccs\Debug\</path>
         <kind>archive</kind>
         <file>driverlib.lib</file>
         <name>cpu.obj</name>
      </input_file>
   </input_file_list>
   <object_component_list>
      <object_component id="oc-12">
         <name>.intvecs</name>
         <load_address>0x0</load_address>
         <run_address>0x0</run_address>
         <size>0x26c</size>
         <input_file_ref idref="fl-8"/>
      </object_component>
      <object_component id="oc-e3">
         <name>.text</name>
         <load_address>0x26c</load_address>
         <run_address>0x26c</run_address>
         <size>0xc20</size>
         <input_file_ref idref="fl-7"/>
      </object_component>
      <object_component id="oc-1f6">
         <name>.text:__TI_printfi</name>
         <load_address>0xe8c</load_address>
         <run_address>0xe8c</run_address>
         <size>0xa4e</size>
         <input_file_ref idref="fl-db"/>
      </object_component>
      <object_component id="oc-2f9">
         <name>.text:_nop</name>
         <load_address>0x18da</load_address>
         <run_address>0x18da</run_address>
         <size>0x2</size>
         <input_file_ref idref="fl-e3"/>
      </object_component>
      <object_component id="oc-a2">
         <name>.text</name>
         <load_address>0x18dc</load_address>
         <run_address>0x18dc</run_address>
         <size>0x46c</size>
         <input_file_ref idref="fl-3"/>
      </object_component>
      <object_component id="oc-126">
         <name>.text</name>
         <load_address>0x1d48</load_address>
         <run_address>0x1d48</run_address>
         <size>0x45c</size>
         <input_file_ref idref="fl-6"/>
      </object_component>
      <object_component id="oc-dd">
         <name>.text</name>
         <load_address>0x21a4</load_address>
         <run_address>0x21a4</run_address>
         <size>0x328</size>
         <input_file_ref idref="fl-5"/>
      </object_component>
      <object_component id="oc-2cd">
         <name>.text:_pconv_a</name>
         <load_address>0x24cc</load_address>
         <run_address>0x24cc</run_address>
         <size>0x270</size>
         <input_file_ref idref="fl-db"/>
      </object_component>
      <object_component id="oc-ef">
         <name>.text</name>
         <load_address>0x273c</load_address>
         <run_address>0x273c</run_address>
         <size>0x260</size>
         <input_file_ref idref="fl-10"/>
      </object_component>
      <object_component id="oc-d7">
         <name>.text</name>
         <load_address>0x299c</load_address>
         <run_address>0x299c</run_address>
         <size>0x248</size>
         <input_file_ref idref="fl-2"/>
      </object_component>
      <object_component id="oc-1dd">
         <name>.text</name>
         <load_address>0x2be4</load_address>
         <run_address>0x2be4</run_address>
         <size>0x1ec</size>
         <input_file_ref idref="fl-12"/>
      </object_component>
      <object_component id="oc-2bb">
         <name>.text:_pconv_g</name>
         <load_address>0x2dd0</load_address>
         <run_address>0x2dd0</run_address>
         <size>0x1d0</size>
         <input_file_ref idref="fl-db"/>
      </object_component>
      <object_component id="oc-e9">
         <name>.text</name>
         <load_address>0x2fa0</load_address>
         <run_address>0x2fa0</run_address>
         <size>0x1c4</size>
         <input_file_ref idref="fl-9"/>
      </object_component>
      <object_component id="oc-121">
         <name>.text</name>
         <load_address>0x3164</load_address>
         <run_address>0x3164</run_address>
         <size>0x1b6</size>
         <input_file_ref idref="fl-cb"/>
      </object_component>
      <object_component id="oc-3bc">
         <name>.text</name>
         <load_address>0x331a</load_address>
         <run_address>0x331a</run_address>
         <size>0x2</size>
         <input_file_ref idref="fl-ee"/>
      </object_component>
      <object_component id="oc-1d7">
         <name>.text</name>
         <load_address>0x331c</load_address>
         <run_address>0x331c</run_address>
         <size>0x158</size>
         <input_file_ref idref="fl-13"/>
      </object_component>
      <object_component id="oc-2c7">
         <name>.text:_pconv_e</name>
         <load_address>0x3474</load_address>
         <run_address>0x3474</run_address>
         <size>0x13c</size>
         <input_file_ref idref="fl-db"/>
      </object_component>
      <object_component id="oc-ff">
         <name>.text</name>
         <load_address>0x35b0</load_address>
         <run_address>0x35b0</run_address>
         <size>0x136</size>
         <input_file_ref idref="fl-cd"/>
      </object_component>
      <object_component id="oc-364">
         <name>.text:fcvt</name>
         <load_address>0x36e8</load_address>
         <run_address>0x36e8</run_address>
         <size>0x124</size>
         <input_file_ref idref="fl-db"/>
      </object_component>
      <object_component id="oc-1e3">
         <name>.text</name>
         <load_address>0x380c</load_address>
         <run_address>0x380c</run_address>
         <size>0x118</size>
         <input_file_ref idref="fl-11"/>
      </object_component>
      <object_component id="oc-378">
         <name>.text:scalbn</name>
         <load_address>0x3924</load_address>
         <run_address>0x3924</run_address>
         <size>0x110</size>
         <input_file_ref idref="fl-ed"/>
      </object_component>
      <object_component id="oc-32e">
         <name>.text:aligned_alloc</name>
         <load_address>0x3a34</load_address>
         <run_address>0x3a34</run_address>
         <size>0x100</size>
         <input_file_ref idref="fl-d6"/>
      </object_component>
      <object_component id="oc-fa">
         <name>.text</name>
         <load_address>0x3b34</load_address>
         <run_address>0x3b34</run_address>
         <size>0xfc</size>
         <input_file_ref idref="fl-ce"/>
      </object_component>
      <object_component id="oc-1ae">
         <name>.text:free</name>
         <load_address>0x3c30</load_address>
         <run_address>0x3c30</run_address>
         <size>0xe4</size>
         <input_file_ref idref="fl-d6"/>
      </object_component>
      <object_component id="oc-2b5">
         <name>.text:_ltostr</name>
         <load_address>0x3d14</load_address>
         <run_address>0x3d14</run_address>
         <size>0xb1</size>
         <input_file_ref idref="fl-db"/>
      </object_component>
      <object_component id="oc-3e">
         <name>.text</name>
         <load_address>0x3dc6</load_address>
         <run_address>0x3dc6</run_address>
         <size>0x9c</size>
         <input_file_ref idref="fl-d2"/>
      </object_component>
      <object_component id="oc-346">
         <name>.text</name>
         <load_address>0x3e62</load_address>
         <run_address>0x3e62</run_address>
         <size>0x96</size>
         <input_file_ref idref="fl-de"/>
      </object_component>
      <object_component id="oc-220">
         <name>.text:__aeabi_cdcmple</name>
         <load_address>0x3ef8</load_address>
         <run_address>0x3ef8</run_address>
         <size>0x86</size>
         <input_file_ref idref="fl-cc"/>
      </object_component>
      <object_component id="oc-225">
         <name>.text:__aeabi_cdrcmple</name>
         <load_address>0x3f7e</load_address>
         <run_address>0x3f7e</run_address>
         <size>0x86</size>
         <input_file_ref idref="fl-cc"/>
      </object_component>
      <object_component id="oc-96">
         <name>.text</name>
         <load_address>0x4004</load_address>
         <run_address>0x4004</run_address>
         <size>0x7a</size>
         <input_file_ref idref="fl-dd"/>
      </object_component>
      <object_component id="oc-3ae">
         <name>.text:split</name>
         <load_address>0x4080</load_address>
         <run_address>0x4080</run_address>
         <size>0x70</size>
         <input_file_ref idref="fl-d6"/>
      </object_component>
      <object_component id="oc-35d">
         <name>.text:_mcpy</name>
         <load_address>0x40f0</load_address>
         <run_address>0x40f0</run_address>
         <size>0x6e</size>
         <input_file_ref idref="fl-db"/>
      </object_component>
      <object_component id="oc-104">
         <name>.text</name>
         <load_address>0x415e</load_address>
         <run_address>0x415e</run_address>
         <size>0x6e</size>
         <input_file_ref idref="fl-cf"/>
      </object_component>
      <object_component id="oc-15">
         <name>.text:decompress:lzss:__TI_decompress_lzss</name>
         <load_address>0x41cc</load_address>
         <run_address>0x41cc</run_address>
         <size>0x68</size>
         <input_file_ref idref="fl-d5"/>
      </object_component>
      <object_component id="oc-372">
         <name>.text:frexp</name>
         <load_address>0x4234</load_address>
         <run_address>0x4234</run_address>
         <size>0x64</size>
         <input_file_ref idref="fl-ec"/>
      </object_component>
      <object_component id="oc-2c1">
         <name>.text:_pconv_f</name>
         <load_address>0x4298</load_address>
         <run_address>0x4298</run_address>
         <size>0x56</size>
         <input_file_ref idref="fl-db"/>
      </object_component>
      <object_component id="oc-351">
         <name>.text:__TI_ltoa</name>
         <load_address>0x42ee</load_address>
         <run_address>0x42ee</run_address>
         <size>0x54</size>
         <input_file_ref idref="fl-e4"/>
      </object_component>
      <object_component id="oc-357">
         <name>.text:_ecpy</name>
         <load_address>0x4342</load_address>
         <run_address>0x4342</run_address>
         <size>0x52</size>
         <input_file_ref idref="fl-db"/>
      </object_component>
      <object_component id="oc-2af">
         <name>.text:atoi</name>
         <load_address>0x4394</load_address>
         <run_address>0x4394</run_address>
         <size>0x4c</size>
         <input_file_ref idref="fl-e6"/>
      </object_component>
      <object_component id="oc-34c">
         <name>.text</name>
         <load_address>0x43e0</load_address>
         <run_address>0x43e0</run_address>
         <size>0x48</size>
         <input_file_ref idref="fl-dc"/>
      </object_component>
      <object_component id="oc-146">
         <name>.text:__TI_auto_init_nobinit_nopinit:__TI_auto_init_nobinit_nopinit</name>
         <load_address>0x4428</load_address>
         <run_address>0x4428</run_address>
         <size>0x44</size>
         <input_file_ref idref="fl-df"/>
      </object_component>
      <object_component id="oc-109">
         <name>.text:sprintf</name>
         <load_address>0x446c</load_address>
         <run_address>0x446c</run_address>
         <size>0x40</size>
         <input_file_ref idref="fl-c9"/>
      </object_component>
      <object_component id="oc-18c">
         <name>.text:vsnprintf</name>
         <load_address>0x44ac</load_address>
         <run_address>0x44ac</run_address>
         <size>0x40</size>
         <input_file_ref idref="fl-ca"/>
      </object_component>
      <object_component id="oc-36a">
         <name>.text:_fcpy</name>
         <load_address>0x44ec</load_address>
         <run_address>0x44ec</run_address>
         <size>0x3e</size>
         <input_file_ref idref="fl-db"/>
      </object_component>
      <object_component id="oc-1a8">
         <name>.text:calloc</name>
         <load_address>0x452c</load_address>
         <run_address>0x452c</run_address>
         <size>0x38</size>
         <input_file_ref idref="fl-d6"/>
      </object_component>
      <object_component id="oc-f5">
         <name>.text</name>
         <load_address>0x4564</load_address>
         <run_address>0x4564</run_address>
         <size>0x38</size>
         <input_file_ref idref="fl-d0"/>
      </object_component>
      <object_component id="oc-17a">
         <name>.text:IntRegister</name>
         <load_address>0x459c</load_address>
         <run_address>0x459c</run_address>
         <size>0x34</size>
         <input_file_ref idref="fl-f0"/>
      </object_component>
      <object_component id="oc-5c">
         <name>.text:_c_int00_noargs:_c_int00_noargs</name>
         <load_address>0x45d0</load_address>
         <run_address>0x45d0</run_address>
         <size>0x34</size>
         <input_file_ref idref="fl-da"/>
      </object_component>
      <object_component id="oc-259">
         <name>.text:_outs</name>
         <load_address>0x4604</load_address>
         <run_address>0x4604</run_address>
         <size>0x30</size>
         <input_file_ref idref="fl-ca"/>
      </object_component>
      <object_component id="oc-11c">
         <name>.text</name>
         <load_address>0x4634</load_address>
         <run_address>0x4634</run_address>
         <size>0x2e</size>
         <input_file_ref idref="fl-d1"/>
      </object_component>
      <object_component id="oc-289">
         <name>.text:free_list_insert</name>
         <load_address>0x4664</load_address>
         <run_address>0x4664</run_address>
         <size>0x28</size>
         <input_file_ref idref="fl-d6"/>
      </object_component>
      <object_component id="oc-4a">
         <name>.text:decompress:ZI:__TI_zero_init_nomemset:__TI_zero_init_nomemset</name>
         <load_address>0x468c</load_address>
         <run_address>0x468c</run_address>
         <size>0x1c</size>
         <input_file_ref idref="fl-d3"/>
      </object_component>
      <object_component id="oc-283">
         <name>.text:free_list_remove</name>
         <load_address>0x46a8</load_address>
         <run_address>0x46a8</run_address>
         <size>0x1c</size>
         <input_file_ref idref="fl-d6"/>
      </object_component>
      <object_component id="oc-2d3">
         <name>.text:memccpy</name>
         <load_address>0x46c4</load_address>
         <run_address>0x46c4</run_address>
         <size>0x1c</size>
         <input_file_ref idref="fl-e8"/>
      </object_component>
      <object_component id="oc-3d0">
         <name>.text:copysign</name>
         <load_address>0x46e0</load_address>
         <run_address>0x46e0</run_address>
         <size>0x1a</size>
         <input_file_ref idref="fl-ef"/>
      </object_component>
      <object_component id="oc-25f">
         <name>.text:_outc</name>
         <load_address>0x46fa</load_address>
         <run_address>0x46fa</run_address>
         <size>0x18</size>
         <input_file_ref idref="fl-ca"/>
      </object_component>
      <object_component id="oc-1fc">
         <name>.text:_outs</name>
         <load_address>0x4712</load_address>
         <run_address>0x4712</run_address>
         <size>0x18</size>
         <input_file_ref idref="fl-c9"/>
      </object_component>
      <object_component id="oc-1b4">
         <name>.text:oi_parseInt</name>
         <load_address>0x472a</load_address>
         <run_address>0x472a</run_address>
         <size>0x18</size>
         <input_file_ref idref="fl-7"/>
      </object_component>
      <object_component id="oc-192">
         <name>.text:strcmp</name>
         <load_address>0x4742</load_address>
         <run_address>0x4742</run_address>
         <size>0x18</size>
         <input_file_ref idref="fl-d7"/>
      </object_component>
      <object_component id="oc-37e">
         <name>.text:strchr</name>
         <load_address>0x475a</load_address>
         <run_address>0x475a</run_address>
         <size>0x16</size>
         <input_file_ref idref="fl-e9"/>
      </object_component>
      <object_component id="oc-198">
         <name>.text:strcpy</name>
         <load_address>0x4770</load_address>
         <run_address>0x4770</run_address>
         <size>0x14</size>
         <input_file_ref idref="fl-d8"/>
      </object_component>
      <object_component id="oc-1cf">
         <name>.text:strlen</name>
         <load_address>0x4784</load_address>
         <run_address>0x4784</run_address>
         <size>0x14</size>
         <input_file_ref idref="fl-d9"/>
      </object_component>
      <object_component id="oc-2d9">
         <name>.text:wcslen</name>
         <load_address>0x4798</load_address>
         <run_address>0x4798</run_address>
         <size>0x12</size>
         <input_file_ref idref="fl-eb"/>
      </object_component>
      <object_component id="oc-1bb">
         <name>.text:IntMasterEnable</name>
         <load_address>0x47aa</load_address>
         <run_address>0x47aa</run_address>
         <size>0x10</size>
         <input_file_ref idref="fl-f0"/>
      </object_component>
      <object_component id="oc-185">
         <name>.text:lcd_clear</name>
         <load_address>0x47ba</load_address>
         <run_address>0x47ba</run_address>
         <size>0x10</size>
         <input_file_ref idref="fl-5"/>
      </object_component>
      <object_component id="oc-1b">
         <name>.text:decompress:none:__TI_decompress_none</name>
         <load_address>0x47ca</load_address>
         <run_address>0x47ca</run_address>
         <size>0xe</size>
         <input_file_ref idref="fl-d4"/>
      </object_component>
      <object_component id="oc-290">
         <name>.text:CPUcpsie</name>
         <load_address>0x47d8</load_address>
         <run_address>0x47d8</run_address>
         <size>0xc</size>
         <input_file_ref idref="fl-f1"/>
      </object_component>
      <object_component id="oc-2a">
         <name>.text</name>
         <load_address>0x47e4</load_address>
         <run_address>0x47e4</run_address>
         <size>0xc</size>
         <input_file_ref idref="fl-8"/>
      </object_component>
      <object_component id="oc-202">
         <name>.text:_outc</name>
         <load_address>0x47f0</load_address>
         <run_address>0x47f0</run_address>
         <size>0xa</size>
         <input_file_ref idref="fl-c9"/>
      </object_component>
      <object_component id="oc-2df">
         <name>.text:__aeabi_errno_addr</name>
         <load_address>0x47fc</load_address>
         <run_address>0x47fc</run_address>
         <size>0x8</size>
         <input_file_ref idref="fl-ea"/>
      </object_component>
      <object_component id="oc-27c">
         <name>.text:malloc</name>
         <load_address>0x4804</load_address>
         <run_address>0x4804</run_address>
         <size>0x8</size>
         <input_file_ref idref="fl-d6"/>
      </object_component>
      <object_component id="oc-9c">
         <name>.text:_system_pre_init</name>
         <load_address>0x480c</load_address>
         <run_address>0x480c</run_address>
         <size>0x4</size>
         <input_file_ref idref="fl-e0"/>
      </object_component>
      <object_component id="oc-13a">
         <name>.text:abort:abort</name>
         <load_address>0x4810</load_address>
         <run_address>0x4810</run_address>
         <size>0x4</size>
         <input_file_ref idref="fl-e2"/>
      </object_component>
      <object_component id="oc-341">
         <name>.const:.string:_ctypes_</name>
         <load_address>0x4814</load_address>
         <run_address>0x4814</run_address>
         <size>0x101</size>
         <input_file_ref idref="fl-e7"/>
      </object_component>
      <object_component id="oc-1c4">
         <name>.const:.string:$P$T0$3</name>
         <load_address>0x4915</load_address>
         <run_address>0x4915</run_address>
         <size>0xf</size>
         <input_file_ref idref="fl-7"/>
      </object_component>
      <object_component id="oc-19e">
         <name>.const:.string:lineAddress$1</name>
         <load_address>0x4924</load_address>
         <run_address>0x4924</run_address>
         <size>0x4</size>
         <input_file_ref idref="fl-5"/>
      </object_component>
      <object_component id="oc-19f">
         <name>.const:.string:lineAddresses$2</name>
         <load_address>0x4928</load_address>
         <run_address>0x4928</run_address>
         <size>0x4</size>
         <input_file_ref idref="fl-5"/>
      </object_component>
      <object_component id="oc-42a">
         <name>.cinit..data.load</name>
         <load_address>0x4930</load_address>
         <run_address>0x4930</run_address>
         <size>0x23</size>
      </object_component>
      <object_component id="oc-427">
         <name>__TI_handler_table</name>
         <load_address>0x4954</load_address>
         <run_address>0x4954</run_address>
         <size>0xc</size>
      </object_component>
      <object_component id="oc-42b">
         <name>.cinit..bss.load</name>
         <load_address>0x4960</load_address>
         <run_address>0x4960</run_address>
         <size>0x8</size>
      </object_component>
      <object_component id="oc-429">
         <name>.cinit..vtable.load</name>
         <load_address>0x4968</load_address>
         <run_address>0x4968</run_address>
         <size>0x8</size>
      </object_component>
      <object_component id="oc-428">
         <name>__TI_cinit_table</name>
         <load_address>0x4970</load_address>
         <run_address>0x4970</run_address>
         <size>0x18</size>
      </object_component>
      <object_component id="oc-24d">
         <name>.vtable</name>
         <uninitialized>true</uninitialized>
         <run_address>0x20000000</run_address>
         <size>0x26c</size>
         <input_file_ref idref="fl-f0"/>
      </object_component>
      <object_component id="oc-180">
         <name>.data</name>
         <load_address>0x20002348</load_address>
         <run_address>0x20002348</run_address>
         <size>0x1</size>
         <input_file_ref idref="fl-2"/>
      </object_component>
      <object_component id="oc-12c">
         <name>.data</name>
         <load_address>0x2000233c</load_address>
         <run_address>0x2000233c</run_address>
         <size>0x4</size>
         <input_file_ref idref="fl-3"/>
      </object_component>
      <object_component id="oc-1c1">
         <name>.data</name>
         <load_address>0x200022fc</load_address>
         <run_address>0x200022fc</run_address>
         <size>0x20</size>
         <input_file_ref idref="fl-7"/>
      </object_component>
      <object_component id="oc-119">
         <name>.data</name>
         <load_address>0x2000231c</load_address>
         <run_address>0x2000231c</run_address>
         <size>0x10</size>
         <input_file_ref idref="fl-9"/>
      </object_component>
      <object_component id="oc-1e9">
         <name>.data</name>
         <load_address>0x20002340</load_address>
         <run_address>0x20002340</run_address>
         <size>0x4</size>
         <input_file_ref idref="fl-10"/>
      </object_component>
      <object_component id="oc-335">
         <name>.data:$O1$$</name>
         <load_address>0x20002334</load_address>
         <run_address>0x20002334</run_address>
         <size>0x8</size>
         <input_file_ref idref="fl-d6"/>
      </object_component>
      <object_component id="oc-231">
         <name>.data:$O1$$</name>
         <load_address>0x2000232c</load_address>
         <run_address>0x2000232c</run_address>
         <size>0x8</size>
         <input_file_ref idref="fl-e3"/>
      </object_component>
      <object_component id="oc-38e">
         <name>.data</name>
         <load_address>0x20002344</load_address>
         <run_address>0x20002344</run_address>
         <size>0x4</size>
         <input_file_ref idref="fl-ea"/>
      </object_component>
      <object_component id="oc-1a0">
         <name>.bss:lastbuffer$3</name>
         <uninitialized>true</uninitialized>
         <run_address>0x20002270</run_address>
         <size>0x54</size>
         <input_file_ref idref="fl-5"/>
      </object_component>
      <object_component id="oc-1c7">
         <name>.bss:firmware$2</name>
         <uninitialized>true</uninitialized>
         <run_address>0x200022c4</run_address>
         <size>0x18</size>
         <input_file_ref idref="fl-7"/>
      </object_component>
      <object_component id="oc-183">
         <name>.common:_timeout_ticks</name>
         <uninitialized>true</uninitialized>
         <run_address>0x200022dc</run_address>
         <size>0x4</size>
      </object_component>
      <object_component id="oc-10f">
         <name>.common:right_calibration_value</name>
         <uninitialized>true</uninitialized>
         <run_address>0x200022f0</run_address>
         <size>0x4</size>
      </object_component>
      <object_component id="oc-118">
         <name>.common:left_calibration_value</name>
         <uninitialized>true</uninitialized>
         <run_address>0x200022e8</run_address>
         <size>0x4</size>
      </object_component>
      <object_component id="oc-2a9">
         <name>.common:isr_int_value</name>
         <uninitialized>true</uninitialized>
         <run_address>0x200022e4</run_address>
         <size>0x4</size>
      </object_component>
      <object_component id="oc-2a5">
         <name>.common:risingEdge</name>
         <uninitialized>true</uninitialized>
         <run_address>0x200022f4</run_address>
         <size>0x4</size>
      </object_component>
      <object_component id="oc-2a6">
         <name>.common:fallingEdge</name>
         <uninitialized>true</uninitialized>
         <run_address>0x200022e0</run_address>
         <size>0x4</size>
      </object_component>
      <object_component id="oc-2a7">
         <name>.common:pulseLength</name>
         <uninitialized>true</uninitialized>
         <run_address>0x200022ec</run_address>
         <size>0x4</size>
      </object_component>
      <object_component id="oc-2a2">
         <name>.common:isRisingEdge</name>
         <uninitialized>true</uninitialized>
         <run_address>0x200022f8</run_address>
         <size>0x1</size>
      </object_component>
      <object_component id="oc-24">
         <name>.sysmem</name>
         <uninitialized>true</uninitialized>
         <run_address>0x20001270</run_address>
         <size>0x10</size>
         <input_file_ref idref="fl-d6"/>
      </object_component>
      <object_component id="oc-42e">
         <name>.sysmem</name>
         <uninitialized>true</uninitialized>
         <run_address>0x20001270</run_address>
         <size>0x0</size>
      </object_component>
      <object_component id="oc-27">
         <name>.stack</name>
         <uninitialized>true</uninitialized>
         <run_address>0x20000270</run_address>
         <size>0x4</size>
         <input_file_ref idref="fl-da"/>
      </object_component>
      <object_component id="oc-42d">
         <name>.stack</name>
         <uninitialized>true</uninitialized>
         <run_address>0x20000270</run_address>
         <size>0x0</size>
      </object_component>
      <object_component id="oc-c5">
         <name>.debug_info</name>
         <load_address>0x0</load_address>
         <run_address>0x0</run_address>
         <size>0x2b2</size>
         <input_file_ref idref="fl-2"/>
      </object_component>
      <object_component id="oc-181">
         <name>.debug_info</name>
         <load_address>0x2b2</load_address>
         <run_address>0x2b2</run_address>
         <size>0xc0</size>
         <input_file_ref idref="fl-2"/>
      </object_component>
      <object_component id="oc-d8">
         <name>.debug_info</name>
         <load_address>0x372</load_address>
         <run_address>0x372</run_address>
         <size>0x508</size>
         <input_file_ref idref="fl-2"/>
      </object_component>
      <object_component id="oc-77">
         <name>.debug_info</name>
         <load_address>0x87a</load_address>
         <run_address>0x87a</run_address>
         <size>0x26b</size>
         <input_file_ref idref="fl-2"/>
      </object_component>
      <object_component id="oc-39">
         <name>.debug_info</name>
         <load_address>0xae5</load_address>
         <run_address>0xae5</run_address>
         <size>0x84</size>
         <input_file_ref idref="fl-2"/>
      </object_component>
      <object_component id="oc-c0">
         <name>.debug_info</name>
         <load_address>0xb69</load_address>
         <run_address>0xb69</run_address>
         <size>0x2a4</size>
         <input_file_ref idref="fl-2"/>
      </object_component>
      <object_component id="oc-7c">
         <name>.debug_info</name>
         <load_address>0xe0d</load_address>
         <run_address>0xe0d</run_address>
         <size>0xbb</size>
         <input_file_ref idref="fl-2"/>
      </object_component>
      <object_component id="oc-110">
         <name>.debug_info</name>
         <load_address>0xec8</load_address>
         <run_address>0xec8</run_address>
         <size>0x598</size>
         <input_file_ref idref="fl-3"/>
      </object_component>
      <object_component id="oc-12d">
         <name>.debug_info</name>
         <load_address>0x1460</load_address>
         <run_address>0x1460</run_address>
         <size>0xe2</size>
         <input_file_ref idref="fl-3"/>
      </object_component>
      <object_component id="oc-a3">
         <name>.debug_info</name>
         <load_address>0x1542</load_address>
         <run_address>0x1542</run_address>
         <size>0x803</size>
         <input_file_ref idref="fl-3"/>
      </object_component>
      <object_component id="oc-130">
         <name>.debug_info</name>
         <load_address>0x1d45</load_address>
         <run_address>0x1d45</run_address>
         <size>0x9d</size>
         <input_file_ref idref="fl-3"/>
      </object_component>
      <object_component id="oc-20c">
         <name>.debug_info</name>
         <load_address>0x1de2</load_address>
         <run_address>0x1de2</run_address>
         <size>0x5aa</size>
         <input_file_ref idref="fl-3"/>
      </object_component>
      <object_component id="oc-277">
         <name>.debug_info</name>
         <load_address>0x238c</load_address>
         <run_address>0x238c</run_address>
         <size>0xcc</size>
         <input_file_ref idref="fl-3"/>
      </object_component>
      <object_component id="oc-1a3">
         <name>.debug_info</name>
         <load_address>0x2458</load_address>
         <run_address>0x2458</run_address>
         <size>0x2c</size>
         <input_file_ref idref="fl-3"/>
      </object_component>
      <object_component id="oc-211">
         <name>.debug_info</name>
         <load_address>0x2484</load_address>
         <run_address>0x2484</run_address>
         <size>0x35</size>
         <input_file_ref idref="fl-3"/>
      </object_component>
      <object_component id="oc-135">
         <name>.debug_info</name>
         <load_address>0x24b9</load_address>
         <run_address>0x24b9</run_address>
         <size>0x69</size>
         <input_file_ref idref="fl-3"/>
      </object_component>
      <object_component id="oc-112">
         <name>.debug_info</name>
         <load_address>0x2522</load_address>
         <run_address>0x2522</run_address>
         <size>0x599</size>
         <input_file_ref idref="fl-4"/>
      </object_component>
      <object_component id="oc-1a2">
         <name>.debug_info</name>
         <load_address>0x2abb</load_address>
         <run_address>0x2abb</run_address>
         <size>0x380</size>
         <input_file_ref idref="fl-5"/>
      </object_component>
      <object_component id="oc-187">
         <name>.debug_info</name>
         <load_address>0x2e3b</load_address>
         <run_address>0x2e3b</run_address>
         <size>0x115</size>
         <input_file_ref idref="fl-5"/>
      </object_component>
      <object_component id="oc-df">
         <name>.debug_info</name>
         <load_address>0x2f50</load_address>
         <run_address>0x2f50</run_address>
         <size>0x8a1</size>
         <input_file_ref idref="fl-5"/>
      </object_component>
      <object_component id="oc-116">
         <name>.debug_info</name>
         <load_address>0x37f1</load_address>
         <run_address>0x37f1</run_address>
         <size>0x480</size>
         <input_file_ref idref="fl-6"/>
      </object_component>
      <object_component id="oc-128">
         <name>.debug_info</name>
         <load_address>0x3c71</load_address>
         <run_address>0x3c71</run_address>
         <size>0xb56</size>
         <input_file_ref idref="fl-6"/>
      </object_component>
      <object_component id="oc-1c9">
         <name>.debug_info</name>
         <load_address>0x47c7</load_address>
         <run_address>0x47c7</run_address>
         <size>0x3fd</size>
         <input_file_ref idref="fl-7"/>
      </object_component>
      <object_component id="oc-1c2">
         <name>.debug_info</name>
         <load_address>0x4bc4</load_address>
         <run_address>0x4bc4</run_address>
         <size>0x112</size>
         <input_file_ref idref="fl-7"/>
      </object_component>
      <object_component id="oc-1c5">
         <name>.debug_info</name>
         <load_address>0x4cd6</load_address>
         <run_address>0x4cd6</run_address>
         <size>0xc7</size>
         <input_file_ref idref="fl-7"/>
      </object_component>
      <object_component id="oc-1b5">
         <name>.debug_info</name>
         <load_address>0x4d9d</load_address>
         <run_address>0x4d9d</run_address>
         <size>0x13f</size>
         <input_file_ref idref="fl-7"/>
      </object_component>
      <object_component id="oc-e4">
         <name>.debug_info</name>
         <load_address>0x4edc</load_address>
         <run_address>0x4edc</run_address>
         <size>0x1989</size>
         <input_file_ref idref="fl-7"/>
      </object_component>
      <object_component id="oc-1ca">
         <name>.debug_info</name>
         <load_address>0x6865</load_address>
         <run_address>0x6865</run_address>
         <size>0x8b</size>
         <input_file_ref idref="fl-7"/>
      </object_component>
      <object_component id="oc-32">
         <name>.debug_info</name>
         <load_address>0x68f0</load_address>
         <run_address>0x68f0</run_address>
         <size>0x29c</size>
         <input_file_ref idref="fl-8"/>
      </object_component>
      <object_component id="oc-13">
         <name>.debug_info</name>
         <load_address>0x6b8c</load_address>
         <run_address>0x6b8c</run_address>
         <size>0xdb</size>
         <input_file_ref idref="fl-8"/>
      </object_component>
      <object_component id="oc-2b">
         <name>.debug_info</name>
         <load_address>0x6c67</load_address>
         <run_address>0x6c67</run_address>
         <size>0x257</size>
         <input_file_ref idref="fl-8"/>
      </object_component>
      <object_component id="oc-1d6">
         <name>.debug_info</name>
         <load_address>0x6ebe</load_address>
         <run_address>0x6ebe</run_address>
         <size>0x2e0</size>
         <input_file_ref idref="fl-9"/>
      </object_component>
      <object_component id="oc-11a">
         <name>.debug_info</name>
         <load_address>0x719e</load_address>
         <run_address>0x719e</run_address>
         <size>0x144</size>
         <input_file_ref idref="fl-9"/>
      </object_component>
      <object_component id="oc-ea">
         <name>.debug_info</name>
         <load_address>0x72e2</load_address>
         <run_address>0x72e2</run_address>
         <size>0x371</size>
         <input_file_ref idref="fl-9"/>
      </object_component>
      <object_component id="oc-114">
         <name>.debug_info</name>
         <load_address>0x7653</load_address>
         <run_address>0x7653</run_address>
         <size>0x485</size>
         <input_file_ref idref="fl-10"/>
      </object_component>
      <object_component id="oc-1ea">
         <name>.debug_info</name>
         <load_address>0x7ad8</load_address>
         <run_address>0x7ad8</run_address>
         <size>0x114</size>
         <input_file_ref idref="fl-10"/>
      </object_component>
      <object_component id="oc-f1">
         <name>.debug_info</name>
         <load_address>0x7bec</load_address>
         <run_address>0x7bec</run_address>
         <size>0x4ce</size>
         <input_file_ref idref="fl-10"/>
      </object_component>
      <object_component id="oc-1ed">
         <name>.debug_info</name>
         <load_address>0x80ba</load_address>
         <run_address>0x80ba</run_address>
         <size>0x9d</size>
         <input_file_ref idref="fl-10"/>
      </object_component>
      <object_component id="oc-2aa">
         <name>.debug_info</name>
         <load_address>0x8157</load_address>
         <run_address>0x8157</run_address>
         <size>0x2b7</size>
         <input_file_ref idref="fl-11"/>
      </object_component>
      <object_component id="oc-1e6">
         <name>.debug_info</name>
         <load_address>0x840e</load_address>
         <run_address>0x840e</run_address>
         <size>0x266</size>
         <input_file_ref idref="fl-11"/>
      </object_component>
      <object_component id="oc-2a3">
         <name>.debug_info</name>
         <load_address>0x8674</load_address>
         <run_address>0x8674</run_address>
         <size>0x3ba</size>
         <input_file_ref idref="fl-12"/>
      </object_component>
      <object_component id="oc-1df">
         <name>.debug_info</name>
         <load_address>0x8a2e</load_address>
         <run_address>0x8a2e</run_address>
         <size>0x270</size>
         <input_file_ref idref="fl-12"/>
      </object_component>
      <object_component id="oc-1da">
         <name>.debug_info</name>
         <load_address>0x8c9e</load_address>
         <run_address>0x8c9e</run_address>
         <size>0x296</size>
         <input_file_ref idref="fl-13"/>
      </object_component>
      <object_component id="oc-209">
         <name>.debug_info</name>
         <load_address>0x8f34</load_address>
         <run_address>0x8f34</run_address>
         <size>0x333</size>
         <input_file_ref idref="fl-c9"/>
      </object_component>
      <object_component id="oc-10a">
         <name>.debug_info</name>
         <load_address>0x9267</load_address>
         <run_address>0x9267</run_address>
         <size>0x1d1</size>
         <input_file_ref idref="fl-c9"/>
      </object_component>
      <object_component id="oc-1fd">
         <name>.debug_info</name>
         <load_address>0x9438</load_address>
         <run_address>0x9438</run_address>
         <size>0x18d</size>
         <input_file_ref idref="fl-c9"/>
      </object_component>
      <object_component id="oc-205">
         <name>.debug_info</name>
         <load_address>0x95c5</load_address>
         <run_address>0x95c5</run_address>
         <size>0x16d</size>
         <input_file_ref idref="fl-c9"/>
      </object_component>
      <object_component id="oc-267">
         <name>.debug_info</name>
         <load_address>0x9732</load_address>
         <run_address>0x9732</run_address>
         <size>0x2c</size>
         <input_file_ref idref="fl-c9"/>
      </object_component>
      <object_component id="oc-266">
         <name>.debug_info</name>
         <load_address>0x975e</load_address>
         <run_address>0x975e</run_address>
         <size>0x340</size>
         <input_file_ref idref="fl-ca"/>
      </object_component>
      <object_component id="oc-18d">
         <name>.debug_info</name>
         <load_address>0x9a9e</load_address>
         <run_address>0x9a9e</run_address>
         <size>0x208</size>
         <input_file_ref idref="fl-ca"/>
      </object_component>
      <object_component id="oc-25a">
         <name>.debug_info</name>
         <load_address>0x9ca6</load_address>
         <run_address>0x9ca6</run_address>
         <size>0x1c6</size>
         <input_file_ref idref="fl-ca"/>
      </object_component>
      <object_component id="oc-260">
         <name>.debug_info</name>
         <load_address>0x9e6c</load_address>
         <run_address>0x9e6c</run_address>
         <size>0x179</size>
         <input_file_ref idref="fl-ca"/>
      </object_component>
      <object_component id="oc-26c">
         <name>.debug_info</name>
         <load_address>0x9fe5</load_address>
         <run_address>0x9fe5</run_address>
         <size>0x69</size>
         <input_file_ref idref="fl-ca"/>
      </object_component>
      <object_component id="oc-123">
         <name>.debug_info</name>
         <load_address>0xa04e</load_address>
         <run_address>0xa04e</run_address>
         <size>0x14c</size>
         <input_file_ref idref="fl-cb"/>
      </object_component>
      <object_component id="oc-221">
         <name>.debug_info</name>
         <load_address>0xa19a</load_address>
         <run_address>0xa19a</run_address>
         <size>0x128</size>
         <input_file_ref idref="fl-cc"/>
      </object_component>
      <object_component id="oc-226">
         <name>.debug_info</name>
         <load_address>0xa2c2</load_address>
         <run_address>0xa2c2</run_address>
         <size>0x12a</size>
         <input_file_ref idref="fl-cc"/>
      </object_component>
      <object_component id="oc-100">
         <name>.debug_info</name>
         <load_address>0xa3ec</load_address>
         <run_address>0xa3ec</run_address>
         <size>0x13a</size>
         <input_file_ref idref="fl-cd"/>
      </object_component>
      <object_component id="oc-fb">
         <name>.debug_info</name>
         <load_address>0xa526</load_address>
         <run_address>0xa526</run_address>
         <size>0x13a</size>
         <input_file_ref idref="fl-ce"/>
      </object_component>
      <object_component id="oc-105">
         <name>.debug_info</name>
         <load_address>0xa660</load_address>
         <run_address>0xa660</run_address>
         <size>0x13e</size>
         <input_file_ref idref="fl-cf"/>
      </object_component>
      <object_component id="oc-f7">
         <name>.debug_info</name>
         <load_address>0xa79e</load_address>
         <run_address>0xa79e</run_address>
         <size>0x12c</size>
         <input_file_ref idref="fl-d0"/>
      </object_component>
      <object_component id="oc-11f">
         <name>.debug_info</name>
         <load_address>0xa8ca</load_address>
         <run_address>0xa8ca</run_address>
         <size>0x12c</size>
         <input_file_ref idref="fl-d1"/>
      </object_component>
      <object_component id="oc-41">
         <name>.debug_info</name>
         <load_address>0xa9f6</load_address>
         <run_address>0xa9f6</run_address>
         <size>0x119</size>
         <input_file_ref idref="fl-d2"/>
      </object_component>
      <object_component id="oc-95">
         <name>.debug_info</name>
         <load_address>0xab0f</load_address>
         <run_address>0xab0f</run_address>
         <size>0x2d4</size>
         <input_file_ref idref="fl-d3"/>
      </object_component>
      <object_component id="oc-4e">
         <name>.debug_info</name>
         <load_address>0xade3</load_address>
         <run_address>0xade3</run_address>
         <size>0x1d2</size>
         <input_file_ref idref="fl-d3"/>
      </object_component>
      <object_component id="oc-90">
         <name>.debug_info</name>
         <load_address>0xafb5</load_address>
         <run_address>0xafb5</run_address>
         <size>0x46</size>
         <input_file_ref idref="fl-d3"/>
      </object_component>
      <object_component id="oc-ce">
         <name>.debug_info</name>
         <load_address>0xaffb</load_address>
         <run_address>0xaffb</run_address>
         <size>0x2c</size>
         <input_file_ref idref="fl-d3"/>
      </object_component>
      <object_component id="oc-49">
         <name>.debug_info</name>
         <load_address>0xb027</load_address>
         <run_address>0xb027</run_address>
         <size>0x2a8</size>
         <input_file_ref idref="fl-d4"/>
      </object_component>
      <object_component id="oc-1e">
         <name>.debug_info</name>
         <load_address>0xb2cf</load_address>
         <run_address>0xb2cf</run_address>
         <size>0x1ea</size>
         <input_file_ref idref="fl-d4"/>
      </object_component>
      <object_component id="oc-44">
         <name>.debug_info</name>
         <load_address>0xb4b9</load_address>
         <run_address>0xb4b9</run_address>
         <size>0x46</size>
         <input_file_ref idref="fl-d4"/>
      </object_component>
      <object_component id="oc-88">
         <name>.debug_info</name>
         <load_address>0xb4ff</load_address>
         <run_address>0xb4ff</run_address>
         <size>0x2c</size>
         <input_file_ref idref="fl-d4"/>
      </object_component>
      <object_component id="oc-86">
         <name>.debug_info</name>
         <load_address>0xb52b</load_address>
         <run_address>0xb52b</run_address>
         <size>0x29e</size>
         <input_file_ref idref="fl-d5"/>
      </object_component>
      <object_component id="oc-19">
         <name>.debug_info</name>
         <load_address>0xb7c9</load_address>
         <run_address>0xb7c9</run_address>
         <size>0x250</size>
         <input_file_ref idref="fl-d5"/>
      </object_component>
      <object_component id="oc-34">
         <name>.debug_info</name>
         <load_address>0xba19</load_address>
         <run_address>0xba19</run_address>
         <size>0x60</size>
         <input_file_ref idref="fl-d5"/>
      </object_component>
      <object_component id="oc-c7">
         <name>.debug_info</name>
         <load_address>0xba79</load_address>
         <run_address>0xba79</run_address>
         <size>0x46</size>
         <input_file_ref idref="fl-d5"/>
      </object_component>
      <object_component id="oc-81">
         <name>.debug_info</name>
         <load_address>0xbabf</load_address>
         <run_address>0xbabf</run_address>
         <size>0x39</size>
         <input_file_ref idref="fl-d5"/>
      </object_component>
      <object_component id="oc-70">
         <name>.debug_info</name>
         <load_address>0xbaf8</load_address>
         <run_address>0xbaf8</run_address>
         <size>0x3b2</size>
         <input_file_ref idref="fl-d6"/>
      </object_component>
      <object_component id="oc-25">
         <name>.debug_info</name>
         <load_address>0xbeaa</load_address>
         <run_address>0xbeaa</run_address>
         <size>0x10c</size>
         <input_file_ref idref="fl-d6"/>
      </object_component>
      <object_component id="oc-336">
         <name>.debug_info</name>
         <load_address>0xbfb6</load_address>
         <run_address>0xbfb6</run_address>
         <size>0x13f</size>
         <input_file_ref idref="fl-d6"/>
      </object_component>
      <object_component id="oc-280">
         <name>.debug_info</name>
         <load_address>0xc0f5</load_address>
         <run_address>0xc0f5</run_address>
         <size>0x168</size>
         <input_file_ref idref="fl-d6"/>
      </object_component>
      <object_component id="oc-286">
         <name>.debug_info</name>
         <load_address>0xc25d</load_address>
         <run_address>0xc25d</run_address>
         <size>0x18e</size>
         <input_file_ref idref="fl-d6"/>
      </object_component>
      <object_component id="oc-28c">
         <name>.debug_info</name>
         <load_address>0xc3eb</load_address>
         <run_address>0xc3eb</run_address>
         <size>0x19f</size>
         <input_file_ref idref="fl-d6"/>
      </object_component>
      <object_component id="oc-1b2">
         <name>.debug_info</name>
         <load_address>0xc58a</load_address>
         <run_address>0xc58a</run_address>
         <size>0x203</size>
         <input_file_ref idref="fl-d6"/>
      </object_component>
      <object_component id="oc-3b1">
         <name>.debug_info</name>
         <load_address>0xc78d</load_address>
         <run_address>0xc78d</run_address>
         <size>0x1db</size>
         <input_file_ref idref="fl-d6"/>
      </object_component>
      <object_component id="oc-1ac">
         <name>.debug_info</name>
         <load_address>0xc968</load_address>
         <run_address>0xc968</run_address>
         <size>0x1a5</size>
         <input_file_ref idref="fl-d6"/>
      </object_component>
      <object_component id="oc-330">
         <name>.debug_info</name>
         <load_address>0xcb0d</load_address>
         <run_address>0xcb0d</run_address>
         <size>0x299</size>
         <input_file_ref idref="fl-d6"/>
      </object_component>
      <object_component id="oc-bb">
         <name>.debug_info</name>
         <load_address>0xcda6</load_address>
         <run_address>0xcda6</run_address>
         <size>0xb2</size>
         <input_file_ref idref="fl-d6"/>
      </object_component>
      <object_component id="oc-b6">
         <name>.debug_info</name>
         <load_address>0xce58</load_address>
         <run_address>0xce58</run_address>
         <size>0x2c</size>
         <input_file_ref idref="fl-d6"/>
      </object_component>
      <object_component id="oc-272">
         <name>.debug_info</name>
         <load_address>0xce84</load_address>
         <run_address>0xce84</run_address>
         <size>0x28a</size>
         <input_file_ref idref="fl-d7"/>
      </object_component>
      <object_component id="oc-195">
         <name>.debug_info</name>
         <load_address>0xd10e</load_address>
         <run_address>0xd10e</run_address>
         <size>0x273</size>
         <input_file_ref idref="fl-d7"/>
      </object_component>
      <object_component id="oc-274">
         <name>.debug_info</name>
         <load_address>0xd381</load_address>
         <run_address>0xd381</run_address>
         <size>0x2a4</size>
         <input_file_ref idref="fl-d8"/>
      </object_component>
      <object_component id="oc-19b">
         <name>.debug_info</name>
         <load_address>0xd625</load_address>
         <run_address>0xd625</run_address>
         <size>0x24d</size>
         <input_file_ref idref="fl-d8"/>
      </object_component>
      <object_component id="oc-29e">
         <name>.debug_info</name>
         <load_address>0xd872</load_address>
         <run_address>0xd872</run_address>
         <size>0x28f</size>
         <input_file_ref idref="fl-d9"/>
      </object_component>
      <object_component id="oc-1d0">
         <name>.debug_info</name>
         <load_address>0xdb01</load_address>
         <run_address>0xdb01</run_address>
         <size>0x245</size>
         <input_file_ref idref="fl-d9"/>
      </object_component>
      <object_component id="oc-28">
         <name>.debug_info</name>
         <load_address>0xdd46</load_address>
         <run_address>0xdd46</run_address>
         <size>0x10b</size>
         <input_file_ref idref="fl-da"/>
      </object_component>
      <object_component id="oc-60">
         <name>.debug_info</name>
         <load_address>0xde51</load_address>
         <run_address>0xde51</run_address>
         <size>0x1a9</size>
         <input_file_ref idref="fl-da"/>
      </object_component>
      <object_component id="oc-2e6">
         <name>.debug_info</name>
         <load_address>0xdffa</load_address>
         <run_address>0xdffa</run_address>
         <size>0x590</size>
         <input_file_ref idref="fl-db"/>
      </object_component>
      <object_component id="oc-2b7">
         <name>.debug_info</name>
         <load_address>0xe58a</load_address>
         <run_address>0xe58a</run_address>
         <size>0x21e</size>
         <input_file_ref idref="fl-db"/>
      </object_component>
      <object_component id="oc-359">
         <name>.debug_info</name>
         <load_address>0xe7a8</load_address>
         <run_address>0xe7a8</run_address>
         <size>0x1b3</size>
         <input_file_ref idref="fl-db"/>
      </object_component>
      <object_component id="oc-35f">
         <name>.debug_info</name>
         <load_address>0xe95b</load_address>
         <run_address>0xe95b</run_address>
         <size>0x21b</size>
         <input_file_ref idref="fl-db"/>
      </object_component>
      <object_component id="oc-2bd">
         <name>.debug_info</name>
         <load_address>0xeb76</load_address>
         <run_address>0xeb76</run_address>
         <size>0x3c0</size>
         <input_file_ref idref="fl-db"/>
      </object_component>
      <object_component id="oc-367">
         <name>.debug_info</name>
         <load_address>0xef36</load_address>
         <run_address>0xef36</run_address>
         <size>0x30a</size>
         <input_file_ref idref="fl-db"/>
      </object_component>
      <object_component id="oc-36d">
         <name>.debug_info</name>
         <load_address>0xf240</load_address>
         <run_address>0xf240</run_address>
         <size>0x215</size>
         <input_file_ref idref="fl-db"/>
      </object_component>
      <object_component id="oc-2c4">
         <name>.debug_info</name>
         <load_address>0xf455</load_address>
         <run_address>0xf455</run_address>
         <size>0x215</size>
         <input_file_ref idref="fl-db"/>
      </object_component>
      <object_component id="oc-2ca">
         <name>.debug_info</name>
         <load_address>0xf66a</load_address>
         <run_address>0xf66a</run_address>
         <size>0x304</size>
         <input_file_ref idref="fl-db"/>
      </object_component>
      <object_component id="oc-2d0">
         <name>.debug_info</name>
         <load_address>0xf96e</load_address>
         <run_address>0xf96e</run_address>
         <size>0x4b5</size>
         <input_file_ref idref="fl-db"/>
      </object_component>
      <object_component id="oc-1f9">
         <name>.debug_info</name>
         <load_address>0xfe23</load_address>
         <run_address>0xfe23</run_address>
         <size>0x5f4</size>
         <input_file_ref idref="fl-db"/>
      </object_component>
      <object_component id="oc-2e7">
         <name>.debug_info</name>
         <load_address>0x10417</load_address>
         <run_address>0x10417</run_address>
         <size>0x86</size>
         <input_file_ref idref="fl-db"/>
      </object_component>
      <object_component id="oc-395">
         <name>.debug_info</name>
         <load_address>0x1049d</load_address>
         <run_address>0x1049d</run_address>
         <size>0x39</size>
         <input_file_ref idref="fl-db"/>
      </object_component>
      <object_component id="oc-3e7">
         <name>.debug_info</name>
         <load_address>0x104d6</load_address>
         <run_address>0x104d6</run_address>
         <size>0xb6</size>
         <input_file_ref idref="fl-db"/>
      </object_component>
      <object_component id="oc-39a">
         <name>.debug_info</name>
         <load_address>0x1058c</load_address>
         <run_address>0x1058c</run_address>
         <size>0x46</size>
         <input_file_ref idref="fl-db"/>
      </object_component>
      <object_component id="oc-2ec">
         <name>.debug_info</name>
         <load_address>0x105d2</load_address>
         <run_address>0x105d2</run_address>
         <size>0x46</size>
         <input_file_ref idref="fl-db"/>
      </object_component>
      <object_component id="oc-34d">
         <name>.debug_info</name>
         <load_address>0x10618</load_address>
         <run_address>0x10618</run_address>
         <size>0x12e</size>
         <input_file_ref idref="fl-dc"/>
      </object_component>
      <object_component id="oc-98">
         <name>.debug_info</name>
         <load_address>0x10746</load_address>
         <run_address>0x10746</run_address>
         <size>0x147</size>
         <input_file_ref idref="fl-dd"/>
      </object_component>
      <object_component id="oc-348">
         <name>.debug_info</name>
         <load_address>0x1088d</load_address>
         <run_address>0x1088d</run_address>
         <size>0x134</size>
         <input_file_ref idref="fl-de"/>
      </object_component>
      <object_component id="oc-238">
         <name>.debug_info</name>
         <load_address>0x109c1</load_address>
         <run_address>0x109c1</run_address>
         <size>0x4b3</size>
         <input_file_ref idref="fl-df"/>
      </object_component>
      <object_component id="oc-14a">
         <name>.debug_info</name>
         <load_address>0x10e74</load_address>
         <run_address>0x10e74</run_address>
         <size>0x1a6</size>
         <input_file_ref idref="fl-df"/>
      </object_component>
      <object_component id="oc-307">
         <name>.debug_info</name>
         <load_address>0x1101a</load_address>
         <run_address>0x1101a</run_address>
         <size>0x39</size>
         <input_file_ref idref="fl-df"/>
      </object_component>
      <object_component id="oc-3a2">
         <name>.debug_info</name>
         <load_address>0x11053</load_address>
         <run_address>0x11053</run_address>
         <size>0x39</size>
         <input_file_ref idref="fl-df"/>
      </object_component>
      <object_component id="oc-30c">
         <name>.debug_info</name>
         <load_address>0x1108c</load_address>
         <run_address>0x1108c</run_address>
         <size>0x39</size>
         <input_file_ref idref="fl-df"/>
      </object_component>
      <object_component id="oc-311">
         <name>.debug_info</name>
         <load_address>0x110c5</load_address>
         <run_address>0x110c5</run_address>
         <size>0xcd</size>
         <input_file_ref idref="fl-df"/>
      </object_component>
      <object_component id="oc-9f">
         <name>.debug_info</name>
         <load_address>0x11192</load_address>
         <run_address>0x11192</run_address>
         <size>0x153</size>
         <input_file_ref idref="fl-e0"/>
      </object_component>
      <object_component id="oc-13c">
         <name>.debug_info</name>
         <load_address>0x112e5</load_address>
         <run_address>0x112e5</run_address>
         <size>0x122</size>
         <input_file_ref idref="fl-e2"/>
      </object_component>
      <object_component id="oc-301">
         <name>.debug_info</name>
         <load_address>0x11407</load_address>
         <run_address>0x11407</run_address>
         <size>0x2c9</size>
         <input_file_ref idref="fl-e3"/>
      </object_component>
      <object_component id="oc-232">
         <name>.debug_info</name>
         <load_address>0x116d0</load_address>
         <run_address>0x116d0</run_address>
         <size>0x11e</size>
         <input_file_ref idref="fl-e3"/>
      </object_component>
      <object_component id="oc-2fa">
         <name>.debug_info</name>
         <load_address>0x117ee</load_address>
         <run_address>0x117ee</run_address>
         <size>0x12e</size>
         <input_file_ref idref="fl-e3"/>
      </object_component>
      <object_component id="oc-3c4">
         <name>.debug_info</name>
         <load_address>0x1191c</load_address>
         <run_address>0x1191c</run_address>
         <size>0x29c</size>
         <input_file_ref idref="fl-e4"/>
      </object_component>
      <object_component id="oc-355">
         <name>.debug_info</name>
         <load_address>0x11bb8</load_address>
         <run_address>0x11bb8</run_address>
         <size>0x1da</size>
         <input_file_ref idref="fl-e4"/>
      </object_component>
      <object_component id="oc-345">
         <name>.debug_info</name>
         <load_address>0x11d92</load_address>
         <run_address>0x11d92</run_address>
         <size>0x2b9</size>
         <input_file_ref idref="fl-e6"/>
      </object_component>
      <object_component id="oc-2b0">
         <name>.debug_info</name>
         <load_address>0x1204b</load_address>
         <run_address>0x1204b</run_address>
         <size>0x17c</size>
         <input_file_ref idref="fl-e6"/>
      </object_component>
      <object_component id="oc-3b9">
         <name>.debug_info</name>
         <load_address>0x121c7</load_address>
         <run_address>0x121c7</run_address>
         <size>0xf9</size>
         <input_file_ref idref="fl-e7"/>
      </object_component>
      <object_component id="oc-342">
         <name>.debug_info</name>
         <load_address>0x122c0</load_address>
         <run_address>0x122c0</run_address>
         <size>0x105</size>
         <input_file_ref idref="fl-e7"/>
      </object_component>
      <object_component id="oc-386">
         <name>.debug_info</name>
         <load_address>0x123c5</load_address>
         <run_address>0x123c5</run_address>
         <size>0x2a7</size>
         <input_file_ref idref="fl-e8"/>
      </object_component>
      <object_component id="oc-2d4">
         <name>.debug_info</name>
         <load_address>0x1266c</load_address>
         <run_address>0x1266c</run_address>
         <size>0x1b8</size>
         <input_file_ref idref="fl-e8"/>
      </object_component>
      <object_component id="oc-3d9">
         <name>.debug_info</name>
         <load_address>0x12824</load_address>
         <run_address>0x12824</run_address>
         <size>0x29a</size>
         <input_file_ref idref="fl-e9"/>
      </object_component>
      <object_component id="oc-37f">
         <name>.debug_info</name>
         <load_address>0x12abe</load_address>
         <run_address>0x12abe</run_address>
         <size>0x262</size>
         <input_file_ref idref="fl-e9"/>
      </object_component>
      <object_component id="oc-392">
         <name>.debug_info</name>
         <load_address>0x12d20</load_address>
         <run_address>0x12d20</run_address>
         <size>0x289</size>
         <input_file_ref idref="fl-ea"/>
      </object_component>
      <object_component id="oc-38f">
         <name>.debug_info</name>
         <load_address>0x12fa9</load_address>
         <run_address>0x12fa9</run_address>
         <size>0x10e</size>
         <input_file_ref idref="fl-ea"/>
      </object_component>
      <object_component id="oc-2e1">
         <name>.debug_info</name>
         <load_address>0x130b7</load_address>
         <run_address>0x130b7</run_address>
         <size>0x14e</size>
         <input_file_ref idref="fl-ea"/>
      </object_component>
      <object_component id="oc-38d">
         <name>.debug_info</name>
         <load_address>0x13205</load_address>
         <run_address>0x13205</run_address>
         <size>0x28f</size>
         <input_file_ref idref="fl-eb"/>
      </object_component>
      <object_component id="oc-2dc">
         <name>.debug_info</name>
         <load_address>0x13494</load_address>
         <run_address>0x13494</run_address>
         <size>0x15a</size>
         <input_file_ref idref="fl-eb"/>
      </object_component>
      <object_component id="oc-3dc">
         <name>.debug_info</name>
         <load_address>0x135ee</load_address>
         <run_address>0x135ee</run_address>
         <size>0x46</size>
         <input_file_ref idref="fl-eb"/>
      </object_component>
      <object_component id="oc-388">
         <name>.debug_info</name>
         <load_address>0x13634</load_address>
         <run_address>0x13634</run_address>
         <size>0x39</size>
         <input_file_ref idref="fl-eb"/>
      </object_component>
      <object_component id="oc-3ca">
         <name>.debug_info</name>
         <load_address>0x1366d</load_address>
         <run_address>0x1366d</run_address>
         <size>0x295</size>
         <input_file_ref idref="fl-ec"/>
      </object_component>
      <object_component id="oc-374">
         <name>.debug_info</name>
         <load_address>0x13902</load_address>
         <run_address>0x13902</run_address>
         <size>0x195</size>
         <input_file_ref idref="fl-ec"/>
      </object_component>
      <object_component id="oc-3f4">
         <name>.debug_info</name>
         <load_address>0x13a97</load_address>
         <run_address>0x13a97</run_address>
         <size>0x39</size>
         <input_file_ref idref="fl-ec"/>
      </object_component>
      <object_component id="oc-3cb">
         <name>.debug_info</name>
         <load_address>0x13ad0</load_address>
         <run_address>0x13ad0</run_address>
         <size>0x2c</size>
         <input_file_ref idref="fl-ec"/>
      </object_component>
      <object_component id="oc-3d7">
         <name>.debug_info</name>
         <load_address>0x13afc</load_address>
         <run_address>0x13afc</run_address>
         <size>0x2f8</size>
         <input_file_ref idref="fl-ed"/>
      </object_component>
      <object_component id="oc-379">
         <name>.debug_info</name>
         <load_address>0x13df4</load_address>
         <run_address>0x13df4</run_address>
         <size>0x225</size>
         <input_file_ref idref="fl-ed"/>
      </object_component>
      <object_component id="oc-3bf">
         <name>.debug_info</name>
         <load_address>0x14019</load_address>
         <run_address>0x14019</run_address>
         <size>0x115</size>
         <input_file_ref idref="fl-ee"/>
      </object_component>
      <object_component id="oc-3d1">
         <name>.debug_info</name>
         <load_address>0x1412e</load_address>
         <run_address>0x1412e</run_address>
         <size>0x161</size>
         <input_file_ref idref="fl-ef"/>
      </object_component>
      <object_component id="oc-256">
         <name>.debug_info</name>
         <load_address>0x1428f</load_address>
         <run_address>0x1428f</run_address>
         <size>0x3b7</size>
         <input_file_ref idref="fl-f0"/>
      </object_component>
      <object_component id="oc-24e">
         <name>.debug_info</name>
[...]
         <object_component_ref idref="oc-e3"/>
      </symbol>
      <symbol id="sm-237">
         <name>oi_shutoff_init</name>
         <value>0xb51</value>
         <object_component_ref idref="oc-e3"/>
      </symbol>
      <symbol id="sm-238">
         <name>motor_cal_factor_L</name>
         <value>0x200022fc</value>
         <object_component_ref idref="oc-1c1"/>
      </symbol>
      <symbol id="sm-239">
         <name>motor_cal_factor_R</name>
         <value>0x20002300</value>
         <object_component_ref idref="oc-1c1"/>
      </symbol>
      <symbol id="sm-23a">
         <name>oi_parseInt</name>
         <value>0x472b</value>
         <object_component_ref idref="oc-1b4"/>
      </symbol>
      <symbol id="sm-23b">
         <name>oi_setMotorCalibration</name>
         <value>0xdb1</value>
         <object_component_ref idref="oc-e3"/>
      </symbol>
      <symbol id="sm-23c">
         <name>oi_uartSendStr</name>
         <value>0xa59</value>
         <object_component_ref idref="oc-e3"/>
      </symbol>
      <symbol id="sm-23d">
         <name>oi_close</name>
         <value>0x2c7</value>
         <object_component_ref idref="oc-e3"/>
      </symbol>
      <symbol id="sm-23e">
         <name>oi_uartSendBuff</name>
         <value>0xa77</value>
         <object_component_ref idref="oc-e3"/>
      </symbol>
      <symbol id="sm-23f">
         <name>oi_checkFirmware</name>
         <value>0xaa9</value>
         <object_component_ref idref="oc-e3"/>
      </symbol>
      <symbol id="sm-240">
         <name>oi_init_noupdate</name>
         <value>0x289</value>
         <object_component_ref idref="oc-e3"/>
      </symbol>
      <symbol id="sm-241">
         <name>oi_uartSendChar</name>
         <value>0xa15</value>
         <object_component_ref idref="oc-e3"/>
      </symbol>
      <symbol id="sm-242">
         <name>oi_alloc</name>
         <value>0x26d</value>
         <object_component_ref idref="oc-e3"/>
      </symbol>
      <symbol id="sm-243">
         <name>oi_getMotorCalibrationLeft</name>
         <value>0xded</value>
         <object_component_ref idref="oc-e3"/>
      </symbol>
      <symbol id="sm-244">
         <name>oi_loadSong</name>
         <value>0x915</value>
         <object_component_ref idref="oc-e3"/>
      </symbol>
      <symbol id="sm-245">
         <name>oi_play_song</name>
         <value>0x96b</value>
         <object_component_ref idref="oc-e3"/>
      </symbol>
      <symbol id="sm-246">
         <name>oi_parsePacket</name>
         <value>0x32b</value>
         <object_component_ref idref="oc-e3"/>
      </symbol>
      <symbol id="sm-247">
         <name>oi_setLeds</name>
         <value>0x84b</value>
         <object_component_ref idref="oc-e3"/>
      </symbol>
      <symbol id="sm-248">
         <name>oi_init</name>
         <value>0x2b1</value>
         <object_component_ref idref="oc-e3"/>
      </symbol>
      <symbol id="sm-249">
         <name>oi_update</name>
         <value>0x2d9</value>
         <object_component_ref idref="oc-e3"/>
      </symbol>
      <symbol id="sm-24a">
         <name>oi_uartInit</name>
         <value>0x98d</value>
         <object_component_ref idref="oc-e3"/>
      </symbol>
      <symbol id="sm-266">
         <name>ResetISR</name>
         <value>0x47e5</value>
         <object_component_ref idref="oc-2a"/>
      </symbol>
      <symbol id="sm-267">
         <name>g_pfnVectors</name>
         <value>0x0</value>
         <object_component_ref idref="oc-12"/>
      </symbol>
      <symbol id="sm-2a1">
         <name>UART1_Handler</name>
         <value>0x309f</value>
         <object_component_ref idref="oc-e9"/>
      </symbol>
      <symbol id="sm-2a2">
         <name>command_byte</name>
         <value>0x2000231c</value>
         <object_component_ref idref="oc-119"/>
      </symbol>
      <symbol id="sm-2a3">
         <name>start_byte</name>
         <value>0x20002324</value>
         <object_component_ref idref="oc-119"/>
      </symbol>
      <symbol id="sm-2a4">
         <name>uart_sendChar</name>
         <value>0x305b</value>
         <object_component_ref idref="oc-e9"/>
      </symbol>
      <symbol id="sm-2a5">
         <name>uart_interrupt_init</name>
         <value>0x2fa1</value>
         <object_component_ref idref="oc-e9"/>
      </symbol>
      <symbol id="sm-2a6">
         <name>start_flag</name>
         <value>0x20002328</value>
         <object_component_ref idref="oc-119"/>
      </symbol>
      <symbol id="sm-2a7">
         <name>command_flag</name>
         <value>0x20002320</value>
         <object_component_ref idref="oc-119"/>
      </symbol>
      <symbol id="sm-2a8">
         <name>uart_sendStr</name>
         <value>0x3077</value>
         <object_component_ref idref="oc-e9"/>
      </symbol>
      <symbol id="sm-2e4">
         <name>cyBOT_SERVO_cal</name>
         <value>0x2815</value>
         <object_component_ref idref="oc-ef"/>
      </symbol>
      <symbol id="sm-2e5">
         <name>cyBOT_Scan</name>
         <value>0x27a3</value>
         <object_component_ref idref="oc-ef"/>
      </symbol>
      <symbol id="sm-2e6">
         <name>cyBOT_scan_features</name>
         <value>0x20002340</value>
         <object_component_ref idref="oc-1e9"/>
      </symbol>
      <symbol id="sm-2e7">
         <name>cyBOT_scan_version</name>
         <value>0x273d</value>
         <object_component_ref idref="oc-ef"/>
      </symbol>
      <symbol id="sm-2e8">
         <name>cyBOT_init_Scan</name>
         <value>0x274b</value>
         <object_component_ref idref="oc-ef"/>
      </symbol>
      <symbol id="sm-30f">
         <name>isr_int_value</name>
         <value>0x200022e4</value>
      </symbol>
      <symbol id="sm-310">
         <name>ir_enableInterrupt</name>
         <value>0x38bb</value>
         <object_component_ref idref="oc-1e3"/>
      </symbol>
      <symbol id="sm-311">
         <name>ir_getDistance</name>
         <value>0x389d</value>
         <object_component_ref idref="oc-1e3"/>
      </symbol>
      <symbol id="sm-312">
         <name>ir_init</name>
         <value>0x380d</value>
         <object_component_ref idref="oc-1e3"/>
      </symbol>
      <symbol id="sm-313">
         <name>ADC0SS0_Handler</name>
         <value>0x38a5</value>
         <object_component_ref idref="oc-1e3"/>
      </symbol>
      <symbol id="sm-314">
         <name>ir_getValue</name>
         <value>0x3875</value>
         <object_component_ref idref="oc-1e3"/>
      </symbol>
      <symbol id="sm-343">
         <name>risingEdge</name>
         <value>0x200022f4</value>
      </symbol>
      <symbol id="sm-344">
         <name>fallingEdge</name>
         <value>0x200022e0</value>
      </symbol>
      <symbol id="sm-345">
         <name>pulseLength</name>
         <value>0x200022ec</value>
      </symbol>
      <symbol id="sm-346">
         <name>isRisingEdge</name>
         <value>0x200022f8</value>
      </symbol>
      <symbol id="sm-347">
         <name>TIMER3B_Handler</name>
         <value>0x2cd5</value>
         <object_component_ref idref="oc-1dd"/>
      </symbol>
      <symbol id="sm-348">
         <name>ping_init</name>
         <value>0x2be5</value>
         <object_component_ref idref="oc-1dd"/>
      </symbol>
      <symbol id="sm-349">
         <name>ping_getDistance</name>
         <value>0x2d27</value>
         <object_component_ref idref="oc-1dd"/>
      </symbol>
      <symbol id="sm-34a">
         <name>ping_trigger</name>
         <value>0x2c6b</value>
         <object_component_ref idref="oc-1dd"/>
      </symbol>
      <symbol id="sm-36c">
         <name>servo_move</name>
         <value>0x33ad</value>
         <object_component_ref idref="oc-1d7"/>
      </symbol>
      <symbol id="sm-36d">
         <name>servo_init</name>
         <value>0x331d</value>
         <object_component_ref idref="oc-1d7"/>
      </symbol>
      <symbol id="sm-36e">
         <name>servo_stop</name>
         <value>0x33a1</value>
         <object_component_ref idref="oc-1d7"/>
      </symbol>
      <symbol id="sm-36f">
         <name>servo_setPWM</name>
         <value>0x340d</value>
         <object_component_ref idref="oc-1d7"/>
      </symbol>
      <symbol id="sm-396">
         <name>sprintf</name>
         <value>0x446d</value>
         <object_component_ref idref="oc-109"/>
      </symbol>
      <symbol id="sm-3c0">
         <name>vsnprintf</name>
         <value>0x44ad</value>
         <object_component_ref idref="oc-18c"/>
      </symbol>
      <symbol id="sm-3d7">
         <name>__aeabi_dsub</name>
         <value>0x3165</value>
         <object_component_ref idref="oc-121"/>
      </symbol>
      <symbol id="sm-3d8">
         <name>__aeabi_dadd</name>
         <value>0x316f</value>
         <object_component_ref idref="oc-121"/>
      </symbol>
      <symbol id="sm-3fa">
         <name>__aeabi_cdcmpeq</name>
         <value>0x3ef9</value>
         <object_component_ref idref="oc-220"/>
      </symbol>
      <symbol id="sm-3fb">
         <name>__aeabi_cdcmple</name>
         <value>0x3ef9</value>
         <object_component_ref idref="oc-220"/>
      </symbol>
      <symbol id="sm-3fc">
         <name>__aeabi_cdrcmple</name>
         <value>0x3f7f</value>
         <object_component_ref idref="oc-225"/>
      </symbol>
      <symbol id="sm-410">
         <name>__aeabi_ddiv</name>
         <value>0x35b1</value>
         <object_component_ref idref="oc-ff"/>
      </symbol>
      <symbol id="sm-41b">
         <name>__aeabi_dmul</name>
         <value>0x3b35</value>
         <object_component_ref idref="oc-fa"/>
      </symbol>
      <symbol id="sm-427">
         <name>__aeabi_d2f</name>
         <value>0x415f</value>
         <object_component_ref idref="oc-104"/>
      </symbol>
      <symbol id="sm-432">
         <name>__aeabi_f2d</name>
         <value>0x4565</value>
         <object_component_ref idref="oc-f5"/>
      </symbol>
      <symbol id="sm-43c">
         <name>__aeabi_i2d</name>
         <value>0x4635</value>
         <object_component_ref idref="oc-11c"/>
      </symbol>
      <symbol id="sm-457">
         <name>memcpy</name>
         <value>0x3dc7</value>
         <object_component_ref idref="oc-3e"/>
      </symbol>
      <symbol id="sm-458">
         <name>__aeabi_memcpy</name>
         <value>0x3dc7</value>
         <object_component_ref idref="oc-3e"/>
      </symbol>
      <symbol id="sm-459">
         <name>__aeabi_memcpy8</name>
         <value>0x3dc7</value>
         <object_component_ref idref="oc-3e"/>
      </symbol>
      <symbol id="sm-45a">
         <name>__aeabi_memcpy4</name>
         <value>0x3dc7</value>
         <object_component_ref idref="oc-3e"/>
      </symbol>
      <symbol id="sm-473">
         <name>__TI_zero_init_nomemset</name>
         <value>0x468d</value>
         <object_component_ref idref="oc-4a"/>
      </symbol>
      <symbol id="sm-48a">
         <name>__TI_decompress_none</name>
         <value>0x47cb</value>
         <object_component_ref idref="oc-1b"/>
      </symbol>
      <symbol id="sm-4ad">
         <name>__TI_decompress_lzss</name>
         <value>0x41cd</value>
         <object_component_ref idref="oc-15"/>
      </symbol>
      <symbol id="sm-542">
         <name>_sys_memory</name>
         <value>0x20001270</value>
         <object_component_ref idref="oc-24"/>
      </symbol>
      <symbol id="sm-543">
         <name>free</name>
         <value>0x3c31</value>
         <object_component_ref idref="oc-1ae"/>
      </symbol>
      <symbol id="sm-544">
         <name>memalign</name>
         <value>0x3a35</value>
         <object_component_ref idref="oc-32e"/>
      </symbol>
      <symbol id="sm-545">
         <name>calloc</name>
         <value>0x452d</value>
         <object_component_ref idref="oc-1a8"/>
      </symbol>
      <symbol id="sm-546">
         <name>malloc</name>
         <value>0x4805</value>
         <object_component_ref idref="oc-27c"/>
      </symbol>
      <symbol id="sm-547">
         <name>aligned_alloc</name>
         <value>0x3a35</value>
         <object_component_ref idref="oc-32e"/>
      </symbol>
      <symbol id="sm-556">
         <name>strcmp</name>
         <value>0x4743</value>
         <object_component_ref idref="oc-192"/>
      </symbol>
      <symbol id="sm-564">
         <name>strcpy</name>
         <value>0x4771</value>
         <object_component_ref idref="oc-198"/>
      </symbol>
      <symbol id="sm-572">
         <name>strlen</name>
         <value>0x4785</value>
         <object_component_ref idref="oc-1cf"/>
      </symbol>
      <symbol id="sm-585">
         <name>__stack</name>
         <value>0x20000270</value>
         <object_component_ref idref="oc-27"/>
      </symbol>
      <symbol id="sm-586">
         <name>_c_int00_noargs</name>
         <value>0x45d1</value>
         <object_component_ref idref="oc-5c"/>
      </symbol>
      <symbol id="sm-6eb">
         <name>__TI_printfi</name>
         <value>0xe8d</value>
         <object_component_ref idref="oc-1f6"/>
      </symbol>
      <symbol id="sm-6f5">
         <name>__aeabi_d2iz</name>
         <value>0x43e1</value>
         <object_component_ref idref="oc-34c"/>
      </symbol>
      <symbol id="sm-704">
         <name>__aeabi_memset</name>
         <value>0x4007</value>
         <object_component_ref idref="oc-96"/>
      </symbol>
      <symbol id="sm-705">
         <name>memset</name>
         <value>0x400d</value>
         <object_component_ref idref="oc-96"/>
      </symbol>
      <symbol id="sm-706">
         <name>__aeabi_memset8</name>
         <value>0x4007</value>
         <object_component_ref idref="oc-96"/>
      </symbol>
      <symbol id="sm-707">
         <name>__aeabi_memset4</name>
         <value>0x4007</value>
         <object_component_ref idref="oc-96"/>
      </symbol>
      <symbol id="sm-708">
         <name>__aeabi_memclr8</name>
         <value>0x4005</value>
         <object_component_ref idref="oc-96"/>
      </symbol>
      <symbol id="sm-709">
         <name>__aeabi_memclr4</name>
         <value>0x4005</value>
         <object_component_ref idref="oc-96"/>
      </symbol>
      <symbol id="sm-70a">
         <name>__aeabi_memclr</name>
         <value>0x4005</value>
         <object_component_ref idref="oc-96"/>
      </symbol>
      <symbol id="sm-717">
         <name>__aeabi_uldivmod</name>
         <value>0x3e63</value>
         <object_component_ref idref="oc-346"/>
      </symbol>
      <symbol id="sm-73f">
         <name>__TI_auto_init_nobinit_nopinit</name>
         <value>0x4429</value>
         <object_component_ref idref="oc-146"/>
      </symbol>
      <symbol id="sm-749">
         <name>_system_pre_init</name>
         <value>0x480d</value>
         <object_component_ref idref="oc-9c"/>
      </symbol>
      <symbol id="sm-755">
         <name>C$$EXIT</name>
         <value>0x4811</value>
         <object_component_ref idref="oc-13a"/>
      </symbol>
      <symbol id="sm-756">
         <name>abort</name>
         <value>0x4811</value>
         <object_component_ref idref="oc-13a"/>
      </symbol>
      <symbol id="sm-76b">
         <name>_nop</name>
         <value>0x18db</value>
         <object_component_ref idref="oc-2f9"/>
      </symbol>
      <symbol id="sm-76c">
         <name>_lock</name>
         <value>0x2000232c</value>
         <object_component_ref idref="oc-231"/>
      </symbol>
      <symbol id="sm-76d">
         <name>_unlock</name>
         <value>0x20002330</value>
         <object_component_ref idref="oc-231"/>
      </symbol>
      <symbol id="sm-77c">
         <name>__TI_ltoa</name>
         <value>0x42ef</value>
         <object_component_ref idref="oc-351"/>
      </symbol>
      <symbol id="sm-793">
         <name>atoi</name>
         <value>0x4395</value>
         <object_component_ref idref="oc-2af"/>
      </symbol>
      <symbol id="sm-79e">
         <name>_ctypes_</name>
         <value>0x4814</value>
         <object_component_ref idref="oc-341"/>
      </symbol>
      <symbol id="sm-7ae">
         <name>memccpy</name>
         <value>0x46c5</value>
         <object_component_ref idref="oc-2d3"/>
      </symbol>
      <symbol id="sm-7be">
         <name>strchr</name>
         <value>0x475b</value>
         <object_component_ref idref="oc-37e"/>
      </symbol>
      <symbol id="sm-7d4">
         <name>__aeabi_errno_addr</name>
         <value>0x47fd</value>
         <object_component_ref idref="oc-2df"/>
      </symbol>
      <symbol id="sm-7d5">
         <name>errno</name>
         <value>0x20002344</value>
         <object_component_ref idref="oc-38e"/>
      </symbol>
      <symbol id="sm-7ee">
         <name>wcslen</name>
         <value>0x4799</value>
         <object_component_ref idref="oc-2d9"/>
      </symbol>
      <symbol id="sm-80e">
         <name>frexpl</name>
         <value>0x4235</value>
         <object_component_ref idref="oc-372"/>
      </symbol>
      <symbol id="sm-80f">
         <name>frexp</name>
         <value>0x4235</value>
         <object_component_ref idref="oc-372"/>
      </symbol>
      <symbol id="sm-82c">
         <name>scalbn</name>
         <value>0x3925</value>
         <object_component_ref idref="oc-378"/>
      </symbol>
      <symbol id="sm-82d">
         <name>scalbnl</name>
         <value>0x3925</value>
         <object_component_ref idref="oc-378"/>
      </symbol>
      <symbol id="sm-82e">
         <name>ldexpl</name>
         <value>0x3925</value>
         <object_component_ref idref="oc-378"/>
      </symbol>
      <symbol id="sm-82f">
         <name>ldexp</name>
         <value>0x3925</value>
         <object_component_ref idref="oc-378"/>
      </symbol>
      <symbol id="sm-839">
         <name>__aeabi_idiv0</name>
         <value>0x331b</value>
         <object_component_ref idref="oc-3bc"/>
      </symbol>
      <symbol id="sm-83a">
         <name>__aeabi_ldiv0</name>
         <value>0x331b</value>
         <object_component_ref idref="oc-3bc"/>
      </symbol>
      <symbol id="sm-844">
         <name>copysign</name>
         <value>0x46e1</value>
         <object_component_ref idref="oc-3d0"/>
      </symbol>
      <symbol id="sm-845">
         <name>copysignl</name>
         <value>0x46e1</value>
         <object_component_ref idref="oc-3d0"/>
      </symbol>
      <symbol id="sm-874">
         <name>IntRegister</name>
         <value>0x459d</value>
         <object_component_ref idref="oc-17a"/>
      </symbol>
      <symbol id="sm-875">
         <name>g_pfnRAMVectors</name>
         <value>0x20000000</value>
         <object_component_ref idref="oc-24d"/>
      </symbol>
      <symbol id="sm-876">
         <name>IntMasterEnable</name>
         <value>0x47ab</value>
         <object_component_ref idref="oc-1bb"/>
      </symbol>
      <symbol id="sm-880">
         <name>CPUcpsie</name>
         <value>0x47d9</value>
         <object_component_ref idref="oc-290"/>
      </symbol>
      <symbol id="sm-881">
         <name>__TI_static_base__</name>
         <value>0x0</value>
      </symbol>
      <symbol id="sm-884">
         <name>__mpu_init</name>
         <value>0x0</value>
      </symbol>
      <symbol id="sm-885">
         <name>_system_post_cinit</name>
         <value>0x0</value>
      </symbol>
   </symbol_table>
   <title>Link errors: red sections failed placement</title>
</link_info>
