******************************************************************************
                  TI ARM Linker PC v20.2.7                     
******************************************************************************
>> Linked Sun Apr  7 19:25:16 2024

OUTPUT FILE NAME:   <Lab15.out>
ENTRY POINT SYMBOL: "_c_int00_noargs"  address: 000045d1


MEMORY CONFIGURATION

         name            origin    length      used     unused   attr    fill
----------------------  --------  ---------  --------  --------  ----  --------
  FLASH                 00000000   00040000  00004984  0003b67c  R  X
  SRAM                  20000000   00008000  00002342  00005cbe  RW X


SEGMENT ALLOCATION MAP

run origin  load origin   length   init length attrs members
----------  ----------- ---------- ----------- ----- -------
00000000    00000000    00004988   00004988    r-x
  00000000    00000000    0000026c   0000026c    r-- .intvecs
  0000026c    0000026c    000045a8   000045a8    r-x .text
  00004814    00004814    00000118   00000118    r-- .const
  00004930    00004930    00000058   00000058    r-- .cinit
20000000    20000000    00002349   00000000    rw-
  20000000    20000000    0000026c   00000000    rw- .vtable
  20000270    20000270    00001000   00000000    rw- .stack
  20001270    20001270    00001000   00000000    rw- .sysmem
  20002270    20002270    00000089   00000000    rw- .bss
  200022fc    200022fc    0000004d   00000000    rw- .data


SECTION ALLOCATION MAP

 output                                  attributes/
section   page    origin      length       input sections
--------  ----  ----------  ----------   ----------------
.intvecs   0    00000000    0000026c     
                  00000000    0000026c     tm4c123gh6pm_startup_ccs.obj (.intvecs)

.text      0    0000026c    000045a8     
                  0000026c    00000c20     open_interface.obj (.text)
                  00000e8c    00000a4e     rtsv7M4_T_le_v4SPD16_eabi.lib : _printfi.c.obj (.text:__TI_printfi)
                  000018da    00000002                                   : _lock.c.obj (.text:_nop)
                  000018dc    0000046c     lab7-interrupt_template.obj (.text)
                  00001d48    0000045c     movement.obj (.text)
                  000021a4    00000328     lcd.obj (.text)
                  000024cc    00000270     rtsv7M4_T_le_v4SPD16_eabi.lib : _printfi.c.obj (.text:_pconv_a)
                  0000273c    00000260     libcybotScan.lib : cyBot_Scan.obj (.text)
                  0000299c    00000248     Timer.obj (.text)
                  00002be4    000001ec     libcybotScan.lib : ping.obj (.text)
                  00002dd0    000001d0     rtsv7M4_T_le_v4SPD16_eabi.lib : _printfi.c.obj (.text:_pconv_g)
                  00002fa0    000001c4     uart-interrupt.obj (.text)
                  00003164    000001b6     rtsv7M4_T_le_v4SPD16_eabi.lib : fd_add_t2.asm.obj (.text)
                  0000331a    00000002                                   : div0.asm.obj (.text)
                  0000331c    00000158     libcybotScan.lib : servo.obj (.text)
                  00003474    0000013c     rtsv7M4_T_le_v4SPD16_eabi.lib : _printfi.c.obj (.text:_pconv_e)
                  000035b0    00000136                                   : fd_div_t2.asm.obj (.text)
                  000036e6    00000002     --HOLE-- [fill = 0]
                  000036e8    00000124                                   : _printfi.c.obj (.text:fcvt)
                  0000380c    00000118     libcybotScan.lib : ir.obj (.text)
                  00003924    00000110     rtsv7M4_T_le_v4SPD16_eabi.lib : s_scalbn.c.obj (.text:scalbn)
                  00003a34    00000100                                   : memory.c.obj (.text:aligned_alloc)
                  00003b34    000000fc                                   : fd_mul_t2.asm.obj (.text)
                  00003c30    000000e4                                   : memory.c.obj (.text:free)
                  00003d14    000000b1                                   : _printfi.c.obj (.text:_ltostr)
                  00003dc5    00000001     --HOLE-- [fill = 0]
                  00003dc6    0000009c                                   : memcpy_t2.asm.obj (.text)
                  00003e62    00000096                                   : ull_div_t2.asm.obj (.text)
                  00003ef8    00000086                                   : fd_cmp_t2.asm.obj (.text:__aeabi_cdcmple)
                  00003f7e    00000086                                   : fd_cmp_t2.asm.obj (.text:__aeabi_cdrcmple)
                  00004004    0000007a                                   : memset_t2.asm.obj (.text)
                  0000407e    00000002     --HOLE-- [fill = 0]
                  00004080    00000070                                   : memory.c.obj (.text:split)
                  000040f0    0000006e                                   : _printfi.c.obj (.text:_mcpy)
                  0000415e    0000006e                                   : fd_tos_t2.asm.obj (.text)
                  000041cc    00000068                                   : copy_decompress_lzss.c.obj (.text:decompress:lzss:__TI_decompress_lzss)
                  00004234    00000064                                   : s_frexp.c.obj (.text:frexp)
                  00004298    00000056                                   : _printfi.c.obj (.text:_pconv_f)
                  000042ee    00000054                                   : _ltoa.c.obj (.text:__TI_ltoa)
                  00004342    00000052                                   : _printfi.c.obj (.text:_ecpy)
                  00004394    0000004c                                   : atoi.c.obj (.text:atoi)
                  000043e0    00000048                                   : fd_toi_t2.asm.obj (.text)
                  00004428    00000044                                   : autoinit.c.obj (.text:__TI_auto_init_nobinit_nopinit:__TI_auto_init_nobinit_nopinit)
                  0000446c    00000040                                   : sprintf.c.obj (.text:sprintf)
                  000044ac    00000040                                   : vsnprintf.c.obj (.text:vsnprintf)
                  000044ec    0000003e                                   : _printfi.c.obj (.text:_fcpy)
                  0000452a    00000002     --HOLE-- [fill = 0]
                  0000452c    00000038                                   : memory.c.obj (.text:calloc)
                  00004564    00000038                                   : fs_tod_t2.asm.obj (.text)
                  0000459c    00000034     driverlib.lib : interrupt.obj (.text:IntRegister)
                  000045d0    00000034     rtsv7M4_T_le_v4SPD16_eabi.lib : boot_cortex_m.c.obj (.text:_c_int00_noargs:_c_int00_noargs)
                  00004604    00000030                                   : vsnprintf.c.obj (.text:_outs)
                  00004634    0000002e                                   : i_tofd_t2.asm.obj (.text)
                  00004662    00000002     --HOLE-- [fill = 0]
                  00004664    00000028                                   : memory.c.obj (.text:free_list_insert)
                  0000468c    0000001c                                   : copy_zero_init.c.obj (.text:decompress:ZI:__TI_zero_init_nomemset:__TI_zero_init_nomemset)
                  000046a8    0000001c                                   : memory.c.obj (.text:free_list_remove)
                  000046c4    0000001c                                   : memccpy.c.obj (.text:memccpy)
                  000046e0    0000001a                                   : s_copysign.c.obj (.text:copysign)
                  000046fa    00000018                                   : vsnprintf.c.obj (.text:_outc)
                  00004712    00000018                                   : sprintf.c.obj (.text:_outs)
                  0000472a    00000018     open_interface.obj (.text:oi_parseInt)
                  00004742    00000018     rtsv7M4_T_le_v4SPD16_eabi.lib : strcmp.c.obj (.text:strcmp)
                  0000475a    00000016                                   : strchr.c.obj (.text:strchr)
                  00004770    00000014                                   : strcpy.c.obj (.text:strcpy)
                  00004784    00000014                                   : strlen.c.obj (.text:strlen)
                  00004798    00000012                                   : wcslen.c.obj (.text:wcslen)
                  000047aa    00000010     driverlib.lib : interrupt.obj (.text:IntMasterEnable)
                  000047ba    00000010     lcd.obj (.text:lcd_clear)
                  000047ca    0000000e     rtsv7M4_T_le_v4SPD16_eabi.lib : copy_decompress_none.c.obj (.text:decompress:none:__TI_decompress_none)
                  000047d8    0000000c     driverlib.lib : cpu.obj (.text:CPUcpsie)
                  000047e4    0000000c     tm4c123gh6pm_startup_ccs.obj (.text)
                  000047f0    0000000a     rtsv7M4_T_le_v4SPD16_eabi.lib : sprintf.c.obj (.text:_outc)
                  000047fa    00000002     --HOLE-- [fill = 0]
                  000047fc    00000008                                   : errno.c.obj (.text:__aeabi_errno_addr)
                  00004804    00000008                                   : memory.c.obj (.text:malloc)
                  0000480c    00000004                                   : pre_init.c.obj (.text:_system_pre_init)
                  00004810    00000004                                   : exit.c.obj (.text:abort:abort)

.const     0    00004814    00000118     
                  00004814    00000101     rtsv7M4_T_le_v4SPD16_eabi.lib : ctype.c.obj (.const:.string:_ctypes_)
                  00004915    0000000f     open_interface.obj (.const:.string:$P$T0$3)
                  00004924    00000004     lcd.obj (.const:.string:lineAddress$1)
                  00004928    00000004     lcd.obj (.const:.string:lineAddresses$2)

.cinit     0    00004930    00000058     
                  00004930    00000023     (.cinit..data.load) [load image, compression = lzss]
                  00004953    00000001     --HOLE-- [fill = 0]
                  00004954    0000000c     (__TI_handler_table)
                  00004960    00000008     (.cinit..bss.load) [load image, compression = zero_init]
                  00004968    00000008     (.cinit..vtable.load) [load image, compression = zero_init]
                  00004970    00000018     (__TI_cinit_table)

.init_array 
*          0    00000000    00000000     UNINITIALIZED

.vtable    0    20000000    0000026c     UNINITIALIZED
                  20000000    0000026c     driverlib.lib : interrupt.obj (.vtable)

.stack     0    20000270    00001000     UNINITIALIZED
                  20000270    00000004     rtsv7M4_T_le_v4SPD16_eabi.lib : boot_cortex_m.c.obj (.stack)
                  20000274    00000ffc     --HOLE--

.sysmem    0    20001270    00001000     UNINITIALIZED
                  20001270    00000010     rtsv7M4_T_le_v4SPD16_eabi.lib : memory.c.obj (.sysmem)
                  20001280    00000ff0     --HOLE--

.bss       0    20002270    00000089     UNINITIALIZED
                  20002270    00000054     lcd.obj (.bss:lastbuffer$3)
                  200022c4    00000018     open_interface.obj (.bss:firmware$2)
                  200022dc    00000004     (.common:_timeout_ticks)
                  200022e0    00000004     (.common:fallingEdge)
                  200022e4    00000004     (.common:isr_int_value)
                  200022e8    00000004     (.common:left_calibration_value)
                  200022ec    00000004     (.common:pulseLength)
                  200022f0    00000004     (.common:right_calibration_value)
                  200022f4    00000004     (.common:risingEdge)
                  200022f8    00000001     (.common:isRisingEdge)

.data      0    200022fc    0000004d     UNINITIALIZED
                  200022fc    00000020     open_interface.obj (.data)
                  2000231c    00000010     uart-interrupt.obj (.data)
                  2000232c    00000008     rtsv7M4_T_le_v4SPD16_eabi.lib : _lock.c.obj (.data:$O1$$)
                  20002334    00000008                                   : memory.c.obj (.data:$O1$$)
                  2000233c    00000004     lab7-interrupt_template.obj (.data)
                  20002340    00000004     libcybotScan.lib : cyBot_Scan.obj (.data)
                  20002344    00000004     rtsv7M4_T_le_v4SPD16_eabi.lib : errno.c.obj (.data)
                  20002348    00000001     Timer.obj (.data)

__llvm_prf_cnts 
*          0    20000000    00000000     UNINITIALIZED

MODULE SUMMARY

       Module                         code    ro data   rw data
       ------                         ----    -------   -------
    .\
       open_interface.obj             3128    15        56     
       lab7-interrupt_template.obj    1132    0         12     
       movement.obj                   1116    0         0      
       lcd.obj                        824     8         84     
       tm4c123gh6pm_startup_ccs.obj   12      620       0      
       Timer.obj                      584     0         5      
       uart-interrupt.obj             452     0         16     
    +--+------------------------------+-------+---------+---------+
       Total:                         7248    643       173    
                                                               
    ../libcybotScan.lib
       cyBot_Scan.obj                 608     0         4      
       ping.obj                       492     0         13     
       servo.obj                      344     0         0      
       ir.obj                         280     0         4      
    +--+------------------------------+-------+---------+---------+
       Total:                         1724    0         21     
                                                               
    C:/ti/TivaWare_C_Series-2.2.0.295/driverlib/ccs/Debug/driverlib.lib
       interrupt.obj                  68      0         620    
       cpu.obj                        12      0         0      
    +--+------------------------------+-------+---------+---------+
       Total:                         80      0         620    
                                                               
    C:\ti\ccs1230\ccs\tools\compiler\ti-cgt-arm_20.2.7.LTS\lib\rtsv7M4_T_le_v4SPD16_eabi.lib
       _printfi.c.obj                 4851    0         0      
       memory.c.obj                   728     0         8      
       fd_add_t2.asm.obj              438     0         0      
       fd_div_t2.asm.obj              310     0         0      
       s_scalbn.c.obj                 272     0         0      
       fd_cmp_t2.asm.obj              268     0         0      
       ctype.c.obj                    0       257       0      
       fd_mul_t2.asm.obj              252     0         0      
       memcpy_t2.asm.obj              156     0         0      
       ull_div_t2.asm.obj             150     0         0      
       vsnprintf.c.obj                136     0         0      
       memset_t2.asm.obj              122     0         0      
       fd_tos_t2.asm.obj              110     0         0      
       copy_decompress_lzss.c.obj     104     0         0      
       s_frexp.c.obj                  100     0         0      
       sprintf.c.obj                  98      0         0      
       _ltoa.c.obj                    84      0         0      
       atoi.c.obj                     76      0         0      
       fd_toi_t2.asm.obj              72      0         0      
       autoinit.c.obj                 68      0         0      
       fs_tod_t2.asm.obj              56      0         0      
       boot_cortex_m.c.obj            52      0         0      
       i_tofd_t2.asm.obj              46      0         0      
       copy_zero_init.c.obj           28      0         0      
       memccpy.c.obj                  28      0         0      
       s_copysign.c.obj               26      0         0      
       strcmp.c.obj                   24      0         0      
       strchr.c.obj                   22      0         0      
       strcpy.c.obj                   20      0         0      
       strlen.c.obj                   20      0         0      
       wcslen.c.obj                   18      0         0      
       copy_decompress_none.c.obj     14      0         0      
       errno.c.obj                    8       0         4      
       _lock.c.obj                    2       0         8      
       exit.c.obj                     4       0         0      
       pre_init.c.obj                 4       0         0      
       div0.asm.obj                   2       0         0      
    +--+------------------------------+-------+---------+---------+
       Total:                         8769    257       20     
                                                               
       Heap:                          0       0         4096   
       Stack:                         0       0         4096   
       Linker Generated:              0       87        0      
    +--+------------------------------+-------+---------+---------+
       Grand Total:                   17821   987       9026   


LINKER GENERATED COPY TABLES

__TI_cinit_table @ 00004970 records: 3, size/record: 8, table size: 24
	.data: load addr=00004930, load size=00000023 bytes, run addr=200022fc, run size=0000004d bytes, compression=lzss
	.bss: load addr=00004960, load size=00000008 bytes, run addr=20002270, run size=00000089 bytes, compression=zero_init
	.vtable: load addr=00004968, load size=00000008 bytes, run addr=20000000, run size=0000026c bytes, compression=zero_init


LINKER GENERATED HANDLER TABLE

__TI_handler_table @ 00004954 records: 3, size/record: 4, table size: 12
	index: 0, handler: __TI_zero_init
	index: 1, handler: __TI_decompress_lzss
	index: 2, handler: __TI_decompress_none


GLOBAL SYMBOLS: SORTED ALPHABETICALLY BY Name 

address   name                          
-------   ----                          
000038a5  ADC0SS0_Handler               
00004811  C$$EXIT                       
000047d9  CPUcpsie                      
2000233c  END_IR_ARR_VALUE              
00000bc3  GPIOF_Handler                 
000047ab  IntMasterEnable               
0000459d  IntRegister                   
000047e5  ResetISR                      
00002cd5  TIMER3B_Handler               
0000309f  UART1_Handler                 
20001270  __STACK_END                   
00001000  __STACK_SIZE                  
20000470  __STACK_TOP                   
00001000  __SYSMEM_SIZE                 
00004970  __TI_CINIT_Base               
00004988  __TI_CINIT_Limit              
00004954  __TI_Handler_Table_Base       
00004960  __TI_Handler_Table_Limit      
00004429  __TI_auto_init_nobinit_nopinit
000041cd  __TI_decompress_lzss          
000047cb  __TI_decompress_none          
000042ef  __TI_ltoa                     
ffffffff  __TI_pprof_out_hndl           
00000e8d  __TI_printfi                  
ffffffff  __TI_prof_data_size           
ffffffff  __TI_prof_data_start          
00000000  __TI_static_base__            
0000468d  __TI_zero_init_nomemset       
00003ef9  __aeabi_cdcmpeq               
00003ef9  __aeabi_cdcmple               
00003f7f  __aeabi_cdrcmple              
0000415f  __aeabi_d2f                   
000043e1  __aeabi_d2iz                  
0000316f  __aeabi_dadd                  
000035b1  __aeabi_ddiv                  
00003b35  __aeabi_dmul                  
00003165  __aeabi_dsub                  
000047fd  __aeabi_errno_addr            
00004565  __aeabi_f2d                   
00004635  __aeabi_i2d                   
0000331b  __aeabi_idiv0                 
0000331b  __aeabi_ldiv0                 
00004005  __aeabi_memclr                
00004005  __aeabi_memclr4               
00004005  __aeabi_memclr8               
00003dc7  __aeabi_memcpy                
00003dc7  __aeabi_memcpy4               
00003dc7  __aeabi_memcpy8               
00004007  __aeabi_memset                
00004007  __aeabi_memset4               
00004007  __aeabi_memset8               
00003e63  __aeabi_uldivmod              
ffffffff  __binit__                     
ffffffff  __c_args__                    
UNDEFED   __mpu_init                    
20000270  __stack                       
20000000  __start___llvm_prf_cnts       
20000000  __stop___llvm_prf_cnts        
000045d1  _c_int00_noargs               
00004814  _ctypes_                      
2000232c  _lock                         
000018db  _nop                          
20002348  _running                      
20001270  _sys_memory                   
UNDEFED   _system_post_cinit            
0000480d  _system_pre_init              
200022dc  _timeout_ticks                
20002330  _unlock                       
00004811  abort                         
00003a35  aligned_alloc                 
00004395  atoi                          
00001cbd  avgArr                        
ffffffff  binit                         
0000452d  calloc                        
00001f1d  collision_setection           
2000231c  command_byte                  
20002320  command_flag                  
000046e1  copysign                      
000046e1  copysignl                     
00002815  cyBOT_SERVO_cal               
000027a3  cyBOT_Scan                    
0000274b  cyBOT_init_Scan               
20002340  cyBOT_scan_features           
0000273d  cyBOT_scan_version            
20002344  errno                         
200022e0  fallingEdge                   
00003c31  free                          
00004235  frexp                         
00004235  frexpl                        
20000000  g_pfnRAMVectors               
00000000  g_pfnVectors                  
0000097f  go_charge                     
000038bb  ir_enableInterrupt            
0000389d  ir_getDistance                
00003875  ir_getValue                   
0000380d  ir_init                       
200022f8  isRisingEdge                  
200022e4  isr_int_value                 
000047bb  lcd_clear                     
00002379  lcd_gotoLine                  
000021e1  lcd_init                      
000023df  lcd_printf                    
000022a1  lcd_putc                      
000022d9  lcd_puts                      
000021a5  lcd_reverseNibble             
000022f7  lcd_sendCommand               
00002335  lcd_sendNibble                
000023a1  lcd_setCursorPos              
00003925  ldexp                         
00003925  ldexpl                        
200022e8  left_calibration_value        
000018dd  main                          
00004805  malloc                        
00003a35  memalign                      
000046c5  memccpy                       
00003dc7  memcpy                        
0000400d  memset                        
200022fc  motor_cal_factor_L            
20002300  motor_cal_factor_R            
00001dc7  move_back                     
00001d49  move_forward                  
0000026d  oi_alloc                      
00000aa9  oi_checkFirmware              
000002c7  oi_close                      
00000279  oi_free                       
00000ded  oi_getMotorCalibrationLeft    
00000e01  oi_getMotorCalibrationRight   
000002b1  oi_init                       
00000289  oi_init_noupdate              
00000915  oi_loadSong                   
0000472b  oi_parseInt                   
0000032b  oi_parsePacket                
0000096b  oi_play_song                  
0000084b  oi_setLeds                    
00000db1  oi_setMotorCalibration        
0000088f  oi_setWheels                  
00000b51  oi_shutoff_init               
0000098d  oi_uartInit                   
00000a31  oi_uartReceive                
00000a77  oi_uartSendBuff               
00000a15  oi_uartSendChar               
00000a59  oi_uartSendStr                
000002d9  oi_update                     
00002d27  ping_getDistance              
00002be5  ping_init                     
00002c6b  ping_trigger                  
200022ec  pulseLength                   
000020c5  putty_print                   
000020e9  putty_scan                    
200022f0  right_calibration_value       
200022f4  risingEdge                    
00003925  scalbn                        
00003925  scalbnl                       
0000331d  servo_init                    
000033ad  servo_move                    
0000340d  servo_setPWM                  
000033a1  servo_stop                    
0000446d  sprintf                       
20002324  start_byte                    
20002328  start_flag                    
0000475b  strchr                        
00004743  strcmp                        
00004771  strcpy                        
00004785  strlen                        
00002abb  timer_getMicros               
00002a63  timer_getMillis               
0000299d  timer_init                    
00002a3f  timer_pause                   
00002a51  timer_resume                  
00002a15  timer_stop                    
00002b15  timer_waitMicros              
00002b47  timer_waitMillis              
00001ea3  turn_left                     
00001e37  turn_right                    
00002fa1  uart_interrupt_init           
0000305b  uart_sendChar                 
00003077  uart_sendStr                  
000044ad  vsnprintf                     
00004799  wcslen                        


GLOBAL SYMBOLS: SORTED BY Symbol Address 

address   name                          
-------   ----                          
00000000  __TI_static_base__            
00000000  g_pfnVectors                  
0000026d  oi_alloc                      
00000279  oi_free                       
00000289  oi_init_noupdate              
000002b1  oi_init                       
000002c7  oi_close                      
000002d9  oi_update                     
0000032b  oi_parsePacket                
0000084b  oi_setLeds                    
0000088f  oi_setWheels                  
00000915  oi_loadSong                   
0000096b  oi_play_song                  
0000097f  go_charge                     
0000098d  oi_uartInit                   
00000a15  oi_uartSendChar               
00000a31  oi_uartReceive                
00000a59  oi_uartSendStr                
00000a77  oi_uartSendBuff               
00000aa9  oi_checkFirmware              
00000b51  oi_shutoff_init               
00000bc3  GPIOF_Handler                 
00000db1  oi_setMotorCalibration        
00000ded  oi_getMotorCalibrationLeft    
00000e01  oi_getMotorCalibrationRight   
00000e8d  __TI_printfi                  
00001000  __STACK_SIZE                  
00001000  __SYSMEM_SIZE                 
000018db  _nop                          
000018dd  main                          
00001cbd  avgArr                        
00001d49  move_forward                  
00001dc7  move_back                     
00001e37  turn_right                    
00001ea3  turn_left                     
00001f1d  collision_setection           
000020c5  putty_print                   
000020e9  putty_scan                    
000021a5  lcd_reverseNibble             
000021e1  lcd_init                      
000022a1  lcd_putc                      
000022d9  lcd_puts                      
000022f7  lcd_sendCommand               
00002335  lcd_sendNibble                
00002379  lcd_gotoLine                  
000023a1  lcd_setCursorPos              
000023df  lcd_printf                    
0000273d  cyBOT_scan_version            
0000274b  cyBOT_init_Scan               
000027a3  cyBOT_Scan                    
00002815  cyBOT_SERVO_cal               
0000299d  timer_init                    
00002a15  timer_stop                    
00002a3f  timer_pause                   
00002a51  timer_resume                  
00002a63  timer_getMillis               
00002abb  timer_getMicros               
00002b15  timer_waitMicros              
00002b47  timer_waitMillis              
00002be5  ping_init                     
00002c6b  ping_trigger                  
00002cd5  TIMER3B_Handler               
00002d27  ping_getDistance              
00002fa1  uart_interrupt_init           
0000305b  uart_sendChar                 
00003077  uart_sendStr                  
0000309f  UART1_Handler                 
00003165  __aeabi_dsub                  
0000316f  __aeabi_dadd                  
0000331b  __aeabi_idiv0                 
0000331b  __aeabi_ldiv0                 
0000331d  servo_init                    
000033a1  servo_stop                    
000033ad  servo_move                    
0000340d  servo_setPWM                  
000035b1  __aeabi_ddiv                  
0000380d  ir_init                       
00003875  ir_getValue                   
0000389d  ir_getDistance                
000038a5  ADC0SS0_Handler               
000038bb  ir_enableInterrupt            
00003925  ldexp                         
00003925  ldexpl                        
00003925  scalbn                        
00003925  scalbnl                       
00003a35  aligned_alloc                 
00003a35  memalign                      
00003b35  __aeabi_dmul                  
00003c31  free                          
00003dc7  __aeabi_memcpy                
00003dc7  __aeabi_memcpy4               
00003dc7  __aeabi_memcpy8               
00003dc7  memcpy                        
00003e63  __aeabi_uldivmod              
00003ef9  __aeabi_cdcmpeq               
00003ef9  __aeabi_cdcmple               
00003f7f  __aeabi_cdrcmple              
00004005  __aeabi_memclr                
00004005  __aeabi_memclr4               
00004005  __aeabi_memclr8               
00004007  __aeabi_memset                
00004007  __aeabi_memset4               
00004007  __aeabi_memset8               
0000400d  memset                        
0000415f  __aeabi_d2f                   
000041cd  __TI_decompress_lzss          
00004235  frexp                         
00004235  frexpl                        
000042ef  __TI_ltoa                     
00004395  atoi                          
000043e1  __aeabi_d2iz                  
00004429  __TI_auto_init_nobinit_nopinit
0000446d  sprintf                       
000044ad  vsnprintf                     
0000452d  calloc                        
00004565  __aeabi_f2d                   
0000459d  IntRegister                   
000045d1  _c_int00_noargs               
00004635  __aeabi_i2d                   
0000468d  __TI_zero_init_nomemset       
000046c5  memccpy                       
000046e1  copysign                      
000046e1  copysignl                     
0000472b  oi_parseInt                   
00004743  strcmp                        
0000475b  strchr                        
00004771  strcpy                        
00004785  strlen                        
00004799  wcslen                        
000047ab  IntMasterEnable               
000047bb  lcd_clear                     
000047cb  __TI_decompress_none          
000047d9  CPUcpsie                      
000047e5  ResetISR                      
000047fd  __aeabi_errno_addr            
00004805  malloc                        
0000480d  _system_pre_init              
00004811  C$$EXIT                       
00004811  abort                         
00004814  _ctypes_                      
00004954  __TI_Handler_Table_Base       
00004960  __TI_Handler_Table_Limit      
00004970  __TI_CINIT_Base               
00004988  __TI_CINIT_Limit              
20000000  __start___llvm_prf_cnts       
20000000  __stop___llvm_prf_cnts        
20000000  g_pfnRAMVectors               
20000270  __stack                       
20000470  __STACK_TOP                   
20001270  __STACK_END                   
20001270  _sys_memory                   
200022dc  _timeout_ticks                
200022e0  fallingEdge                   
200022e4  isr_int_value                 
200022e8  left_calibration_value        
200022ec  pulseLength                   
200022f0  right_calibration_value       
200022f4  risingEdge                    
200022f8  isRisingEdge                  
200022fc  motor_cal_factor_L            
20002300  motor_cal_factor_R            
2000231c  command_byte                  
20002320  command_flag                  
20002324  start_byte                    
20002328  start_flag                    
2000232c  _lock                         
20002330  _unlock                       
2000233c  END_IR_ARR_VALUE              
20002340  cyBOT_scan_features           
20002344  errno                         
20002348  _running                      
ffffffff  __TI_pprof_out_hndl           
ffffffff  __TI_prof_data_size           
ffffffff  __TI_prof_data_start          
ffffffff  __binit__                     
ffffffff  __c_args__                    
ffffffff  binit                         
UNDEFED   __mpu_init                    
UNDEFED   _system_post_cinit            

[179 symbols]
