******************************************************************************
                  TI ARM Linker PC v20.2.7                     
******************************************************************************
>> Linked Sun Mar 24 17:57:51 2024

OUTPUT FILE NAME:   <Lab7.out>
ENTRY POINT SYMBOL: "_c_int00_noargs"  address: 00004481


MEMORY CONFIGURATION

         name            origin    length      used     unused   attr    fill
----------------------  --------  ---------  --------  --------  ----  --------
  FLASH                 00000000   00040000  00004834  0003b7cc  R  X
  SRAM                  20000000   00008000  00002336  00005cca  RW X


SEGMENT ALLOCATION MAP

run origin  load origin   length   init length attrs members
----------  ----------- ---------- ----------- ----- -------
00000000    00000000    00004838   00004838    r-x
  00000000    00000000    0000026c   0000026c    r-- .intvecs
  0000026c    0000026c    00004458   00004458    r-x .text
  000046c4    000046c4    00000118   00000118    r-- .const
  000047e0    000047e0    00000058   00000058    r-- .cinit
20000000    20000000    0000233d   00000000    rw-
  20000000    20000000    0000026c   00000000    rw- .vtable
  20000270    20000270    00001000   00000000    rw- .stack
  20001270    20001270    00001000   00000000    rw- .sysmem
  20002270    20002270    00000089   00000000    rw- .bss
  200022fc    200022fc    00000041   00000000    rw- .data


SECTION ALLOCATION MAP

 output                                  attributes/
section   page    origin      length       input sections
--------  ----  ----------  ----------   ----------------
.intvecs   0    00000000    0000026c     
                  00000000    0000026c     tm4c123gh6pm_startup_ccs.obj (.intvecs)

.text      0    0000026c    00004458     
                  0000026c    00000c20     open_interface.obj (.text)
                  00000e8c    00000a4e     rtsv7M4_T_le_v4SPD16_eabi.lib : _printfi.c.obj (.text:__TI_printfi)
                  000018da    00000002                                   : _lock.c.obj (.text:_nop)
                  000018dc    0000046c     movement.obj (.text)
                  00001d48    0000032c     lab7-interrupt_template.obj (.text)
                  00002074    00000328     lcd.obj (.text)
                  0000239c    00000270     rtsv7M4_T_le_v4SPD16_eabi.lib : _printfi.c.obj (.text:_pconv_a)
                  0000260c    00000260     libcybotScan.lib : cyBot_Scan.obj (.text)
                  0000286c    00000248     Timer.obj (.text)
                  00002ab4    000001ec     libcybotScan.lib : ping.obj (.text)
                  00002ca0    000001d0     rtsv7M4_T_le_v4SPD16_eabi.lib : _printfi.c.obj (.text:_pconv_g)
                  00002e70    000001b6                                   : fd_add_t2.asm.obj (.text)
                  00003026    00000002                                   : div0.asm.obj (.text)
                  00003028    000001a4     uart-interrupt.obj (.text)
                  000031cc    00000158     libcybotScan.lib : servo.obj (.text)
                  00003324    0000013c     rtsv7M4_T_le_v4SPD16_eabi.lib : _printfi.c.obj (.text:_pconv_e)
                  00003460    00000136                                   : fd_div_t2.asm.obj (.text)
                  00003596    00000002     --HOLE-- [fill = 0]
                  00003598    00000124                                   : _printfi.c.obj (.text:fcvt)
                  000036bc    00000118     libcybotScan.lib : ir.obj (.text)
                  000037d4    00000110     rtsv7M4_T_le_v4SPD16_eabi.lib : s_scalbn.c.obj (.text:scalbn)
                  000038e4    00000100                                   : memory.c.obj (.text:aligned_alloc)
                  000039e4    000000fc                                   : fd_mul_t2.asm.obj (.text)
                  00003ae0    000000e4                                   : memory.c.obj (.text:free)
                  00003bc4    000000b1                                   : _printfi.c.obj (.text:_ltostr)
                  00003c75    00000001     --HOLE-- [fill = 0]
                  00003c76    0000009c                                   : memcpy_t2.asm.obj (.text)
                  00003d12    00000096                                   : ull_div_t2.asm.obj (.text)
                  00003da8    00000086                                   : fd_cmp_t2.asm.obj (.text:__aeabi_cdcmple)
                  00003e2e    00000086                                   : fd_cmp_t2.asm.obj (.text:__aeabi_cdrcmple)
                  00003eb4    0000007a                                   : memset_t2.asm.obj (.text)
                  00003f2e    00000002     --HOLE-- [fill = 0]
                  00003f30    00000070                                   : memory.c.obj (.text:split)
                  00003fa0    0000006e                                   : _printfi.c.obj (.text:_mcpy)
                  0000400e    0000006e                                   : fd_tos_t2.asm.obj (.text)
                  0000407c    00000068                                   : copy_decompress_lzss.c.obj (.text:decompress:lzss:__TI_decompress_lzss)
                  000040e4    00000064                                   : s_frexp.c.obj (.text:frexp)
                  00004148    00000056                                   : _printfi.c.obj (.text:_pconv_f)
                  0000419e    00000054                                   : _ltoa.c.obj (.text:__TI_ltoa)
                  000041f2    00000052                                   : _printfi.c.obj (.text:_ecpy)
                  00004244    0000004c                                   : atoi.c.obj (.text:atoi)
                  00004290    00000048                                   : fd_toi_t2.asm.obj (.text)
                  000042d8    00000044                                   : autoinit.c.obj (.text:__TI_auto_init_nobinit_nopinit:__TI_auto_init_nobinit_nopinit)
                  0000431c    00000040                                   : sprintf.c.obj (.text:sprintf)
                  0000435c    00000040                                   : vsnprintf.c.obj (.text:vsnprintf)
                  0000439c    0000003e                                   : _printfi.c.obj (.text:_fcpy)
                  000043da    00000002     --HOLE-- [fill = 0]
                  000043dc    00000038                                   : memory.c.obj (.text:calloc)
                  00004414    00000038                                   : fs_tod_t2.asm.obj (.text)
                  0000444c    00000034     driverlib.lib : interrupt.obj (.text:IntRegister)
                  00004480    00000034     rtsv7M4_T_le_v4SPD16_eabi.lib : boot_cortex_m.c.obj (.text:_c_int00_noargs:_c_int00_noargs)
                  000044b4    00000030                                   : vsnprintf.c.obj (.text:_outs)
                  000044e4    0000002e                                   : i_tofd_t2.asm.obj (.text)
                  00004512    00000002     --HOLE-- [fill = 0]
                  00004514    00000028                                   : memory.c.obj (.text:free_list_insert)
                  0000453c    0000001c                                   : copy_zero_init.c.obj (.text:decompress:ZI:__TI_zero_init_nomemset:__TI_zero_init_nomemset)
                  00004558    0000001c                                   : memory.c.obj (.text:free_list_remove)
                  00004574    0000001c                                   : memccpy.c.obj (.text:memccpy)
                  00004590    0000001a                                   : s_copysign.c.obj (.text:copysign)
                  000045aa    00000018                                   : vsnprintf.c.obj (.text:_outc)
                  000045c2    00000018                                   : sprintf.c.obj (.text:_outs)
                  000045da    00000018     open_interface.obj (.text:oi_parseInt)
                  000045f2    00000018     rtsv7M4_T_le_v4SPD16_eabi.lib : strcmp.c.obj (.text:strcmp)
                  0000460a    00000016                                   : strchr.c.obj (.text:strchr)
                  00004620    00000014                                   : strcpy.c.obj (.text:strcpy)
                  00004634    00000014                                   : strlen.c.obj (.text:strlen)
                  00004648    00000012                                   : wcslen.c.obj (.text:wcslen)
                  0000465a    00000010     driverlib.lib : interrupt.obj (.text:IntMasterEnable)
                  0000466a    00000010     lcd.obj (.text:lcd_clear)
                  0000467a    0000000e     rtsv7M4_T_le_v4SPD16_eabi.lib : copy_decompress_none.c.obj (.text:decompress:none:__TI_decompress_none)
                  00004688    0000000c     driverlib.lib : cpu.obj (.text:CPUcpsie)
                  00004694    0000000c     tm4c123gh6pm_startup_ccs.obj (.text)
                  000046a0    0000000a     rtsv7M4_T_le_v4SPD16_eabi.lib : sprintf.c.obj (.text:_outc)
                  000046aa    00000002     --HOLE-- [fill = 0]
                  000046ac    00000008                                   : errno.c.obj (.text:__aeabi_errno_addr)
                  000046b4    00000008                                   : memory.c.obj (.text:malloc)
                  000046bc    00000004                                   : pre_init.c.obj (.text:_system_pre_init)
                  000046c0    00000004                                   : exit.c.obj (.text:abort:abort)

.const     0    000046c4    00000118     
                  000046c4    00000101     rtsv7M4_T_le_v4SPD16_eabi.lib : ctype.c.obj (.const:.string:_ctypes_)
                  000047c5    0000000f     open_interface.obj (.const:.string:$P$T0$3)
                  000047d4    00000004     lcd.obj (.const:.string:lineAddress$1)
                  000047d8    00000004     lcd.obj (.const:.string:lineAddresses$2)

.cinit     0    000047e0    00000058     
                  000047e0    0000001f     (.cinit..data.load) [load image, compression = lzss]
                  000047ff    00000001     --HOLE-- [fill = 0]
                  00004800    0000000c     (__TI_handler_table)
                  0000480c    00000004     --HOLE-- [fill = 0]
                  00004810    00000008     (.cinit..bss.load) [load image, compression = zero_init]
                  00004818    00000008     (.cinit..vtable.load) [load image, compression = zero_init]
                  00004820    00000018     (__TI_cinit_table)

.init_array 
*          0    00000000    00000000     UNINITIALIZED

.vtable    0    20000000    0000026c     UNINITIALIZED
                  20000000    0000026c     driverlib.lib : interrupt.obj (.vtable)

.stack     0    20000270    00001000     UNINITIALIZED
                  20000270    00000004     rtsv7M4_T_le_v4SPD16_eabi.lib : boot_cortex_m.c.obj (.stack)
                  20000274    00000ffc     --HOLE--

.sysmem    0    20001270    00001000     UNINITIALIZED
                  20001270    00000010     rtsv7M4_T_le_v4SPD16_eabi.lib : memory.c.obj (.sysmem)
                  20001280    00000ff0     --HOLE--

.bss       0    20002270    00000089     UNINITIALIZED
                  20002270    00000054     lcd.obj (.bss:lastbuffer$3)
                  200022c4    00000018     open_interface.obj (.bss:firmware$2)
                  200022dc    00000004     (.common:_timeout_ticks)
                  200022e0    00000004     (.common:fallingEdge)
                  200022e4    00000004     (.common:isr_int_value)
                  200022e8    00000004     (.common:left_calibration_value)
                  200022ec    00000004     (.common:pulseLength)
                  200022f0    00000004     (.common:right_calibration_value)
                  200022f4    00000004     (.common:risingEdge)
                  200022f8    00000001     (.common:isRisingEdge)

.data      0    200022fc    00000041     UNINITIALIZED
                  200022fc    00000020     open_interface.obj (.data)
                  2000231c    00000008     rtsv7M4_T_le_v4SPD16_eabi.lib : _lock.c.obj (.data:$O1$$)
                  20002324    00000008                                   : memory.c.obj (.data:$O1$$)
                  2000232c    00000008     uart-interrupt.obj (.data)
                  20002334    00000004     libcybotScan.lib : cyBot_Scan.obj (.data)
                  20002338    00000004     rtsv7M4_T_le_v4SPD16_eabi.lib : errno.c.obj (.data)
                  2000233c    00000001     Timer.obj (.data)

__llvm_prf_cnts 
*          0    20000000    00000000     UNINITIALIZED

MODULE SUMMARY

       Module                         code    ro data   rw data
       ------                         ----    -------   -------
    .\
       open_interface.obj             3128    15        56     
       movement.obj                   1132    0         0      
       lcd.obj                        824     8         84     
       lab7-interrupt_template.obj    812     0         8      
       tm4c123gh6pm_startup_ccs.obj   12      620       0      
       Timer.obj                      584     0         5      
       uart-interrupt.obj             420     0         8      
    +--+------------------------------+-------+---------+---------+
       Total:                         6912    643       161    
                                                               
    ../libcybotScan.lib
       cyBot_Scan.obj                 608     0         4      
       ping.obj                       492     0         13     
       servo.obj                      344     0         0      
       ir.obj                         280     0         4      
    +--+------------------------------+-------+---------+---------+
       Total:                         1724    0         21     
                                                               
    C:/ti/TivaWare_C_Series-2.2.0.295/driverlib/ccs/Debug/driverlib.lib
       interrupt.obj                  68      0         620    
       cpu.obj                        12      0         0      
    +--+------------------------------+-------+---------+---------+
       Total:                         80      0         620    
                                                               
    C:\ti\ccs1230\ccs\tools\compiler\ti-cgt-arm_20.2.7.LTS\lib\rtsv7M4_T_le_v4SPD16_eabi.lib
       _printfi.c.obj                 4851    0         0      
       memory.c.obj                   728     0         8      
       fd_add_t2.asm.obj              438     0         0      
       fd_div_t2.asm.obj              310     0         0      
       s_scalbn.c.obj                 272     0         0      
       fd_cmp_t2.asm.obj              268     0         0      
       ctype.c.obj                    0       257       0      
       fd_mul_t2.asm.obj              252     0         0      
       memcpy_t2.asm.obj              156     0         0      
       ull_div_t2.asm.obj             150     0         0      
       vsnprintf.c.obj                136     0         0      
       memset_t2.asm.obj              122     0         0      
       fd_tos_t2.asm.obj              110     0         0      
       copy_decompress_lzss.c.obj     104     0         0      
       s_frexp.c.obj                  100     0         0      
       sprintf.c.obj                  98      0         0      
       _ltoa.c.obj                    84      0         0      
       atoi.c.obj                     76      0         0      
       fd_toi_t2.asm.obj              72      0         0      
       autoinit.c.obj                 68      0         0      
       fs_tod_t2.asm.obj              56      0         0      
       boot_cortex_m.c.obj            52      0         0      
       i_tofd_t2.asm.obj              46      0         0      
       copy_zero_init.c.obj           28      0         0      
       memccpy.c.obj                  28      0         0      
       s_copysign.c.obj               26      0         0      
       strcmp.c.obj                   24      0         0      
       strchr.c.obj                   22      0         0      
       strcpy.c.obj                   20      0         0      
       strlen.c.obj                   20      0         0      
       wcslen.c.obj                   18      0         0      
       copy_decompress_none.c.obj     14      0         0      
       errno.c.obj                    8       0         4      
       _lock.c.obj                    2       0         8      
       exit.c.obj                     4       0         0      
       pre_init.c.obj                 4       0         0      
       div0.asm.obj                   2       0         0      
    +--+------------------------------+-------+---------+---------+
       Total:                         8769    257       20     
                                                               
       Heap:                          0       0         4096   
       Stack:                         0       0         4096   
       Linker Generated:              0       83        0      
    +--+------------------------------+-------+---------+---------+
       Grand Total:                   17485   983       9014   


LINKER GENERATED COPY TABLES

__TI_cinit_table @ 00004820 records: 3, size/record: 8, table size: 24
	.data: load addr=000047e0, load size=0000001f bytes, run addr=200022fc, run size=00000041 bytes, compression=lzss
	.bss: load addr=00004810, load size=00000008 bytes, run addr=20002270, run size=00000089 bytes, compression=zero_init
	.vtable: load addr=00004818, load size=00000008 bytes, run addr=20000000, run size=0000026c bytes, compression=zero_init


LINKER GENERATED HANDLER TABLE

__TI_handler_table @ 00004800 records: 3, size/record: 4, table size: 12
	index: 0, handler: __TI_zero_init
	index: 1, handler: __TI_decompress_lzss
	index: 2, handler: __TI_decompress_none


GLOBAL SYMBOLS: SORTED ALPHABETICALLY BY Name 

address   name                          
-------   ----                          
00003755  ADC0SS0_Handler               
000046c1  C$$EXIT                       
00004689  CPUcpsie                      
00000bc3  GPIOF_Handler                 
0000465b  IntMasterEnable               
0000444d  IntRegister                   
00004695  ResetISR                      
00002ba5  TIMER3B_Handler               
0000311b  UART1_Handler                 
20001270  __STACK_END                   
00001000  __STACK_SIZE                  
20000470  __STACK_TOP                   
00001000  __SYSMEM_SIZE                 
00004820  __TI_CINIT_Base               
00004838  __TI_CINIT_Limit              
00004800  __TI_Handler_Table_Base       
0000480c  __TI_Handler_Table_Limit      
000042d9  __TI_auto_init_nobinit_nopinit
0000407d  __TI_decompress_lzss          
0000467b  __TI_decompress_none          
0000419f  __TI_ltoa                     
ffffffff  __TI_pprof_out_hndl           
00000e8d  __TI_printfi                  
ffffffff  __TI_prof_data_size           
ffffffff  __TI_prof_data_start          
00000000  __TI_static_base__            
0000453d  __TI_zero_init_nomemset       
00003da9  __aeabi_cdcmpeq               
00003da9  __aeabi_cdcmple               
00003e2f  __aeabi_cdrcmple              
0000400f  __aeabi_d2f                   
00004291  __aeabi_d2iz                  
00002e7b  __aeabi_dadd                  
00003461  __aeabi_ddiv                  
000039e5  __aeabi_dmul                  
00002e71  __aeabi_dsub                  
000046ad  __aeabi_errno_addr            
00004415  __aeabi_f2d                   
000044e5  __aeabi_i2d                   
00003027  __aeabi_idiv0                 
00003027  __aeabi_ldiv0                 
00003eb5  __aeabi_memclr                
00003eb5  __aeabi_memclr4               
00003eb5  __aeabi_memclr8               
00003c77  __aeabi_memcpy                
00003c77  __aeabi_memcpy4               
00003c77  __aeabi_memcpy8               
00003eb7  __aeabi_memset                
00003eb7  __aeabi_memset4               
00003eb7  __aeabi_memset8               
00003d13  __aeabi_uldivmod              
ffffffff  __binit__                     
ffffffff  __c_args__                    
UNDEFED   __mpu_init                    
20000270  __stack                       
20000000  __start___llvm_prf_cnts       
20000000  __stop___llvm_prf_cnts        
00004481  _c_int00_noargs               
000046c4  _ctypes_                      
2000231c  _lock                         
000018db  _nop                          
2000233c  _running                      
20001270  _sys_memory                   
UNDEFED   _system_post_cinit            
000046bd  _system_pre_init              
200022dc  _timeout_ticks                
20002320  _unlock                       
000046c1  abort                         
000038e5  aligned_alloc                 
00004245  atoi                          
ffffffff  binit                         
000043dd  calloc                        
00001ab9  collision_setection           
2000232c  command_byte                  
20002330  command_flag                  
00004591  copysign                      
00004591  copysignl                     
000026e5  cyBOT_SERVO_cal               
00002673  cyBOT_Scan                    
0000261b  cyBOT_init_Scan               
20002334  cyBOT_scan_features           
0000260d  cyBOT_scan_version            
20002338  errno                         
200022e0  fallingEdge                   
00003ae1  free                          
000040e5  frexp                         
000040e5  frexpl                        
20000000  g_pfnRAMVectors               
00000000  g_pfnVectors                  
0000097f  go_charge                     
0000376b  ir_enableInterrupt            
0000374d  ir_getDistance                
00003725  ir_getValue                   
000036bd  ir_init                       
200022f8  isRisingEdge                  
200022e4  isr_int_value                 
0000466b  lcd_clear                     
00002249  lcd_gotoLine                  
000020b1  lcd_init                      
000022af  lcd_printf                    
00002171  lcd_putc                      
000021a9  lcd_puts                      
00002075  lcd_reverseNibble             
000021c7  lcd_sendCommand               
00002205  lcd_sendNibble                
00002271  lcd_setCursorPos              
000037d5  ldexp                         
000037d5  ldexpl                        
200022e8  left_calibration_value        
00001d49  main                          
000046b5  malloc                        
000038e5  memalign                      
00004575  memccpy                       
00003c77  memcpy                        
00003ebd  memset                        
200022fc  motor_cal_factor_L            
20002300  motor_cal_factor_R            
0000195f  move_back                     
000018dd  move_forward                  
0000026d  oi_alloc                      
00000aa9  oi_checkFirmware              
000002c7  oi_close                      
00000279  oi_free                       
00000ded  oi_getMotorCalibrationLeft    
00000e01  oi_getMotorCalibrationRight   
000002b1  oi_init                       
00000289  oi_init_noupdate              
00000915  oi_loadSong                   
000045db  oi_parseInt                   
0000032b  oi_parsePacket                
0000096b  oi_play_song                  
0000084b  oi_setLeds                    
00000db1  oi_setMotorCalibration        
0000088f  oi_setWheels                  
00000b51  oi_shutoff_init               
0000098d  oi_uartInit                   
00000a31  oi_uartReceive                
00000a77  oi_uartSendBuff               
00000a15  oi_uartSendChar               
00000a59  oi_uartSendStr                
000002d9  oi_update                     
00002bf7  ping_getDistance              
00002ab5  ping_init                     
00002b3b  ping_trigger                  
200022ec  pulseLength                   
00001c61  putty_print                   
00001c85  putty_scan                    
200022f0  right_calibration_value       
200022f4  risingEdge                    
000037d5  scalbn                        
000037d5  scalbnl                       
000031cd  servo_init                    
0000325d  servo_move                    
000032bd  servo_setPWM                  
00003251  servo_stop                    
0000431d  sprintf                       
0000460b  strchr                        
000045f3  strcmp                        
00004621  strcpy                        
00004635  strlen                        
0000298b  timer_getMicros               
00002933  timer_getMillis               
0000286d  timer_init                    
0000290f  timer_pause                   
00002921  timer_resume                  
000028e5  timer_stop                    
000029e5  timer_waitMicros              
00002a17  timer_waitMillis              
00001a3d  turn_left                     
000019cf  turn_right                    
00003029  uart_interrupt_init           
000030fb  uart_receive_nonblocking      
000030df  uart_sendChar                 
000030fd  uart_sendStr                  
0000435d  vsnprintf                     
00004649  wcslen                        


GLOBAL SYMBOLS: SORTED BY Symbol Address 

address   name                          
-------   ----                          
00000000  __TI_static_base__            
00000000  g_pfnVectors                  
0000026d  oi_alloc                      
00000279  oi_free                       
00000289  oi_init_noupdate              
000002b1  oi_init                       
000002c7  oi_close                      
000002d9  oi_update                     
0000032b  oi_parsePacket                
0000084b  oi_setLeds                    
0000088f  oi_setWheels                  
00000915  oi_loadSong                   
0000096b  oi_play_song                  
0000097f  go_charge                     
0000098d  oi_uartInit                   
00000a15  oi_uartSendChar               
00000a31  oi_uartReceive                
00000a59  oi_uartSendStr                
00000a77  oi_uartSendBuff               
00000aa9  oi_checkFirmware              
00000b51  oi_shutoff_init               
00000bc3  GPIOF_Handler                 
00000db1  oi_setMotorCalibration        
00000ded  oi_getMotorCalibrationLeft    
00000e01  oi_getMotorCalibrationRight   
00000e8d  __TI_printfi                  
00001000  __STACK_SIZE                  
00001000  __SYSMEM_SIZE                 
000018db  _nop                          
000018dd  move_forward                  
0000195f  move_back                     
000019cf  turn_right                    
00001a3d  turn_left                     
00001ab9  collision_setection           
00001c61  putty_print                   
00001c85  putty_scan                    
00001d49  main                          
00002075  lcd_reverseNibble             
000020b1  lcd_init                      
00002171  lcd_putc                      
000021a9  lcd_puts                      
000021c7  lcd_sendCommand               
00002205  lcd_sendNibble                
00002249  lcd_gotoLine                  
00002271  lcd_setCursorPos              
000022af  lcd_printf                    
0000260d  cyBOT_scan_version            
0000261b  cyBOT_init_Scan               
00002673  cyBOT_Scan                    
000026e5  cyBOT_SERVO_cal               
0000286d  timer_init                    
000028e5  timer_stop                    
0000290f  timer_pause                   
00002921  timer_resume                  
00002933  timer_getMillis               
0000298b  timer_getMicros               
000029e5  timer_waitMicros              
00002a17  timer_waitMillis              
00002ab5  ping_init                     
00002b3b  ping_trigger                  
00002ba5  TIMER3B_Handler               
00002bf7  ping_getDistance              
00002e71  __aeabi_dsub                  
00002e7b  __aeabi_dadd                  
00003027  __aeabi_idiv0                 
00003027  __aeabi_ldiv0                 
00003029  uart_interrupt_init           
000030df  uart_sendChar                 
000030fb  uart_receive_nonblocking      
000030fd  uart_sendStr                  
0000311b  UART1_Handler                 
000031cd  servo_init                    
00003251  servo_stop                    
0000325d  servo_move                    
000032bd  servo_setPWM                  
00003461  __aeabi_ddiv                  
000036bd  ir_init                       
00003725  ir_getValue                   
0000374d  ir_getDistance                
00003755  ADC0SS0_Handler               
0000376b  ir_enableInterrupt            
000037d5  ldexp                         
000037d5  ldexpl                        
000037d5  scalbn                        
000037d5  scalbnl                       
000038e5  aligned_alloc                 
000038e5  memalign                      
000039e5  __aeabi_dmul                  
00003ae1  free                          
00003c77  __aeabi_memcpy                
00003c77  __aeabi_memcpy4               
00003c77  __aeabi_memcpy8               
00003c77  memcpy                        
00003d13  __aeabi_uldivmod              
00003da9  __aeabi_cdcmpeq               
00003da9  __aeabi_cdcmple               
00003e2f  __aeabi_cdrcmple              
00003eb5  __aeabi_memclr                
00003eb5  __aeabi_memclr4               
00003eb5  __aeabi_memclr8               
00003eb7  __aeabi_memset                
00003eb7  __aeabi_memset4               
00003eb7  __aeabi_memset8               
00003ebd  memset                        
0000400f  __aeabi_d2f                   
0000407d  __TI_decompress_lzss          
000040e5  frexp                         
000040e5  frexpl                        
0000419f  __TI_ltoa                     
00004245  atoi                          
00004291  __aeabi_d2iz                  
000042d9  __TI_auto_init_nobinit_nopinit
0000431d  sprintf                       
0000435d  vsnprintf                     
000043dd  calloc                        
00004415  __aeabi_f2d                   
0000444d  IntRegister                   
00004481  _c_int00_noargs               
000044e5  __aeabi_i2d                   
0000453d  __TI_zero_init_nomemset       
00004575  memccpy                       
00004591  copysign                      
00004591  copysignl                     
000045db  oi_parseInt                   
000045f3  strcmp                        
0000460b  strchr                        
00004621  strcpy                        
00004635  strlen                        
00004649  wcslen                        
0000465b  IntMasterEnable               
0000466b  lcd_clear                     
0000467b  __TI_decompress_none          
00004689  CPUcpsie                      
00004695  ResetISR                      
000046ad  __aeabi_errno_addr            
000046b5  malloc                        
000046bd  _system_pre_init              
000046c1  C$$EXIT                       
000046c1  abort                         
000046c4  _ctypes_                      
00004800  __TI_Handler_Table_Base       
0000480c  __TI_Handler_Table_Limit      
00004820  __TI_CINIT_Base               
00004838  __TI_CINIT_Limit              
20000000  __start___llvm_prf_cnts       
20000000  __stop___llvm_prf_cnts        
20000000  g_pfnRAMVectors               
20000270  __stack                       
20000470  __STACK_TOP                   
20001270  __STACK_END                   
20001270  _sys_memory                   
200022dc  _timeout_ticks                
200022e0  fallingEdge                   
200022e4  isr_int_value                 
200022e8  left_calibration_value        
200022ec  pulseLength                   
200022f0  right_calibration_value       
200022f4  risingEdge                    
200022f8  isRisingEdge                  
200022fc  motor_cal_factor_L            
20002300  motor_cal_factor_R            
2000231c  _lock                         
20002320  _unlock                       
2000232c  command_byte                  
20002330  command_flag                  
20002334  cyBOT_scan_features           
20002338  errno                         
2000233c  _running                      
ffffffff  __TI_pprof_out_hndl           
ffffffff  __TI_prof_data_size           
ffffffff  __TI_prof_data_start          
ffffffff  __binit__                     
ffffffff  __c_args__                    
ffffffff  binit                         
UNDEFED   __mpu_init                    
UNDEFED   _system_post_cinit            

[176 symbols]
