******************************************************************************
                  TI ARM Linker PC v20.2.7                     
******************************************************************************
>> Linked Thu Apr  4 15:57:51 2024

OUTPUT FILE NAME:   <Lab9.out>
ENTRY POINT SYMBOL: "_c_int00_noargs"  address: 000027b5


MEMORY CONFIGURATION

         name            origin    length      used     unused   attr    fill
----------------------  --------  ---------  --------  --------  ----  --------
  FLASH                 00000000   00040000  00002ad9  0003d527  R  X
  SRAM                  20000000   00008000  000022df  00005d21  RW X


SEGMENT ALLOCATION MAP

run origin  load origin   length   init length attrs members
----------  ----------- ---------- ----------- ----- -------
00000000    00000000    00002ae0   00002ae0    r-x
  00000000    00000000    0000026c   0000026c    r-- .intvecs
  0000026c    0000026c    0000271c   0000271c    r-x .text
  00002988    00002988    00000109   00000109    r-- .const
  00002a98    00002a98    00000048   00000048    r-- .cinit
20000000    20000000    000022e5   00000000    rw-
  20000000    20000000    0000026c   00000000    rw- .vtable
  20000270    20000270    00001000   00000000    rw- .stack
  20001270    20001270    00001000   00000000    rw- .sysmem
  20002270    20002270    0000005a   00000000    rw- .bss
  200022cc    200022cc    00000019   00000000    rw- .data


SECTION ALLOCATION MAP

 output                                  attributes/
section   page    origin      length       input sections
--------  ----  ----------  ----------   ----------------
.intvecs   0    00000000    0000026c     
                  00000000    0000026c     tm4c123gh6pm_startup_ccs.obj (.intvecs)

.text      0    0000026c    0000271c     
                  0000026c    00000a4e     rtsv7M4_T_le_v4SPD16_eabi.lib : _printfi.c.obj (.text:__TI_printfi)
                  00000cba    00000002                                   : div0.asm.obj (.text)
                  00000cbc    00000328     lcd.obj (.text)
                  00000fe4    00000288     ping_template.obj (.text)
                  0000126c    00000270     rtsv7M4_T_le_v4SPD16_eabi.lib : _printfi.c.obj (.text:_pconv_a)
                  000014dc    00000248     Timer.obj (.text)
                  00001724    000001d0     rtsv7M4_T_le_v4SPD16_eabi.lib : _printfi.c.obj (.text:_pconv_g)
                  000018f4    000001b6                                   : fd_add_t2.asm.obj (.text)
                  00001aaa    00000002     --HOLE-- [fill = 0]
                  00001aac    0000013c                                   : _printfi.c.obj (.text:_pconv_e)
                  00001be8    00000136                                   : fd_div_t2.asm.obj (.text)
                  00001d1e    00000002     --HOLE-- [fill = 0]
                  00001d20    00000124                                   : _printfi.c.obj (.text:fcvt)
                  00001e44    00000110                                   : s_scalbn.c.obj (.text:scalbn)
                  00001f54    000000fc                                   : fd_mul_t2.asm.obj (.text)
                  00002050    000000b1                                   : _printfi.c.obj (.text:_ltostr)
                  00002101    00000001     --HOLE-- [fill = 0]
                  00002102    0000009c                                   : memcpy_t2.asm.obj (.text)
                  0000219e    00000096                                   : ull_div_t2.asm.obj (.text)
                  00002234    00000086                                   : fd_cmp_t2.asm.obj (.text:__aeabi_cdcmple)
                  000022ba    00000086                                   : fd_cmp_t2.asm.obj (.text:__aeabi_cdrcmple)
                  00002340    0000007a                                   : memset_t2.asm.obj (.text)
                  000023ba    0000006e                                   : _printfi.c.obj (.text:_mcpy)
                  00002428    00000068                                   : copy_decompress_lzss.c.obj (.text:decompress:lzss:__TI_decompress_lzss)
                  00002490    00000064                                   : s_frexp.c.obj (.text:frexp)
                  000024f4    00000056                                   : _printfi.c.obj (.text:_pconv_f)
                  0000254a    00000054                                   : _ltoa.c.obj (.text:__TI_ltoa)
                  0000259e    00000052                                   : _printfi.c.obj (.text:_ecpy)
                  000025f0    0000004c                                   : atoi.c.obj (.text:atoi)
                  0000263c    00000048                                   : fd_toi_t2.asm.obj (.text)
                  00002684    00000044                                   : autoinit.c.obj (.text:__TI_auto_init_nobinit_nopinit:__TI_auto_init_nobinit_nopinit)
                  000026c8    00000040                                   : vsnprintf.c.obj (.text:vsnprintf)
                  00002708    0000003e                                   : _printfi.c.obj (.text:_fcpy)
                  00002746    00000038                                   : fs_tod_t2.asm.obj (.text)
                  0000277e    00000002     --HOLE-- [fill = 0]
                  00002780    00000034     driverlib.lib : interrupt.obj (.text:IntRegister)
                  000027b4    00000034     rtsv7M4_T_le_v4SPD16_eabi.lib : boot_cortex_m.c.obj (.text:_c_int00_noargs:_c_int00_noargs)
                  000027e8    00000030                                   : vsnprintf.c.obj (.text:_outs)
                  00002818    0000002e                                   : i_tofd_t2.asm.obj (.text)
                  00002846    0000001c                                   : copy_zero_init.c.obj (.text:decompress:ZI:__TI_zero_init_nomemset:__TI_zero_init_nomemset)
                  00002862    0000001c                                   : memccpy.c.obj (.text:memccpy)
                  0000287e    0000001a                                   : s_copysign.c.obj (.text:copysign)
                  00002898    0000001a     lab9_template.obj (.text)
                  000028b2    00000018     rtsv7M4_T_le_v4SPD16_eabi.lib : vsnprintf.c.obj (.text:_outc)
                  000028ca    00000018                                   : strcmp.c.obj (.text:strcmp)
                  000028e2    00000016                                   : strchr.c.obj (.text:strchr)
                  000028f8    00000014                                   : strcpy.c.obj (.text:strcpy)
                  0000290c    00000014                                   : strlen.c.obj (.text:strlen)
                  00002920    00000012                                   : wcslen.c.obj (.text:wcslen)
                  00002932    00000010     driverlib.lib : interrupt.obj (.text:IntMasterEnable)
                  00002942    00000010     lcd.obj (.text:lcd_clear)
                  00002952    0000000e     rtsv7M4_T_le_v4SPD16_eabi.lib : copy_decompress_none.c.obj (.text:decompress:none:__TI_decompress_none)
                  00002960    0000000c     driverlib.lib : cpu.obj (.text:CPUcpsie)
                  0000296c    0000000c     tm4c123gh6pm_startup_ccs.obj (.text)
                  00002978    00000008     rtsv7M4_T_le_v4SPD16_eabi.lib : errno.c.obj (.text:__aeabi_errno_addr)
                  00002980    00000004                                   : pre_init.c.obj (.text:_system_pre_init)
                  00002984    00000004                                   : exit.c.obj (.text:abort:abort)

.const     0    00002988    00000109     
                  00002988    00000101     rtsv7M4_T_le_v4SPD16_eabi.lib : ctype.c.obj (.const:.string:_ctypes_)
                  00002a89    00000004     lcd.obj (.const:.string:lineAddress$1)
                  00002a8d    00000004     lcd.obj (.const:.string:lineAddresses$2)

.cinit     0    00002a98    00000048     
                  00002a98    0000000e     (.cinit..data.load) [load image, compression = lzss]
                  00002aa6    00000002     --HOLE-- [fill = 0]
                  00002aa8    0000000c     (__TI_handler_table)
                  00002ab4    00000004     --HOLE-- [fill = 0]
                  00002ab8    00000008     (.cinit..bss.load) [load image, compression = zero_init]
                  00002ac0    00000008     (.cinit..vtable.load) [load image, compression = zero_init]
                  00002ac8    00000018     (__TI_cinit_table)

.init_array 
*          0    00000000    00000000     UNINITIALIZED

.vtable    0    20000000    0000026c     UNINITIALIZED
                  20000000    0000026c     driverlib.lib : interrupt.obj (.vtable)

.stack     0    20000270    00001000     UNINITIALIZED
                  20000270    00000004     rtsv7M4_T_le_v4SPD16_eabi.lib : boot_cortex_m.c.obj (.stack)
                  20000274    00000ffc     --HOLE--

.sysmem    0    20001270    00001000     UNINITIALIZED
                  20001270    00000010     rtsv7M4_T_le_v4SPD16_eabi.lib : memory.c.obj (.sysmem)
                  20001280    00000ff0     --HOLE--

.bss       0    20002270    0000005a     UNINITIALIZED
                  20002270    00000054     lcd.obj (.bss:lastbuffer$3)
                  200022c4    00000004     (.common:_timeout_ticks)
                  200022c8    00000002     (.common:ping_flag)

.data      0    200022cc    00000019     UNINITIALIZED
                  200022cc    00000014     ping_template.obj (.data)
                  200022e0    00000004     rtsv7M4_T_le_v4SPD16_eabi.lib : errno.c.obj (.data)
                  200022e4    00000001     Timer.obj (.data)

__llvm_prf_cnts 
*          0    20000000    00000000     UNINITIALIZED

MODULE SUMMARY

       Module                         code    ro data   rw data
       ------                         ----    -------   -------
    .\
       lcd.obj                        824     8         84     
       ping_template.obj              648     0         22     
       tm4c123gh6pm_startup_ccs.obj   12      620       0      
       Timer.obj                      584     0         5      
       lab9_template.obj              26      0         0      
    +--+------------------------------+-------+---------+---------+
       Total:                         2094    628       111    
                                                               
    C:/ti/TivaWare_C_Series-2.2.0.295/driverlib/ccs/Debug/driverlib.lib
       interrupt.obj                  68      0         620    
       cpu.obj                        12      0         0      
    +--+------------------------------+-------+---------+---------+
       Total:                         80      0         620    
                                                               
    C:\ti\ccs1230\ccs\tools\compiler\ti-cgt-arm_20.2.7.LTS\lib\rtsv7M4_T_le_v4SPD16_eabi.lib
       _printfi.c.obj                 4851    0         0      
       fd_add_t2.asm.obj              438     0         0      
       fd_div_t2.asm.obj              310     0         0      
       s_scalbn.c.obj                 272     0         0      
       fd_cmp_t2.asm.obj              268     0         0      
       ctype.c.obj                    0       257       0      
       fd_mul_t2.asm.obj              252     0         0      
       memcpy_t2.asm.obj              156     0         0      
       ull_div_t2.asm.obj             150     0         0      
       vsnprintf.c.obj                136     0         0      
       memset_t2.asm.obj              122     0         0      
       copy_decompress_lzss.c.obj     104     0         0      
       s_frexp.c.obj                  100     0         0      
       _ltoa.c.obj                    84      0         0      
       atoi.c.obj                     76      0         0      
       fd_toi_t2.asm.obj              72      0         0      
       autoinit.c.obj                 68      0         0      
       fs_tod_t2.asm.obj              56      0         0      
       boot_cortex_m.c.obj            52      0         0      
       i_tofd_t2.asm.obj              46      0         0      
       copy_zero_init.c.obj           28      0         0      
       memccpy.c.obj                  28      0         0      
       s_copysign.c.obj               26      0         0      
       strcmp.c.obj                   24      0         0      
       strchr.c.obj                   22      0         0      
       strcpy.c.obj                   20      0         0      
       strlen.c.obj                   20      0         0      
       wcslen.c.obj                   18      0         0      
       copy_decompress_none.c.obj     14      0         0      
       errno.c.obj                    8       0         4      
       exit.c.obj                     4       0         0      
       pre_init.c.obj                 4       0         0      
       div0.asm.obj                   2       0         0      
    +--+------------------------------+-------+---------+---------+
       Total:                         7831    257       4      
                                                               
       Heap:                          0       0         4096   
       Stack:                         0       0         4096   
       Linker Generated:              0       66        0      
    +--+------------------------------+-------+---------+---------+
       Grand Total:                   10005   951       8927   


LINKER GENERATED COPY TABLES

__TI_cinit_table @ 00002ac8 records: 3, size/record: 8, table size: 24
	.data: load addr=00002a98, load size=0000000e bytes, run addr=200022cc, run size=00000019 bytes, compression=lzss
	.bss: load addr=00002ab8, load size=00000008 bytes, run addr=20002270, run size=0000005a bytes, compression=zero_init
	.vtable: load addr=00002ac0, load size=00000008 bytes, run addr=20000000, run size=0000026c bytes, compression=zero_init


LINKER GENERATED HANDLER TABLE

__TI_handler_table @ 00002aa8 records: 3, size/record: 4, table size: 12
	index: 0, handler: __TI_zero_init
	index: 1, handler: __TI_decompress_lzss
	index: 2, handler: __TI_decompress_none


GLOBAL SYMBOLS: SORTED ALPHABETICALLY BY Name 

address   name                          
-------   ----                          
00002985  C$$EXIT                       
00002961  CPUcpsie                      
200022d0  END_TIME                      
00002933  IntMasterEnable               
00002781  IntRegister                   
0000296d  ResetISR                      
200022cc  START_TIME                    
200022d4  STATE                         
00001141  TIMER3B_Handler               
20001270  __STACK_END                   
00001000  __STACK_SIZE                  
20000470  __STACK_TOP                   
00001000  __SYSMEM_SIZE                 
00002ac8  __TI_CINIT_Base               
00002ae0  __TI_CINIT_Limit              
00002aa8  __TI_Handler_Table_Base       
00002ab4  __TI_Handler_Table_Limit      
00002685  __TI_auto_init_nobinit_nopinit
00002429  __TI_decompress_lzss          
00002953  __TI_decompress_none          
0000254b  __TI_ltoa                     
ffffffff  __TI_pprof_out_hndl           
0000026d  __TI_printfi                  
ffffffff  __TI_prof_data_size           
ffffffff  __TI_prof_data_start          
00000000  __TI_static_base__            
00002847  __TI_zero_init_nomemset       
00002235  __aeabi_cdcmpeq               
00002235  __aeabi_cdcmple               
000022bb  __aeabi_cdrcmple              
0000263d  __aeabi_d2iz                  
000018ff  __aeabi_dadd                  
00001be9  __aeabi_ddiv                  
00001f55  __aeabi_dmul                  
000018f5  __aeabi_dsub                  
00002979  __aeabi_errno_addr            
00002747  __aeabi_f2d                   
00002819  __aeabi_i2d                   
00000cbb  __aeabi_idiv0                 
00000cbb  __aeabi_ldiv0                 
00002341  __aeabi_memclr                
00002341  __aeabi_memclr4               
00002341  __aeabi_memclr8               
00002103  __aeabi_memcpy                
00002103  __aeabi_memcpy4               
00002103  __aeabi_memcpy8               
00002343  __aeabi_memset                
00002343  __aeabi_memset4               
00002343  __aeabi_memset8               
0000219f  __aeabi_uldivmod              
ffffffff  __binit__                     
ffffffff  __c_args__                    
UNDEFED   __mpu_init                    
20000270  __stack                       
20000000  __start___llvm_prf_cnts       
20000000  __stop___llvm_prf_cnts        
000027b5  _c_int00_noargs               
00002988  _ctypes_                      
200022e4  _running                      
20001270  _sys_memory                   
UNDEFED   _system_post_cinit            
00002981  _system_pre_init              
200022c4  _timeout_ticks                
00002985  abort                         
000025f1  atoi                          
ffffffff  binit                         
0000287f  copysign                      
0000287f  copysignl                     
200022e0  errno                         
00002491  frexp                         
00002491  frexpl                        
20000000  g_pfnRAMVectors               
00000000  g_pfnVectors                  
00002943  lcd_clear                     
00000e91  lcd_gotoLine                  
00000cf9  lcd_init                      
00000ef7  lcd_printf                    
00000db9  lcd_putc                      
00000df1  lcd_puts                      
00000cbd  lcd_reverseNibble             
00000e0f  lcd_sendCommand               
00000e4d  lcd_sendNibble                
00000eb9  lcd_setCursorPos              
00001e45  ldexp                         
00001e45  ldexpl                        
00002899  main                          
00002863  memccpy                       
00002103  memcpy                        
00002349  memset                        
200022c8  ping_flag                     
0000117f  ping_getDistance              
00000fe5  ping_init                     
000010b3  ping_trigger                  
00001e45  scalbn                        
00001e45  scalbnl                       
200022dc  scuffed                       
200022d8  started                       
000028e3  strchr                        
000028cb  strcmp                        
000028f9  strcpy                        
0000290d  strlen                        
000015fb  timer_getMicros               
000015a3  timer_getMillis               
000014dd  timer_init                    
0000157f  timer_pause                   
00001591  timer_resume                  
00001555  timer_stop                    
00001655  timer_waitMicros              
00001687  timer_waitMillis              
000026c9  vsnprintf                     
00002921  wcslen                        


GLOBAL SYMBOLS: SORTED BY Symbol Address 

address   name                          
-------   ----                          
00000000  __TI_static_base__            
00000000  g_pfnVectors                  
0000026d  __TI_printfi                  
00000cbb  __aeabi_idiv0                 
00000cbb  __aeabi_ldiv0                 
00000cbd  lcd_reverseNibble             
00000cf9  lcd_init                      
00000db9  lcd_putc                      
00000df1  lcd_puts                      
00000e0f  lcd_sendCommand               
00000e4d  lcd_sendNibble                
00000e91  lcd_gotoLine                  
00000eb9  lcd_setCursorPos              
00000ef7  lcd_printf                    
00000fe5  ping_init                     
00001000  __STACK_SIZE                  
00001000  __SYSMEM_SIZE                 
000010b3  ping_trigger                  
00001141  TIMER3B_Handler               
0000117f  ping_getDistance              
000014dd  timer_init                    
00001555  timer_stop                    
0000157f  timer_pause                   
00001591  timer_resume                  
000015a3  timer_getMillis               
000015fb  timer_getMicros               
00001655  timer_waitMicros              
00001687  timer_waitMillis              
000018f5  __aeabi_dsub                  
000018ff  __aeabi_dadd                  
00001be9  __aeabi_ddiv                  
00001e45  ldexp                         
00001e45  ldexpl                        
00001e45  scalbn                        
00001e45  scalbnl                       
00001f55  __aeabi_dmul                  
00002103  __aeabi_memcpy                
00002103  __aeabi_memcpy4               
00002103  __aeabi_memcpy8               
00002103  memcpy                        
0000219f  __aeabi_uldivmod              
00002235  __aeabi_cdcmpeq               
00002235  __aeabi_cdcmple               
000022bb  __aeabi_cdrcmple              
00002341  __aeabi_memclr                
00002341  __aeabi_memclr4               
00002341  __aeabi_memclr8               
00002343  __aeabi_memset                
00002343  __aeabi_memset4               
00002343  __aeabi_memset8               
00002349  memset                        
00002429  __TI_decompress_lzss          
00002491  frexp                         
00002491  frexpl                        
0000254b  __TI_ltoa                     
000025f1  atoi                          
0000263d  __aeabi_d2iz                  
00002685  __TI_auto_init_nobinit_nopinit
000026c9  vsnprintf                     
00002747  __aeabi_f2d                   
00002781  IntRegister                   
000027b5  _c_int00_noargs               
00002819  __aeabi_i2d                   
00002847  __TI_zero_init_nomemset       
00002863  memccpy                       
0000287f  copysign                      
0000287f  copysignl                     
00002899  main                          
000028cb  strcmp                        
000028e3  strchr                        
000028f9  strcpy                        
0000290d  strlen                        
00002921  wcslen                        
00002933  IntMasterEnable               
00002943  lcd_clear                     
00002953  __TI_decompress_none          
00002961  CPUcpsie                      
0000296d  ResetISR                      
00002979  __aeabi_errno_addr            
00002981  _system_pre_init              
00002985  C$$EXIT                       
00002985  abort                         
00002988  _ctypes_                      
00002aa8  __TI_Handler_Table_Base       
00002ab4  __TI_Handler_Table_Limit      
00002ac8  __TI_CINIT_Base               
00002ae0  __TI_CINIT_Limit              
20000000  __start___llvm_prf_cnts       
20000000  __stop___llvm_prf_cnts        
20000000  g_pfnRAMVectors               
20000270  __stack                       
20000470  __STACK_TOP                   
20001270  __STACK_END                   
20001270  _sys_memory                   
200022c4  _timeout_ticks                
200022c8  ping_flag                     
200022cc  START_TIME                    
200022d0  END_TIME                      
200022d4  STATE                         
200022d8  started                       
200022dc  scuffed                       
200022e0  errno                         
200022e4  _running                      
ffffffff  __TI_pprof_out_hndl           
ffffffff  __TI_prof_data_size           
ffffffff  __TI_prof_data_start          
ffffffff  __binit__                     
ffffffff  __c_args__                    
ffffffff  binit                         
UNDEFED   __mpu_init                    
UNDEFED   _system_post_cinit            

[111 symbols]
